******************************************************************************
                  TI ARM Linker PC v20.2.2                     
******************************************************************************
>> Linked Mon Nov  8 21:51:40 2021

OUTPUT FILE NAME:   <project_zero_MSP_EXP432E401Y_tirtos_ccs.out>
ENTRY POINT SYMBOL: "_c_int00"  address: 00028c35


MEMORY CONFIGURATION

         name            origin    length      used     unused   attr    fill
----------------------  --------  ---------  --------  --------  ----  --------
  FLASH                 00000000   00100000  0002cc9e  000d3362  R  X
  SRAM                  20000000   00040000  00021ea1  0001e15f  RW X


SEGMENT ALLOCATION MAP

run origin  load origin   length   init length attrs members
----------  ----------- ---------- ----------- ----- -------
00000000    00000000    0002cca8   0002cca8    r-x
  00000000    00000000    0000003c   0000003c    r-- .resetVecs
  0000003c    0000003c    00020b60   00020b60    r-- .const
  00020ba0    00020ba0    0000bd12   0000bd12    r-x .text
  0002c8b8    0002c8b8    000003f0   000003f0    r-- .cinit
20000360    20000360    00020000   00000000    r--
  20000360    20000360    00020000   00000000    r-- .priheap
20020360    20020360    00001743   00000000    rw-
  20020360    20020360    00000dea   00000000    rw- .bss
  2002114c    2002114c    00000957   00000000    rw- .data
2003fc00    2003fc00    00000400   00000000    rw-
  2003fc00    2003fc00    00000400   00000000    rw- .stack


SECTION ALLOCATION MAP

 output                                  attributes/
section   page    origin      length       input sections
--------  ----  ----------  ----------   ----------------
.const     0    0000003c    00020b60     
                  0000003c    00020000     cc2640r2lp_simple_np_uart_pm_sbl.obj (.const:.string:SNP_code)
                  0002003c    00000210     sysbios.aem4f : BIOS.obj (.const:$O2$$)
                  0002024c    00000101     rtsv7M4_T_le_v4SPD16_eabi.lib : ctype.c.obj (.const:.string:_ctypes_)
                  0002034d    00000003     drivers_msp432e4.aem4f : GPIOMSP432E4.oem4f (.const:.string:gpioCfgInputTypes)
                  00020350    00000058     MSP_EXP432E401Y.obj (.const:uartMSP432E4HWAttrs)
                  000203a8    00000048     msp432e4_driverlib.a : gpio_MSP432E411Y.obj (.const:g_pui32GPIOBaseAddrs)
                  000203f0    00000048     drivers_msp432e4.aem4f : GPIOMSP432E4.oem4f (.const:gpioBaseAddresses)
                  00020438    00000048                            : GPIOMSP432E4.oem4f (.const:powerMgrIds)
                  00020480    00000044     release_pem4f.oem4f (.const:ti_sysbios_knl_Task_Object__PARAMS__C)
                  000204c4    0000003c     npi_uart_pm_release.a : npi_task_posix.oem4f (.const:NPI_defaultParams)
                  00020500    00000034     release_pem4f.oem4f (.const:ti_sysbios_knl_Mailbox_Object__PARAMS__C)
                  00020534    00000030     release_pem4f.oem4f (.const:ti_sysbios_family_arm_m3_Hwi_Object__PARAMS__C)
                  00020564    00000030     release_pem4f.oem4f (.const:ti_sysbios_knl_Task_hooks__A)
                  00020594    00000030     MSP_EXP432E401Y.obj (.const:timerMSP432E4HWAttrs)
                  000205c4    00000028     drivers_msp432e4.aem4f : UARTMSP432E4.oem4f (.const:UARTMSP432E4_fxnTable)
                  000205ec    00000028     release_pem4f.oem4f (.const:ti_sysbios_heaps_HeapMem_Module__FXNS__C)
                  00020614    00000024     drivers_msp432e4.aem4f : PWMMSP432E4.oem4f (.const:PWMMSP432E4_fxnTable)
                  00020638    00000024     MSP_EXP432E401Y.obj (.const:Timer_config)
                  0002065c    00000024     drivers_msp432e4.aem4f : UART.oem4f (.const:UART_defaultParams)
                  00020680    00000024     release_pem4f.oem4f (.const:ti_sysbios_gates_GateHwi_Module__FXNS__C)
                  000206a4    00000024     release_pem4f.oem4f (.const:ti_sysbios_gates_GateMutex_Module__FXNS__C)
                  000206c8    00000024     release_pem4f.oem4f (.const:ti_sysbios_heaps_HeapMem_Object__PARAMS__C)
                  000206ec    00000024     release_pem4f.oem4f (.const:ti_sysbios_knl_Clock_Object__PARAMS__C)
                  00020710    00000024     release_pem4f.oem4f (.const:ti_sysbios_knl_Semaphore_Object__PARAMS__C)
                  00020734    00000020     drivers_msp432e4.aem4f : GPIOMSP432E4.oem4f (.const:.string:gpioInterruptVectors)
                  00020754    00000020     display.aem4f : DisplayUart.oem4f (.const:DisplayUartMin_fxnTable)
                  00020774    00000020     drivers_msp432e4.aem4f : UARTMSP432E4.oem4f (.const:staticFxnTable)
                  00020794    00000020     release_pem4f.oem4f (.const:ti_sysbios_family_arm_m3_Hwi_Object__DESC__C)
                  000207b4    00000020     release_pem4f.oem4f (.const:ti_sysbios_gates_GateHwi_Object__DESC__C)
                  000207d4    00000020     release_pem4f.oem4f (.const:ti_sysbios_gates_GateMutex_Object__DESC__C)
                  000207f4    00000020     release_pem4f.oem4f (.const:ti_sysbios_heaps_HeapMem_Object__DESC__C)
                  00020814    00000020     release_pem4f.oem4f (.const:ti_sysbios_knl_Clock_Object__DESC__C)
                  00020834    00000020     release_pem4f.oem4f (.const:ti_sysbios_knl_Mailbox_Object__DESC__C)
                  00020854    00000020     release_pem4f.oem4f (.const:ti_sysbios_knl_Queue_Object__DESC__C)
                  00020874    00000020     release_pem4f.oem4f (.const:ti_sysbios_knl_Semaphore_Object__DESC__C)
                  00020894    00000020     release_pem4f.oem4f (.const:ti_sysbios_knl_Task_Object__DESC__C)
                  000208b4    00000020     release_pem4f.oem4f (.const:xdc_runtime_Startup_sfxnTab__A)
                  000208d4    0000001c     drivers_msp432e4.aem4f : TimerMSP432E4.oem4f (.const:TimerMSP432E4_fxnTable)
                  000208f0    00000018                            : PWM.oem4f (.const:PWM_defaultParams)
                  00020908    00000018     MSP_EXP432E401Y.obj (.const:UART_config)
                  00020920    00000018     sap_uart_pm_release.a : sap.oem4f (.const:default_remUARTPort)
                  00020938    00000018     release_pem4f.oem4f (.const:ti_sysbios_gates_GateHwi_Object__PARAMS__C)
                  00020950    00000018     release_pem4f.oem4f (.const:ti_sysbios_gates_GateMutex_Object__PARAMS__C)
                  00020968    00000018     release_pem4f.oem4f (.const:ti_sysbios_knl_Queue_Object__PARAMS__C)
                  00020980    00000014     MSP_EXP432E401Y.obj (.const:GPIOMSP432E4_config)
                  00020994    00000014     MSP_EXP432E401Y.obj (.const:displayUartHWAttrs)
                  000209a8    00000014     drivers_msp432e4.aem4f : UARTMSP432E4.oem4f (.const:parityType)
                  000209bc    00000011     profile_util.obj (.const:.string:$P$T0$1)
                  000209cd    00000002     sbl_tl.obj (.const:.string:$P$T0$1)
                  000209cf    00000001     display.aem4f : Display.oem4f (.const:Display_defaultParams)
                  000209d0    00000010     cc2640r2lp_simple_np_uart_pm_sbl.obj (.const)
                  000209e0    00000010     drivers_msp432e4.aem4f : UARTMSP432E4.oem4f (.const:dataLength)
                  000209f0    00000010     MSP_EXP432E401Y.obj (.const:pwmMSP432E4HWAttrs)
                  00020a00    00000010     release_pem4f.oem4f (.const:xdc_runtime_Startup_firstFxns__A)
                  00020a10    00000010     release_pem4f.oem4f (.const:xdc_runtime_Startup_sfxnRts__A)
                  00020a20    0000000c     MSP_EXP432E401Y.obj (.const:Display_config)
                  00020a2c    0000000c     MSP_EXP432E401Y.obj (.const)
                  00020a38    0000000c     MSP_EXP432E401Y.obj (.const:PWM_config)
                  00020a44    0000000c     drivers_msp432e4.aem4f : Timer.oem4f (.const:defaultParams)
                  00020a50    0000000c     release_pem4f.oem4f (.const:ti_sysbios_knl_Idle_funcList__A)
                  00020a5c    00000008     MSP_EXP432E401Y.obj (.const:PowerMSP432E4_config)
                  00020a64    00000008     release_pem4f.oem4f (.const)
                  00020a6c    00000008     sbl_simplelink.obj (.const:sblPinsCfg)
                  00020a74    00000008     drivers_msp432e4.aem4f : UARTMSP432E4.oem4f (.const:stopBits)
                  00020a7c    00000008     release_pem4f.oem4f (.const:ti_sysbios_knl_Idle_funcList__C)
                  00020a84    00000008     release_pem4f.oem4f (.const:ti_sysbios_knl_Task_hooks__C)
                  00020a8c    00000008     release_pem4f.oem4f (.const:xdc_runtime_Startup_firstFxns__C)
                  00020a94    00000008     release_pem4f.oem4f (.const:xdc_runtime_Startup_lastFxns__C)
                  00020a9c    00000007     drivers_msp432e4.aem4f : GPIOMSP432E4.oem4f (.const:.string:outPinStrengths)
                  00020aa3    00000006                            : GPIOMSP432E4.oem4f (.const:.string:gpioInterruptTypes)
                  00020aa9    00000004                            : GPIOMSP432E4.oem4f (.const:.string:gpioCfgOutputTypes)
                  00020aad    00000002     sbl_tl.obj (.const:.string:ACK)
                  00020aaf    00000001     release_pem4f.oem4f (.const:xdc_runtime_Error_policy__C)
                  00020ab0    00000004     release_pem4f.oem4f (.const:ti_sysbios_family_arm_lm4_Timer_enableFunc__C)
                  00020ab4    00000004     release_pem4f.oem4f (.const:ti_sysbios_family_arm_lm4_Timer_numTimerDevices__C)
                  00020ab8    00000004     release_pem4f.oem4f (.const:ti_sysbios_family_arm_lm4_Timer_startupNeeded__C)
                  00020abc    00000004     release_pem4f.oem4f (.const:ti_sysbios_family_arm_m3_Hwi_E_alreadyDefined__C)
                  00020ac0    00000004     release_pem4f.oem4f (.const:ti_sysbios_family_arm_m3_Hwi_NUM_INTERRUPTS__C)
                  00020ac4    00000004     release_pem4f.oem4f (.const:ti_sysbios_family_arm_m3_Hwi_Object__count__C)
                  00020ac8    00000004     release_pem4f.oem4f (.const:ti_sysbios_family_arm_m3_Hwi_ccr__C)
                  00020acc    00000004     release_pem4f.oem4f (.const:ti_sysbios_family_arm_m3_Hwi_excHandlerFunc__C)
                  00020ad0    00000004     release_pem4f.oem4f (.const:ti_sysbios_family_arm_m3_Hwi_nullIsrFunc__C)
                  00020ad4    00000004     release_pem4f.oem4f (.const:ti_sysbios_family_arm_m3_Hwi_priGroup__C)
                  00020ad8    00000004     release_pem4f.oem4f (.const:ti_sysbios_family_arm_m3_TaskSupport_stackAlignment__C)
                  00020adc    00000004     release_pem4f.oem4f (.const:ti_sysbios_gates_GateMutex_Instance_State_sem__O)
                  00020ae0    00000004     release_pem4f.oem4f (.const:ti_sysbios_heaps_HeapMem_E_memory__C)
                  00020ae4    00000004     release_pem4f.oem4f (.const:ti_sysbios_heaps_HeapMem_Module__gateObj__C)
                  00020ae8    00000004     release_pem4f.oem4f (.const:ti_sysbios_heaps_HeapMem_Object__count__C)
                  00020aec    00000004     release_pem4f.oem4f (.const:ti_sysbios_heaps_HeapMem_primaryHeapBaseAddr__C)
                  00020af0    00000004     release_pem4f.oem4f (.const:ti_sysbios_heaps_HeapMem_primaryHeapEndAddr__C)
                  00020af4    00000004     release_pem4f.oem4f (.const:ti_sysbios_heaps_HeapMem_reqAlign__C)
                  00020af8    00000004     release_pem4f.oem4f (.const:ti_sysbios_knl_Clock_Module_State_clockQ__O)
                  00020afc    00000004     release_pem4f.oem4f (.const:ti_sysbios_knl_Clock_tickPeriod__C)
                  00020b00    00000004     release_pem4f.oem4f (.const:ti_sysbios_knl_Mailbox_Instance_State_dataQue__O)
                  00020b04    00000004     release_pem4f.oem4f (.const:ti_sysbios_knl_Mailbox_Instance_State_dataSem__O)
                  00020b08    00000004     release_pem4f.oem4f (.const:ti_sysbios_knl_Mailbox_Instance_State_freeQue__O)
                  00020b0c    00000004     release_pem4f.oem4f (.const:ti_sysbios_knl_Mailbox_Instance_State_freeSem__O)
                  00020b10    00000004     release_pem4f.oem4f (.const:ti_sysbios_knl_Mailbox_Object__count__C)
                  00020b14    00000004     release_pem4f.oem4f (.const:ti_sysbios_knl_Mailbox_maxTypeAlign__C)
                  00020b18    00000004     release_pem4f.oem4f (.const:ti_sysbios_knl_Semaphore_Instance_State_pendQ__O)
                  00020b1c    00000004     release_pem4f.oem4f (.const:ti_sysbios_knl_Swi_Object__count__C)
                  00020b20    00000004     release_pem4f.oem4f (.const:ti_sysbios_knl_Task_E_deleteNotAllowed__C)
                  00020b24    00000004     release_pem4f.oem4f (.const:ti_sysbios_knl_Task_Module_State_inactiveQ__O)
                  00020b28    00000004     release_pem4f.oem4f (.const:ti_sysbios_knl_Task_Module_State_terminatedQ__O)
                  00020b2c    00000004     release_pem4f.oem4f (.const:ti_sysbios_knl_Task_Object__count__C)
                  00020b30    00000004     release_pem4f.oem4f (.const:ti_sysbios_knl_Task_Object__heap__C)
                  00020b34    00000004     release_pem4f.oem4f (.const:ti_sysbios_knl_Task_allBlockedFunc__C)
                  00020b38    00000004     release_pem4f.oem4f (.const:ti_sysbios_knl_Task_defaultStackHeap__C)
                  00020b3c    00000004     release_pem4f.oem4f (.const:ti_sysbios_knl_Task_defaultStackSize__C)
                  00020b40    00000004     release_pem4f.oem4f (.const:ti_sysbios_knl_Task_numConstructedTasks__C)
                  00020b44    00000004     release_pem4f.oem4f (.const:xdc_runtime_Error_E_memory__C)
                  00020b48    00000004     release_pem4f.oem4f (.const:xdc_runtime_Error_policyFxn__C)
                  00020b4c    00000004     release_pem4f.oem4f (.const:xdc_runtime_IGateProvider_Interface__BASE__C)
                  00020b50    00000004     release_pem4f.oem4f (.const:xdc_runtime_IHeap_Interface__BASE__C)
                  00020b54    00000004     release_pem4f.oem4f (.const:xdc_runtime_IModule_Interface__BASE__C)
                  00020b58    00000004     release_pem4f.oem4f (.const:xdc_runtime_Memory_defaultHeapInstance__C)
                  00020b5c    00000004     release_pem4f.oem4f (.const:xdc_runtime_Startup_execImpl__C)
                  00020b60    00000004     release_pem4f.oem4f (.const:xdc_runtime_Startup_maxPasses__C)
                  00020b64    00000004     release_pem4f.oem4f (.const:xdc_runtime_Startup_sfxnRts__C)
                  00020b68    00000004     release_pem4f.oem4f (.const:xdc_runtime_Startup_sfxnTab__C)
                  00020b6c    00000004     release_pem4f.oem4f (.const:xdc_runtime_SysCallback_abortFxn__C)
                  00020b70    00000004     release_pem4f.oem4f (.const:xdc_runtime_SysCallback_exitFxn__C)
                  00020b74    00000004     release_pem4f.oem4f (.const:xdc_runtime_SysCallback_putchFxn__C)
                  00020b78    00000004     release_pem4f.oem4f (.const:xdc_runtime_SysCallback_readyFxn__C)
                  00020b7c    00000004     release_pem4f.oem4f (.const:xdc_runtime_System_Module__gateObj__C)
                  00020b80    00000004     release_pem4f.oem4f (.const:xdc_runtime_System_abortFxn__C)
                  00020b84    00000004     release_pem4f.oem4f (.const:xdc_runtime_System_exitFxn__C)
                  00020b88    00000004     release_pem4f.oem4f (.const:xdc_runtime_System_extendFxn__C)
                  00020b8c    00000004     release_pem4f.oem4f (.const:xdc_runtime_System_maxAtexitHandlers__C)
                  00020b90    00000002     sbl_tl.obj (.const:.string:BAUD)
                  00020b92    00000002     sbl_tl.obj (.const:.string:NACK)
                  00020b94    00000002     release_pem4f.oem4f (.const:ti_sysbios_family_arm_m3_Hwi_Module__id__C)
                  00020b96    00000002     release_pem4f.oem4f (.const:ti_sysbios_heaps_HeapMem_Module__id__C)
                  00020b98    00000002     release_pem4f.oem4f (.const:ti_sysbios_knl_Task_Module__id__C)
                  00020b9a    00000002     release_pem4f.oem4f (.const:xdc_runtime_Memory_Module__id__C)

.text      0    00020ba0    0000bd12     
                  00020ba0    000004d8     sap_uart_pm_release.a : npi_ss_ble_sap.oem4f (.text:NPISS_BLE_SNP_msgFromSNP)
                  00021078    00000468     sysbios.aem4f : BIOS.obj (.text:xdc_runtime_System_doPrint__I)
                  000214e0    0000032c     project_zero.obj (.text:ProjectZero_taskFxn)
                  0002180c    000002e4     drivers_msp432e4.aem4f : UARTMSP432E4.oem4f (.text:UARTMSP432E4_open)
                  00021af0    000002a0     project_zero.obj (.text:ProjectZero_init)
                  00021d90    000002a0     sysbios.aem4f : BIOS.obj (.text:ti_sysbios_family_arm_msp432e4_init_Boot_sysCtlClockFreqSetI__I)
                  00022030    00000234     npi_uart_pm_release.a : npi_task_posix.oem4f (.text:NPITask_open)
                  00022264    00000230     sap_uart_pm_release.a : sap.oem4f (.text:SAP_registerService)
                  00022494    000001ec                           : snp_rpc.oem4f (.text:SNP_RPC_addCharDescDec)
                  00022680    000001e4     npi_uart_pm_release.a : npi_task_posix.oem4f (.text:NPITask_Fxn)
                  00022864    000001b6     rtsv7M4_T_le_v4SPD16_eabi.lib : fd_add_t2.asm.obj (.text)
                  00022a1a    00000006     display.aem4f : DisplayUart.oem4f (.text:DisplayUartMin_control)
                  00022a20    000001b0     sysbios.aem4f : BIOS.obj (.text:mq_open)
                  00022bd0    00000188     release_pem4f.oem4f (.text:xdc_runtime_System_printfExtend__I)
                  00022d58    00000170     project_zero.obj (.text:ProjectZero_processDataServiceCB)
                  00022ec8    0000016c     project_zero.obj (.text:buttonDebounceCallbackFxn)
                  00023034    00000160     drivers_msp432e4.aem4f : PWMMSP432E4.oem4f (.text:PWMMSP432E4_setDutyAndPeriod)
                  00023194    00000158                            : GPIOMSP432E4.oem4f (.text:GPIO_setConfig)
                  000232ec    00000004     dpl_msp432e4.aem4f : ClockP_tirtos.oem4f (.text:ClockP_getCpuFreq)
                  000232f0    00000154     sysbios.aem4f : BIOS.obj (.text:ti_sysbios_knl_Task_Instance_finalize__E)
                  00023444    00000150     sap_uart_pm_release.a : sap.oem4f (.text:SAP_setParam)
                  00023594    00000150     drivers_msp432e4.aem4f : PWMMSP432E4.oem4f (.text:initHw)
                  000236e4    00000148     project_zero.obj (.text:ProjectZero_updateSNP_taskFxn)
                  0002382c    00000140     npi_uart_pm_release.a : npi_tl_simplelink.oem4f (.text:NPITL_openTL)
                  0002396c    00000140     sap_uart_pm_release.a : sap.oem4f (.text:handleAsyncCB)
                  00023aac    00000138     npi_uart_pm_release.a : npi_tl_uart_m_simplelink.oem4f (.text:NPITLUART_readCallBack)
                  00023be4    00000130     msp432e4_driverlib.a : gpio_MSP432E411Y.obj (.text:GPIOPadConfigSet)
                  00023d14    00000004     dpl_msp432e4.aem4f : ClockP_tirtos.oem4f (.text:ClockP_setTimeout)
                  00023d18    00000130     sysbios.aem4f : BIOS.obj (.text:ti_sysbios_knl_Semaphore_pend__E)
                  00023e48    00000124     npi_uart_pm_release.a : npi_tl_uart_m_simplelink.oem4f (.text:NPITLUART_openTransport)
                  00023f6c    0000011c     data_service.obj (.text:DataService_setParameter)
                  00024088    00000118     drivers_msp432e4.aem4f : TimerMSP432E4.oem4f (.text:TimerMSP432E4_open)
                  000241a0    00000114     button_service.obj (.text:ButtonService_setParameter)
                  000242b4    00000004     dpl_msp432e4.aem4f : ClockP_tirtos.oem4f (.text:ClockP_start)
                  000242b8    0000010c     sysbios.aem4f : BIOS.obj (.text:ti_sysbios_family_arm_lm4_Timer_start__E)
                  000243c4    00000004     dpl_msp432e4.aem4f : ClockP_tirtos.oem4f (.text:ClockP_stop)
                  000243c8    00000108     sysbios.aem4f : BIOS.obj (.text:ti_sysbios_knl_Task_postInit__I)
                  000244d0    00000108                   : BIOS.obj (.text:xdc_runtime_Startup_startMods__I)
                  000245d8    000000fc     sbl.obj (.text:SBL_writeImage)
                  000246d4    000000fc     rtsv7M4_T_le_v4SPD16_eabi.lib : fd_mul_t2.asm.obj (.text)
                  000247d0    000000f4     sysbios.aem4f : m3_Hwi_asm.obj (.text:ti_sysbios_family_arm_m3_Hwi_dispatch__I)
                  000248c4    00000004     dpl_msp432e4.aem4f : HwiP_tirtos.oem4f (.text:HwiP_clearInterrupt)
                  000248c8    000000f0     sysbios.aem4f : BIOS.obj (.text:pthread_create)
                  000249b8    000000ec                   : BIOS.obj (.text:ti_sysbios_knl_Task_Instance_init__E)
                  00024aa4    00000004     dpl_msp432e4.aem4f : HwiP_tirtos.oem4f (.text:HwiP_disable)
                  00024aa8    000000e8     sysbios.aem4f : BIOS.obj (.text:ti_sysbios_family_arm_m3_TaskSupport_start__E)
                  00024b90    000000e0                   : BIOS.obj (.text:clock_gettime)
                  00024c70    000000d8     data_service.obj (.text:DataService_ReadAttrCB)
                  00024d48    000000d8     sysbios.aem4f : BIOS.obj (.text:ti_sysbios_knl_Mailbox_Instance_init__E)
                  00024e20    000000d4     button_service.obj (.text:ButtonService_addService)
                  00024ef4    000000d4     data_service.obj (.text:DataService_addService)
                  00024fc8    000000d0     data_service.obj (.text:DataService_WriteAttrCB)
                  00025098    000000d0     led_service.obj (.text:LEDService_addService)
                  00025168    000000d0     sysbios.aem4f : BIOS.obj (.text:ti_sysbios_heaps_HeapMem_alloc__E)
                  00025238    000000cc     project_zero.obj (.text:ProjectZero_processSNPEventCB)
                  00025304    000000c8     button_service.obj (.text:ButtonService_CCCDIndCB)
                  000253cc    000000c4     profile_util.obj (.text:ProfileUtil_getCharIDFromHdl)
                  00025490    000000c4     project_zero.obj (.text:ProjectZero_processLEDServiceCB)
                  00025554    00000004     npi_uart_pm_release.a : npi_task_posix.oem4f (.text:NPITask_freeFrame)
                  00025558    000000c4     sysbios.aem4f : BIOS.obj (.text:ti_sysbios_knl_Task_sleep__E)
                  0002561c    000000bc     led_service.obj (.text:LEDService_registerAppCBs)
                  000256d8    000000bc     project_zero.obj (.text:buttonTask_createTask)
                  00025794    00000004     sap_uart_pm_release.a : sap.oem4f (.text:SAP_registerEventCB)
                  00025798    000000bc     sysbios.aem4f : BIOS.obj (.text:ti_sysbios_knl_Task_exit__E)
                  00025854    00000004     sap_uart_pm_release.a : snp_rpc_synchro.oem4f (.text:SNP_malloc)
                  00025858    000000b8     sysbios.aem4f : BIOS.obj (.text:xdc_runtime_Core_createObject__I)
                  00025910    000000b6     drivers_msp432e4.aem4f : UARTMSP432E4.oem4f (.text:readTaskCallback)
                  000259c6    00000002     display.aem4f : DisplayUart.oem4f (.text:DisplayUartMin_clear)
                  000259c8    000000b4     button_service.obj (.text:ButtonService_registerAppCBs)
                  00025a7c    000000b4     data_service.obj (.text:DataService_registerAppCBs)
                  00025b30    000000b2     drivers_msp432e4.aem4f : UARTMSP432E4.oem4f (.text:UARTMSP432E4_close)
                  00025be2    00000006     display.aem4f : DisplayUart.oem4f (.text:DisplayUartMin_getType)
                  00025be8    000000b0     sysbios.aem4f : BIOS.obj (.text:ti_sysbios_family_arm_lm4_Timer_enableTiva__I)
                  00025c98    000000ac     drivers_msp432e4.aem4f : GPIOMSP432E4.oem4f (.text:GPIO_init)
                  00025d44    000000aa     sbl.obj (.text:SBL_eraseFlash)
                  00025dee    00000002     display.aem4f : DisplayUart.oem4f (.text:DisplayUartMin_clearLines)
                  00025df0    000000a8     npi_uart_pm_release.a : npi_task_posix.oem4f (.text:NPITask_transportProcessTransportData)
                  00025e98    000000a8     drivers_msp432e4.aem4f : UARTMSP432E4.oem4f (.text:readTaskBlocking)
                  00025f40    000000a4     button_service.obj (.text:ButtonService_ReadAttrCB)
                  00025fe4    000000a4     data_service.obj (.text:DataService_CCCDIndCB)
                  00026088    000000a4     npi_uart_pm_release.a : npi_tl_uart_m_simplelink.oem4f (.text:NPITLUART_writeCallBack)
                  0002612c    00000004     dpl_msp432e4.aem4f : SemaphoreP_tirtos.oem4f (.text:SemaphoreP_post)
                  00026130    000000a4     sysbios.aem4f : BIOS.obj (.text:ti_sysbios_knl_Task_setPri__E)
                  000261d4    000000a0     npi_uart_pm_release.a : npi_tl_simplelink.oem4f (.text:NPITL_remRdyPINHwiFxn)
                  00026274    000000a0     drivers_msp432e4.aem4f : PWMMSP432E4.oem4f (.text:PWMMSP432E4_setDuty)
                  00026314    000000a0     auto_init.aem4f : auto_init.oem4f (.text)
                  000263b4    0000009e     drivers_msp432e4.aem4f : UARTMSP432E4.oem4f (.text:UARTMSP432E4_readPolling)
                  00026452    00000002     display.aem4f : DisplayUart.oem4f (.text:DisplayUartMin_init)
                  00026454    0000009c     led_service.obj (.text:LEDService_WriteAttrCB)
                  000264f0    0000009c     sysbios.aem4f : BIOS.obj (.text:_pthread_removeThreadKeys)
                  0002658c    0000009c     rtsv7M4_T_le_v4SPD16_eabi.lib : memcpy_t2.asm.obj (.text)
                  00026628    0000009a     drivers_msp432e4.aem4f : PWMMSP432E4.oem4f (.text:PWMMSP432E4_setPeriod)
                  000266c2    00000098                            : UARTMSP432E4.oem4f (.text:UARTMSP432E4_write)
                  0002675a    00000006     msp432e4_driverlib.a : gpio_MSP432E411Y.obj (.text:GPIOIntClear)
                  00026760    00000098     sysbios.aem4f : BIOS.obj (.text:ti_sysbios_family_arm_m3_Hwi_Instance_init__E)
                  000267f8    00000096     rtsv7M4_T_le_v4SPD16_eabi.lib : ull_div_t2.asm.obj (.text)
                  0002688e    00000002     npi_uart_pm_release.a : npi_tl_uart_m_simplelink.oem4f (.text:NPITLUART_stopTransfer)
                  00026890    00000094                           : npi_task_posix.oem4f (.text:NPITask_close)
                  00026924    00000094     drivers_msp432e4.aem4f : PWMMSP432E4.oem4f (.text:PWMMSP432E4_open)
                  000269b8    00000094                            : UARTMSP432E4.oem4f (.text:readIsrTextBlocking)
                  00026a4c    00000004     dpl_msp432e4.aem4f : SystemP_tirtos.oem4f (.text:SystemP_vsnprintf)
                  00026a50    00000094     sysbios.aem4f : BIOS.obj (.text:ti_sysbios_family_arm_m3_Hwi_initNVIC__E)
                  00026ae4    00000090     drivers_msp432e4.aem4f : UARTMSP432E4.oem4f (.text:UARTMSP432E4_control)
                  00026b74    00000004     msp432e4_driverlib.a : timer_MSP432E411Y.obj (.text:TimerIntClear)
                  00026b78    00000090     sysbios.aem4f : BIOS.obj (.text:ti_sysbios_knl_Task_Module_startup__E)
                  00026c08    0000008e     drivers_msp432e4.aem4f : PWMMSP432E4.oem4f (.text:PWMMSP432E4_close)
                  00026c96    00000002                            : PWMMSP432E4.oem4f (.text:PWMMSP432E4_init)
                  00026c98    0000008c     sysbios.aem4f : BIOS.obj (.text:condWait$45)
                  00026d24    0000008c     coordinate_processing_task.obj (.text:coordinate_processing_create_task)
                  00026db0    0000008c     sysbios.aem4f : BIOS.obj (.text:xdc_runtime_Memory_alloc__E)
                  00026e3c    00000088     sap_uart_pm_release.a : sap.oem4f (.text:SAP_open)
                  00026ec4    00000088     drivers_msp432e4.aem4f : UARTMSP432E4.oem4f (.text:readIsrTextCallback)
                  00026f4c    00000004     msp432e4_driverlib.a : uart_MSP432E411Y.obj (.text:UARTIntClear)
                  00026f50    00000088     sysbios.aem4f : BIOS.obj (.text:ti_sysbios_knl_Mailbox_post__E)
                  00026fd8    00000086     rtsv7M4_T_le_v4SPD16_eabi.lib : fd_cmp_t2.asm.obj (.text:__aeabi_cdcmple)
                  0002705e    00000086                                   : fd_cmp_t2.asm.obj (.text:__aeabi_cdrcmple)
                  000270e4    00000004     release_pem4f.oem4f (.text:ti_sysbios_BIOS_RtsGateProxy_enter__E)
                  000270e8    00000086     sysbios.aem4f : BIOS.obj (.text:xdc_runtime_Core_constructObject__I)
                  0002716e    00000002     sbl_simplelink.obj (.text:SBL_closePins)
                  00027170    00000084     sysbios.aem4f : BIOS.obj (.text:ti_sysbios_family_arm_m3_Hwi_postInit__I)
                  000271f4    00000004     release_pem4f.oem4f (.text:ti_sysbios_BIOS_RtsGateProxy_leave__E)
                  000271f8    00000084     sysbios.aem4f : BIOS.obj (.text:ti_sysbios_heaps_HeapMem_free__E)
                  0002727c    00000004                   : BIOS.obj (.text:ti_sysbios_family_arm_lm4_Timer_masterEnable__I)
                  00027280    00000080                   : BIOS.obj (.text:ti_sysbios_knl_Clock_workFunc__E)
                  00027300    0000007c     npi_uart_pm_release.a : npi_tl_simplelink.oem4f (.text:NPITL_closeTL)
                  0002737c    00000004     release_pem4f.oem4f (.text:ti_sysbios_family_arm_m3_Hwi_delete)
                  00027380    0000007c     sysbios.aem4f : BIOS.obj (.text:_pthread_abstime2ticks)
                  000273fc    0000007c     drivers_msp432e4.aem4f : UARTMSP432E4.oem4f (.text:writeData)
                  00027478    0000007a     rtsv7M4_T_le_v4SPD16_eabi.lib : memset_t2.asm.obj (.text)
                  000274f2    00000002     drivers_msp432e4.aem4f : TimerMSP432E4.oem4f (.text:TimerMSP432E4_init)
                  000274f4    00000078     npi_uart_pm_release.a : npi_tl_simplelink.oem4f (.text:NPITL_writeTL)
                  0002756c    00000004     release_pem4f.oem4f (.text:ti_sysbios_family_arm_m3_TaskSupport_Module__startupDone__S)
                  00027570    00000075     sysbios.aem4f : BIOS.obj (.text:xdc_runtime_System_formatNum__I)
                  000275e5    00000001     --HOLE-- [fill = 0]
                  000275e6    00000002     drivers_msp432e4.aem4f : UARTMSP432E4.oem4f (.text:UARTMSP432E4_init)
                  000275e8    00000074     led_service.obj (.text:LEDService_ReadAttrCB)
                  0002765c    00000074     led_service.obj (.text:LEDService_setParameter)
                  000276d0    00000074     project_zero.obj (.text:ProjectZero_asyncCB)
                  00027744    00000004     release_pem4f.oem4f (.text:ti_sysbios_heaps_HeapMem_Module_GateProxy_enter__E)
                  00027748    00000074     sysbios.aem4f : BIOS.obj (.text:ti_sysbios_knl_Mailbox_pend__E)
                  000277bc    00000004     release_pem4f.oem4f (.text:ti_sysbios_heaps_HeapMem_Module_GateProxy_leave__E)
                  000277c0    00000074     sysbios.aem4f : BIOS.obj (.text:xdc_runtime_Core_deleteObject__I)
                  00027834    00000072     drivers_msp432e4.aem4f : TimerMSP432E4.oem4f (.text:TimerMSP432E4_start)
                  000278a6    00000070     sbl_cmd.obj (.text:SBL_CMD_memoryRead)
                  00027916    00000002     rtsv7M4_T_le_v4SPD16_eabi.lib : _lock.c.obj (.text:_nop)
                  00027918    00000070     sbl_tl.obj (.text:SBL_TL_getRsp)
                  00027988    00000070     sysbios.aem4f : BIOS.obj (.text:acquireMutexNone$47)
                  000279f8    00000070                   : BIOS.obj (.text:ti_sysbios_heaps_HeapMem_initPrimary__I)
                  00027a68    00000070                   : BIOS.obj (.text:ti_sysbios_knl_Mailbox_Instance_finalize__E)
                  00027ad8    00000070     project_zero.obj (.text:updateSNP_createTask)
                  00027b48    0000006c     drivers_msp432e4.aem4f : PowerMSP432E4.oem4f (.text:Power_releaseDependency)
                  00027bb4    0000006c     profile_util.obj (.text:ProfileUtil_convertBdAddr2Str)
                  00027c20    0000006c     profile_util.obj (.text:ProfileUtil_getHdlFromCharID)
                  00027c8c    0000006c     sap_uart_pm_release.a : sap.oem4f (.text:SAP_close)
                  00027cf8    0000006c     sysbios.aem4f : BIOS.obj (.text:pthread_cancel)
                  00027d64    00000004     release_pem4f.oem4f (.text:ti_sysbios_knl_Clock_TimerProxy_getMaxTicks__E)
                  00027d68    0000006c     sysbios.aem4f : BIOS.obj (.text:ti_sysbios_knl_Swi_restoreHwi__E)
                  00027dd4    0000006a     sap_uart_pm_release.a : snp_rpc.oem4f (.text:SNP_RPC_readCharCnf)
                  00027e3e    00000002     rtsv7M4_T_le_v4SPD16_eabi.lib : div0.asm.obj (.text)
                  00027e40    00000068     drivers_msp432e4.aem4f : GPIOMSP432E4.oem4f (.text:GPIO_hwiIntFxn)
                  00027ea8    00000068     npi_uart_pm_release.a : npi_task_posix.oem4f (.text:NPITask_ProcessTXQ)
                  00027f10    00000068                           : npi_task_posix.oem4f (.text:NPITask_sendToHost)
                  00027f78    00000068     drivers_msp432e4.aem4f : PowerMSP432E4.oem4f (.text:Power_setDependency)
                  00027fe0    00000068                            : TimerMSP432E4.oem4f (.text:TimerMSP432E4_allocateTimerResource)
                  00028048    00000068     rtsv7M4_T_le_v4SPD16_eabi.lib : copy_decompress_lzss.c.obj (.text:decompress:lzss:__TI_decompress_lzss)
                  000280b0    00000068     sysbios.aem4f : BIOS.obj (.text:pthread_exit)
                  00028118    00000068     drivers_msp432e4.aem4f : UARTMSP432E4.oem4f (.text:readIsrBinaryBlocking)
                  00028180    00000064                            : PowerMSP432E4.oem4f (.text:Power_init)
                  000281e4    00000064     project_zero.obj (.text:ProjectZero_createTask)
                  00028248    00000064     sap_uart_pm_release.a : snp_rpc.oem4f (.text:SNP_RPC_startAdvertising)
                  000282ac    00000064                           : snp_rpc.oem4f (.text:SNP_RPC_updateConnectionParams)
                  00028310    00000064     sysbios.aem4f : BIOS.obj (.text:pthread_join)
                  00028374    00000064     drivers_msp432e4.aem4f : UARTMSP432E4.oem4f (.text:readIsrBinaryCallback)
                  000283d8    00000064     sysbios.aem4f : BIOS.obj (.text:ti_sysbios_family_arm_lm4_Timer_Module_startup__E)
                  0002843c    00000004     release_pem4f.oem4f (.text:ti_sysbios_knl_Clock_delete)
                  00028440    00000064     sysbios.aem4f : BIOS.obj (.text:ti_sysbios_family_arm_m3_Hwi_dispatchC__I)
                  000284a4    00000060     sap_uart_pm_release.a : snp_rpc.oem4f (.text:SNP_RPC_addCharValueDec)
                  00028504    00000004     release_pem4f.oem4f (.text:ti_sysbios_knl_Semaphore_delete)
                  00028508    00000060     sysbios.aem4f : BIOS.obj (.text:ti_sysbios_family_arm_lm4_Seconds_getTime__E)
                  00028568    00000060                   : BIOS.obj (.text:ti_sysbios_knl_Semaphore_post__E)
                  000285c8    00000060                   : BIOS.obj (.text:ti_sysbios_knl_Swi_run__I)
                  00028628    0000005c     display.aem4f : Display.oem4f (.text:Display_doOpen)
                  00028684    0000005c     npi_uart_pm_release.a : npi_tl_uart_m_simplelink.oem4f (.text:NPITLUART_closeTransport)
                  000286e0    0000005c     sbl_tl.obj (.text:SBL_TL_sendCmd)
                  0002873c    0000005c     drivers_msp432e4.aem4f : TimerMSP432E4.oem4f (.text:getPowerMgrId)
                  00028798    0000005c                            : UARTMSP432E4.oem4f (.text:getPowerResourceId)
                  000287f4    00000004     release_pem4f.oem4f (.text:ti_sysbios_knl_Task_delete)
                  000287f8    0000005c     sysbios.aem4f : BIOS.obj (.text:ti_sysbios_knl_Swi_schedule__I)
                  00028854    00000004     release_pem4f.oem4f (.text:xdc_runtime_System_Module_GateProxy_enter__E)
                  00028858    0000005c     sysbios.aem4f : BIOS.obj (.text:ti_sysbios_knl_Task_startCore__E)
                  000288b4    00000004     release_pem4f.oem4f (.text:xdc_runtime_System_Module_GateProxy_leave__E)
                  000288b8    0000005c     sysbios.aem4f : BIOS.obj (.text:xdc_runtime_Startup_exec__E)
                  00028914    0000005a     sap_uart_pm_release.a : snp_rpc.oem4f (.text:SNP_RPC_sendNotifInd)
                  0002896e    00000002     release_pem4f.oem4f (.text:ti_sysbios_BIOS_nullFunc__I)
                  00028970    0000005a     sysbios.aem4f : BIOS.obj (.text:mq_timedreceive)
                  000289ca    00000002     --HOLE-- [fill = 0]
                  000289cc    00000058     data_service.obj (.text:DataService_getParameter)
                  00028a24    00000058     msp432e4_driverlib.a : gpio_MSP432E411Y.obj (.text:GPIOIntTypeSet)
                  00028a7c    00000058     drivers_msp432e4.aem4f : GPIOMSP432E4.oem4f (.text:GPIO_setCallback)
                  00028ad4    00000058     npi_uart_pm_release.a : npi_tl_uart_m_simplelink.oem4f (.text:NPITLUART_handleRemRdyEvent)
                  00028b2c    00000058                           : npi_tl_simplelink.oem4f (.text:NPITL_handleRemRdyEvent)
                  00028b84    00000058     project_zero.obj (.text:ProjectZero_initServices)
                  00028bdc    00000058     sbl_tl.obj (.text:SBL_TL_open)
                  00028c34    00000058     boot.aem4f : boot.oem4f (.text)
                  00028c8c    00000058     sysbios.aem4f : m3_Hwi_asm_switch.obj (.text:ti_sysbios_family_arm_m3_Hwi_initStacks__E)
                  00028ce4    00000056     drivers_msp432e4.aem4f : PWMMSP432E4.oem4f (.text:PWMMSP432E4_stop)
                  00028d3a    00000002     --HOLE-- [fill = 0]
                  00028d3c    00000054                            : GPIOMSP432E4.oem4f (.text:GPIO_write)
                  00028d90    00000054     npi_uart_pm_release.a : npi_task_posix.oem4f (.text:NPITask_processSyncRXQ)
                  00028de4    00000054     sbl.obj (.text:SBL_openTarget)
                  00028e38    00000054     sysbios.aem4f : BIOS.obj (.text:ti_sysbios_family_arm_lm4_Timer_initDevice__I)
                  00028e8c    00000054     release_pem4f.oem4f (.text:ti_sysbios_family_arm_m3_Hwi_create)
                  00028ee0    00000054     release_pem4f.oem4f (.text:ti_sysbios_knl_Mailbox_create)
                  00028f34    00000052     sbl_cmd.obj (.text:SBL_CMD_download)
                  00028f86    00000052     queue.obj (.text:enqueue)
                  00028fd8    00000050     dpl_msp432e4.aem4f : ClockP_tirtos.oem4f (.text:ClockP_create)
                  00029028    00000050     drivers_msp432e4.aem4f : UARTMSP432E4.oem4f (.text:UARTMSP432E4_hwiIntFxn)
                  00029078    00000050     sysbios.aem4f : BIOS.obj (.text:ti_sysbios_family_arm_m3_Hwi_Module_startup__E)
                  000290c8    00000050     release_pem4f.oem4f (.text:ti_sysbios_knl_Task_create)
                  00029118    0000004e     sbl_tl.obj (.text:SBL_TL_CKS)
                  00029166    0000004e     drivers_msp432e4.aem4f : TimerMSP432E4.oem4f (.text:TimerMSP432E4_stop)
                  000291b4    0000004e                            : TimerMSP432E4.oem4f (.text:initHw)
                  00029202    00000002     --HOLE-- [fill = 0]
                  00029204    0000004c     sbl_tl.obj (.text:SBL_TL_getRspACK)
                  00029250    0000004c     drivers_msp432e4.aem4f : TimerMSP432E4.oem4f (.text:TimerMSP432E4_freeTimerResource)
                  0002929c    0000004c                            : UARTMSP432E4.oem4f (.text:UARTMSP432E4_writePolling)
                  000292e8    0000004c     rtsv7M4_T_le_v4SPD16_eabi.lib : atoi.c.obj (.text:atoi)
                  00029334    0000004c                                   : cpy_tbl.c.obj (.text:copy_in)
                  00029380    0000004c     drivers_msp432e4.aem4f : PWMMSP432E4.oem4f (.text:getDutyTicks)
                  000293cc    0000004c                            : PWMMSP432E4.oem4f (.text:getPeriodTicks)
                  00029418    0000004c     coordinate_processing_task.obj (.text:process_queue_task_fxn)
                  00029464    0000004c     drivers_msp432e4.aem4f : UARTMSP432E4.oem4f (.text:ringBufGet)
                  000294b0    0000004c     sysbios.aem4f : BIOS.obj (.text:ti_sysbios_heaps_HeapMem_getStats__E)
                  000294fc    00000004     --HOLE-- [fill = 0]
                  00029500    0000004c                   : BIOS.obj (.text:ti_sysbios_knl_Swi_runLoop__I)
                  0002954c    00000004     --HOLE-- [fill = 0]
                  00029550    0000004c                   : BIOS.obj (.text:ti_sysbios_knl_Task_allBlockedFunction__I)
                  0002959c    00000004     --HOLE-- [fill = 0]
                  000295a0    0000004c                   : BIOS.obj (.text:ti_sysbios_knl_Task_schedule__I)
                  000295ec    0000004a     display.aem4f : DisplayUart.oem4f (.text:DisplayUartMin_open)
                  00029636    00000002     --HOLE-- [fill = 0]
                  00029638    00000048     npi_uart_pm_release.a : npi_tl_uart_m_simplelink.oem4f (.text:NPITLUART_writeTransport)
                  00029680    00000048                           : npi_task_posix.oem4f (.text:NPITask_RemRdyEventCB)
                  000296c8    00000048     drivers_msp432e4.aem4f : UARTMSP432E4.oem4f (.text:UARTMSP432E4_writeCancel)
                  00029710    00000048     main_tirtos.obj (.text:main)
                  00029758    00000048     sysbios.aem4f : BIOS.obj (.text:mq_close)
                  000297a0    00000048                   : BIOS.obj (.text:pthread_mutex_init)
                  000297e8    00000048     rtsv7M4_T_le_v4SPD16_eabi.lib : fd_toi_t2.asm.obj (.text)
                  00029830    00000048     sysbios.aem4f : BIOS.obj (.text:ti_sysbios_family_arm_lm4_Timer_enableTimers__I)
                  00029878    00000048                   : BIOS.obj (.text:ti_sysbios_family_arm_m3_Hwi_disableInterrupt__E)
                  000298c0    00000048                   : BIOS.obj (.text:ti_sysbios_family_arm_m3_Hwi_enableInterrupt__E)
                  00029908    00000048                   : BIOS.obj (.text:ti_sysbios_knl_Mailbox_Module_startup__E)
                  00029950    00000048                   : BIOS.obj (.text:ti_sysbios_knl_Task_deleteTerminatedTasksFunc__I)
                  00029998    00000048                   : BIOS.obj (.text:xdc_runtime_Core_assignParams__I)
                  000299e0    00000046     display.aem4f : DisplayUart.oem4f (.text:DisplayUartMin_vprintf)
                  00029a26    00000046     drivers_msp432e4.aem4f : RingBuf.oem4f (.text:RingBuf_put)
                  00029a6c    00000046     sap_uart_pm_release.a : snp_rpc.oem4f (.text:SNP_RPC_setGATTParam)
                  00029ab2    00000046     drivers_msp432e4.aem4f : TimerMSP432E4.oem4f (.text:getPrescaler)
                  00029af8    00000044     npi_uart_pm_release.a : npi_tl_uart_m_simplelink.oem4f (.text:NPITLUART_validPacketFound)
                  00029b3c    00000044                           : npi_task_posix.oem4f (.text:NPITask_DeserializeFrame)
                  00029b80    00000044     drivers_msp432e4.aem4f : PWM.oem4f (.text:PWM_init)
                  00029bc4    00000044     sbl_image_int.obj (.text:SBL_IMG_isValid)
                  00029c08    00000044     drivers_msp432e4.aem4f : Timer.oem4f (.text:Timer_init)
                  00029c4c    00000044                            : UART.oem4f (.text:UART_init)
                  00029c90    00000044     rtsv7M4_T_le_v4SPD16_eabi.lib : fd_tou_t2.asm.obj (.text)
                  00029cd4    00000004     --HOLE-- [fill = 0]
                  00029cd8    00000044     sysbios.aem4f : BIOS.obj (.text:ti_sysbios_family_arm_lm4_Timer_isrStub__E)
                  00029d1c    00000004     --HOLE-- [fill = 0]
                  00029d20    00000044                   : BIOS.obj (.text:ti_sysbios_family_arm_m3_Hwi_getStackInfo__E)
                  00029d64    00000004     --HOLE-- [fill = 0]
                  00029d68    00000044                   : BIOS.obj (.text:ti_sysbios_knl_Swi_post__E)
                  00029dac    00000004     --HOLE-- [fill = 0]
                  00029db0    00000044                   : BIOS.obj (.text:xdc_runtime_System_atexit__E)
                  00029df4    00000042     drivers_msp432e4.aem4f : PWMMSP432E4.oem4f (.text:PWMMSP432E4_start)
                  00029e36    00000042     msp432e4_driverlib.a : uart_MSP432E411Y.obj (.text:UARTConfigSetExpClk)
                  00029e78    00000042     sbl_image_int.obj (.text:flashRead)
                  00029eba    00000002     --HOLE-- [fill = 0]
                  00029ebc    00000040     dpl_msp432e4.aem4f : HwiP_tirtos.oem4f (.text:HwiP_create)
                  00029efc    00000040     led_service.obj (.text:LEDService_getParameter)
                  00029f3c    00000040     npi_uart_pm_release.a : npi_tl_uart_m_simplelink.oem4f (.text:NPITLUART_readTransport)
                  00029f7c    00000040     drivers_msp432e4.aem4f : PWM.oem4f (.text:PWM_open)
                  00029fbc    00000040                            : RingBuf.oem4f (.text:RingBuf_get)
                  00029ffc    00000040     sbl_cmd.obj (.text:SBL_CMD_sendData)
                  0002a03c    00000040     sbl_simplelink.obj (.text:SBL_initPins)
                  0002a07c    00000040     sap_uart_pm_release.a : snp_rpc.oem4f (.text:SNP_RPC_sendHCICommand)
                  0002a0bc    00000040                           : snp_rpc.oem4f (.text:SNP_RPC_setGAPparam)
                  0002a0fc    00000040     drivers_msp432e4.aem4f : Timer.oem4f (.text:Timer_open)
                  0002a13c    00000040                            : UARTMSP432E4.oem4f (.text:UARTMSP432E4_read)
                  0002a17c    00000040                            : UART.oem4f (.text:UART_open)
                  0002a1bc    00000004     --HOLE-- [fill = 0]
                  0002a1c0    00000040     sysbios.aem4f : BIOS.obj (.text:mq_receive)
                  0002a200    00000040     rtsv7M4_T_le_v4SPD16_eabi.lib : u_divt2.asm.obj (.text)
                  0002a240    00000040     sysbios.aem4f : BIOS.obj (.text:ti_sysbios_family_arm_lm4_Timer_startup__E)
                  0002a280    00000040                   : BIOS.obj (.text:ti_sysbios_heaps_HeapMem_Instance_init__E)
                  0002a2c0    00000040                   : BIOS.obj (.text:ti_sysbios_knl_Clock_Instance_init__E)
                  0002a300    0000003e     sbl_cmd.obj (.text:SBL_CMD_getStatus)
                  0002a33e    00000002     --HOLE-- [fill = 0]
                  0002a340    0000003c     npi_uart_pm_release.a : npi_task_posix.oem4f (.text:NPITask_processRXQ)
                  0002a37c    0000003c     sap_uart_pm_release.a : sap.oem4f (.text:SAP_addToEventCBList)
                  0002a3b8    0000003c     sbl_tl.obj (.text:SBL_TL_uartAutoBaud)
                  0002a3f4    0000003c     sbl.obj (.text:SBL_closeTarget)
                  0002a430    0000003c     sap_uart_pm_release.a : snp_rpc.oem4f (.text:SNP_RPC_addService)
                  0002a46c    0000003c     dpl_msp432e4.aem4f : SemaphoreP_tirtos.oem4f (.text:SemaphoreP_create)
                  0002a4a8    0000003c     msp432e4_driverlib.a : sysctl_MSP432E411Y.obj (.text:SysCtlPeripheralPresent)
                  0002a4e4    0000003c                          : sysctl_MSP432E411Y.obj (.text:SysCtlPeripheralReady)
                  0002a520    0000003c     sysbios.aem4f : BIOS.obj (.text:pthread_mutex_unlock)
                  0002a55c    00000004     --HOLE-- [fill = 0]
                  0002a560    0000003c                   : BIOS.obj (.text:ti_sysbios_family_arm_m3_Hwi_Instance_finalize__E)
                  0002a59c    0000003c     release_pem4f.oem4f (.text:ti_sysbios_knl_Clock_create)
                  0002a5d8    0000003c     sysbios.aem4f : BIOS.obj (.text:ti_sysbios_knl_Swi_restore__E)
                  0002a614    00000004     --HOLE-- [fill = 0]
                  0002a618    0000003c                   : BIOS.obj (.text:usleep)
                  0002a654    00000004     --HOLE-- [fill = 0]
                  0002a658    0000003c                   : BIOS.obj (.text:xdc_runtime_System_processAtExit__E)
                  0002a694    0000003a     sbl.obj (.text:SBL_utilDelay)
                  0002a6ce    0000003a     queue.obj (.text:create_queue)
                  0002a708    00000038     npi_uart_pm_release.a : npi_tl_simplelink.oem4f (.text:NPITL_readTL)
                  0002a740    00000038                           : npi_tl_simplelink.oem4f (.text:NPITL_transmissionCallBack)
                  0002a778    00000038                           : npi_task_posix.oem4f (.text:NPITask_Params_init)
                  0002a7b0    00000038     sap_uart_pm_release.a : snp_rpc.oem4f (.text:SNP_RPC_setAdvertisementData)
                  0002a7e8    00000038     sysbios.aem4f : BIOS.obj (.text:mq_send)
                  0002a820    00000038     rtsv7M4_T_le_v4SPD16_eabi.lib : fs_tod_t2.asm.obj (.text)
                  0002a858    00000038     sysbios.aem4f : BIOS.obj (.text:ti_sysbios_knl_Task_processVitalTaskFlag__I)
                  0002a890    00000036     sbl_cmd.obj (.text:SBL_CMD_sectorErase)
                  0002a8c6    00000036     drivers_msp432e4.aem4f : TimerMSP432E4.oem4f (.text:TimerMSP432E4_hwiIntFunction)
                  0002a8fc    00000036                            : UARTMSP432E4.oem4f (.text:UARTMSP432E4_readCancel)
                  0002a932    00000002     --HOLE-- [fill = 0]
                  0002a934    00000034     sap_uart_pm_release.a : sap.oem4f (.text:SAP_addToAsyncCBList)
                  0002a968    00000034                           : sap.oem4f (.text:SAP_reset)
                  0002a99c    00000034                           : snp_rpc.oem4f (.text:SNP_RPC_charConfigUpdatedRsp)
                  0002a9d0    00000034                           : snp_rpc.oem4f (.text:SNP_RPC_writeCharCnf)
                  0002aa04    00000034     msp432e4_driverlib.a : sysctl_MSP432E411Y.obj (.text:SysCtlPeripheralDisable)
                  0002aa38    00000034                          : sysctl_MSP432E411Y.obj (.text:SysCtlPeripheralEnable)
                  0002aa6c    00000034                          : sysctl_MSP432E411Y.obj (.text:SysCtlPeripheralPowerOff)
                  0002aaa0    00000034                          : sysctl_MSP432E411Y.obj (.text:SysCtlPeripheralPowerOn)
                  0002aad4    00000034                          : sysctl_MSP432E411Y.obj (.text:SysCtlPeripheralSleepDisable)
                  0002ab08    00000034                          : sysctl_MSP432E411Y.obj (.text:SysCtlPeripheralSleepEnable)
                  0002ab3c    00000034     drivers_msp432e4.aem4f : TimerMSP432E4.oem4f (.text:TimerMSP432E4_close)
                  0002ab70    00000034     sysbios.aem4f : BIOS.obj (.text:pthread_cond_signal)
                  0002aba4    00000034     release_pem4f.oem4f (.text:ti_sysbios_knl_Semaphore_create)
                  0002abd8    00000034     npi_uart_pm_release.a : npi_tl_uart_m_simplelink.oem4f (.text:uartComThread)
                  0002ac0c    00000032     sap_uart_pm_release.a : snp_rpc.oem4f (.text:SNP_RPC_terminateConnection)
                  0002ac3e    00000032     command.obj (.text:create_command)
                  0002ac70    00000032     sysbios.aem4f : BIOS.obj (.text:ti_sysbios_hal_Hwi_initStack)
                  0002aca2    00000032     project_zero.obj (.text:user_handleButtonPress)
                  0002acd4    00000030     drivers_msp432e4.aem4f : GPIOMSP432E4.oem4f (.text:GPIOMSP432E4_undoPinConfig)
                  0002ad04    00000030                            : GPIOMSP432E4.oem4f (.text:GPIO_disableInt)
                  0002ad34    00000030                            : GPIOMSP432E4.oem4f (.text:GPIO_enableInt)
                  0002ad64    00000030                            : GPIOMSP432E4.oem4f (.text:GPIO_read)
                  0002ad94    00000030     sap_uart_pm_release.a : sap.oem4f (.text:SAP_initParams)
                  0002adc4    00000030                           : snp_rpc.oem4f (.text:SNP_RPC_setSecurityParam)
                  0002adf4    00000030                           : snp_rpc.oem4f (.text:SNP_sendSynchronousCmd)
                  0002ae24    00000004     --HOLE-- [fill = 0]
                  0002ae28    00000030     sysbios.aem4f : BIOS.obj (.text:findInList$42)
                  0002ae58    00000030     sap_uart_pm_release.a : sap.oem4f (.text:getEventCallbacks)
                  0002ae88    00000030     release_pem4f.oem4f (.text:ti_sysbios_BIOS_atExitFunc__I)
                  0002aeb8    00000030     release_pem4f.oem4f (.text:ti_sysbios_BIOS_startFunc__I)
                  0002aee8    00000030     sysbios.aem4f : BIOS.obj (.text:ti_sysbios_family_arm_lm4_Timer_stop__E)
                  0002af18    00000030     release_pem4f.oem4f (.text:ti_sysbios_gates_GateHwi_Object__create__S)
                  0002af48    00000030     release_pem4f.oem4f (.text:ti_sysbios_gates_GateMutex_Object__create__S)
                  0002af78    00000030     sysbios.aem4f : BIOS.obj (.text:ti_sysbios_gates_GateMutex_enter__E)
                  0002afa8    00000030     release_pem4f.oem4f (.text:ti_sysbios_heaps_HeapMem_Object__create__S)
                  0002afd8    00000030     sysbios.aem4f : BIOS.obj (.text:ti_sysbios_knl_Mailbox_postInit__I)
                  0002b008    00000030     release_pem4f.oem4f (.text:ti_sysbios_knl_Semaphore_construct)
                  0002b038    00000030     sysbios.aem4f : BIOS.obj (.text:ti_sysbios_knl_Semaphore_pendTimeout__I)
                  0002b068    00000030                   : BIOS.obj (.text:ti_sysbios_knl_Task_restore__E)
                  0002b098    00000030                   : BIOS.obj (.text:ti_sysbios_knl_Task_unblockI__E)
                  0002b0c8    0000002e     npi_uart_pm_release.a : npi_task_posix.oem4f (.text:NPITask_SerializeFrame)
                  0002b0f6    0000002e     rtsv7M4_T_le_v4SPD16_eabi.lib : i_tofd_t2.asm.obj (.text)
                  0002b124    0000002e     release_pem4f.oem4f (.text:ti_sysbios_rts_MemAlloc_alloc)
                  0002b152    0000002c     msp432e4_driverlib.a : gpio_MSP432E411Y.obj (.text:GPIODirModeSet)
                  0002b17e    00000002     --HOLE-- [fill = 0]
                  0002b180    0000002c                          : gpio_MSP432E411Y.obj (.text:GPIOPinConfigure)
                  0002b1ac    0000002c     npi_uart_pm_release.a : npi_task_posix.oem4f (.text:NPITask_routeHostToSS)
                  0002b1d8    0000002c     sbl_cmd.obj (.text:SBL_CMD_reset)
                  0002b204    0000002c     sbl_cmd.obj (.text:SBL_CMD_uint32MSB)
                  0002b230    0000002c     dpl_msp432e4.aem4f : SemaphoreP_tirtos.oem4f (.text:SemaphoreP_createBinary)
                  0002b25c    00000004     --HOLE-- [fill = 0]
                  0002b260    0000002c     sysbios.aem4f : BIOS.obj (.text:_pthread_cleanupFxn)
                  0002b28c    00000004     --HOLE-- [fill = 0]
                  0002b290    0000002c                   : BIOS.obj (.text:_pthread_delete$43)
                  0002b2bc    00000004     --HOLE-- [fill = 0]
                  0002b2c0    0000002c                   : BIOS.obj (.text:clockFxn$41)
                  0002b2ec    0000002c     rtsv7M4_T_le_v4SPD16_eabi.lib : strncmp.c.obj (.text:strncmp)
                  0002b318    0000002c     release_pem4f.oem4f (.text:ti_sysbios_gates_GateHwi_Handle__label__S)
                  0002b344    0000002c     release_pem4f.oem4f (.text:ti_sysbios_gates_GateMutex_Handle__label__S)
                  0002b370    0000002c     release_pem4f.oem4f (.text:ti_sysbios_heaps_HeapMem_Handle__label__S)
                  0002b39c    0000002c     release_pem4f.oem4f (.text:ti_sysbios_knl_Clock_doTick__I)
                  0002b3c8    0000002c     release_pem4f.oem4f (.text:ti_sysbios_knl_Queue_construct)
                  0002b3f4    0000002a     display.aem4f : Display.oem4f (.text:Display_doPrintf)
                  0002b41e    0000002a     sap_uart_pm_release.a : snp_rpc.oem4f (.text:SNP_RPC_setWhiteListParam)
                  0002b448    0000002a     queue.obj (.text:dequeue)
                  0002b472    00000006     msp432e4_driverlib.a : gpio_MSP432E411Y.obj (.text:GPIOPinRead)
                  0002b478    0000002a     sysbios.aem4f : BIOS.obj (.text:sem_init)
                  0002b4a2    00000006     msp432e4_driverlib.a : gpio_MSP432E411Y.obj (.text:GPIOPinWrite)
                  0002b4a8    0000002a     sysbios.aem4f : BIOS.obj (.text:xdc_runtime_System_putchar__I)
                  0002b4d2    00000002     --HOLE-- [fill = 0]
                  0002b4d4    00000028     npi_uart_pm_release.a : npi_tl_simplelink.oem4f (.text:NPITL_getRxBufLen)
                  0002b4fc    00000028                           : npi_task_posix.oem4f (.text:NPITask_transportDoneCallBack)
                  0002b524    00000028     sbl_tl.obj (.text:SBL_TL_sendACK)
                  0002b54c    00000028     sysbios.aem4f : m3_Hwi_asm.obj (.text:ti_sysbios_family_arm_m3_Hwi_excHandlerAsm__I)
                  0002b574    00000004     --HOLE-- [fill = 0]
                  0002b578    00000028                   : BIOS.obj (.text:ti_sysbios_knl_Clock_addI__E)
                  0002b5a0    00000028                   : BIOS.obj (.text:ti_sysbios_knl_Swi_Module_startup__E)
                  0002b5c8    00000028     project_zero.obj (.text:updateSNPFxn)
                  0002b5f0    00000026     sysbios.aem4f : m3_Hwi_asm.obj (.text:ti_sysbios_family_arm_m3_Hwi_pendSV__I)
                  0002b616    00000002     --HOLE-- [fill = 0]
                  0002b618    00000024     npi_uart_pm_release.a : npi_tl_simplelink.oem4f (.text:NPITL_checkNpiBusy)
                  0002b63c    00000024                           : npi_task_posix.oem4f (.text:NPITask_regSSFromHostCB)
                  0002b660    00000024     project_zero.obj (.text:ProjectZero_buttonTaskFxn)
                  0002b684    00000024     rtsv7M4_T_le_v4SPD16_eabi.lib : memcmp.c.obj (.text:memcmp)
                  0002b6a8    00000024     sysbios.aem4f : BIOS.obj (.text:pthread_attr_init)
                  0002b6cc    00000024     release_pem4f.oem4f (.text:ti_sysbios_BIOS_registerRTSLock__I)
                  0002b6f0    00000024     release_pem4f.oem4f (.text:ti_sysbios_BIOS_removeRTSLock__I)
                  0002b714    00000024     release_pem4f.oem4f (.text:ti_sysbios_gates_GateMutex_Object__delete__S)
                  0002b738    00000024     sysbios.aem4f : BIOS.obj (.text:ti_sysbios_knl_Clock_Module_startup__E)
                  0002b75c    00000024     release_pem4f.oem4f (.text:ti_sysbios_knl_Clock_Object__delete__S)
                  0002b780    00000024     sysbios.aem4f : BIOS.obj (.text:ti_sysbios_knl_Clock_start__E)
                  0002b7a4    00000004     --HOLE-- [fill = 0]
                  0002b7a8    00000024                   : BIOS.obj (.text:ti_sysbios_knl_Semaphore_Instance_init__E)
                  0002b7cc    00000024     release_pem4f.oem4f (.text:ti_sysbios_knl_Semaphore_Object__delete__S)
                  0002b7f0    00000024     sysbios.aem4f : BIOS.obj (.text:ti_sysbios_knl_Task_restoreHwi__E)
                  0002b814    00000004     --HOLE-- [fill = 0]
                  0002b818    00000024                   : BIOS.obj (.text:xdc_runtime_Error_policyMin__E)
                  0002b83c    00000004     --HOLE-- [fill = 0]
                  0002b840    00000024                   : BIOS.obj (.text:xdc_runtime_System_abort__E)
                  0002b864    00000022     msp432e4_driverlib.a : pwm_MSP432E411Y.obj (.text:PWMGenConfigure)
                  0002b886    00000022     sap_uart_pm_release.a : snp_rpc.oem4f (.text:SNP_RPC_registerService)
                  0002b8a8    00000022     sysbios.aem4f : BIOS.obj (.text:ti_sysbios_family_arm_lm4_Timer_write__I)
                  0002b8ca    00000002     --HOLE-- [fill = 0]
                  0002b8cc    00000020     drivers_msp432e4.aem4f : GPIOMSP432E4.oem4f (.text:GPIO_clearInt)
                  0002b8ec    00000020                            : RingBuf.oem4f (.text:RingBuf_peek)
                  0002b90c    00000020     sbl_image_int.obj (.text:SBL_IMG_getSize)
                  0002b92c    00000020     sbl.obj (.text:SBL_isLastSectorProtected)
                  0002b94c    00000020     sap_uart_pm_release.a : snp_rpc_synchro.oem4f (.text:SNP_open)
                  0002b96c    00000020     msp432e4_driverlib.a : sysctl_MSP432E411Y.obj (.text:SysCtlPeripheralClockGating)
                  0002b98c    00000020                          : uart_MSP432E411Y.obj (.text:UARTDisable)
                  0002b9ac    00000020     drivers_msp432e4.aem4f : GPIOMSP432E4.oem4f (.text:getGpioIntIndex)
                  0002b9cc    00000004     --HOLE-- [fill = 0]
                  0002b9d0    00000020     sysbios.aem4f : BIOS.obj (.text:mq_getattr)
                  0002b9f0    00000020     release_pem4f.oem4f (.text:ti_sysbios_BIOS_rtsLock__I)
                  0002ba10    00000020     release_pem4f.oem4f (.text:ti_sysbios_family_arm_m3_Hwi_Object__delete__S)
                  0002ba30    00000020     sysbios.aem4f : BIOS.obj (.text:ti_sysbios_family_arm_m3_Hwi_clearInterrupt__E)
                  0002ba50    00000020     release_pem4f.oem4f (.text:ti_sysbios_gates_GateHwi_Object__delete__S)
                  0002ba70    00000020     release_pem4f.oem4f (.text:ti_sysbios_heaps_HeapMem_Object__delete__S)
                  0002ba90    00000020     sysbios.aem4f : BIOS.obj (.text:ti_sysbios_knl_Idle_run__E)
                  0002bab0    00000020     release_pem4f.oem4f (.text:ti_sysbios_knl_Semaphore_destruct)
                  0002bad0    00000020     release_pem4f.oem4f (.text:ti_sysbios_knl_Task_Object__delete__S)
                  0002baf0    0000001e     msp432e4_driverlib.a : pwm_MSP432E411Y.obj (.text:PWMPulseWidthSet)
                  0002bb0e    0000001e     sbl.obj (.text:SBL_open)
                  0002bb2c    0000001e     drivers_msp432e4.aem4f : PWMMSP432E4.oem4f (.text:checkValidPeriod)
                  0002bb4a    0000001e     sysbios.aem4f : m3_Hwi_asm_switch.obj (.text:ti_sysbios_family_xxx_Hwi_switchAndRunFunc)
                  0002bb68    0000001c     button_service.obj (.text:Button_processSNPEventCB)
                  0002bb84    0000001c     data_service.obj (.text:Data_processSNPEventCB)
                  0002bba0    0000001c     led_service.obj (.text:LED_processSNPEventCB)
                  0002bbbc    0000001c     sbl_image_int.obj (.text:SBL_IMG_open)
                  0002bbd8    0000001c     sap_uart_pm_release.a : snp_rpc.oem4f (.text:SNP_RPC_stopAdvertising)
                  0002bbf4    0000001c                           : snp_rpc.oem4f (.text:SNP_buildNPIPacket)
                  0002bc10    0000001c     project_zero.obj (.text:buttonCallbackFxnBUTTON0)
                  0002bc2c    0000001c     project_zero.obj (.text:buttonCallbackFxnBUTTON1)
                  0002bc48    0000001c     sysbios.aem4f : BIOS.obj (.text:pthread_cond_init)
                  0002bc64    00000004     --HOLE-- [fill = 0]
                  0002bc68    0000001c                   : BIOS.obj (.text:ti_sysbios_family_arm_m3_Hwi_excHandler__I)
                  0002bc84    0000001c                   : m3_TaskSupport_asm.obj (.text:ti_sysbios_family_arm_m3_TaskSupport_swap__E)
                  0002bca0    0000001c                   : BIOS.obj (.text:ti_sysbios_gates_GateMutex_Instance_init__E)
                  0002bcbc    00000004     --HOLE-- [fill = 0]
                  0002bcc0    0000001c                   : BIOS.obj (.text:ti_sysbios_knl_Clock_Instance_finalize__E)
                  0002bcdc    0000001c     release_pem4f.oem4f (.text:ti_sysbios_knl_Queue_destruct)
                  0002bcf8    0000001c     sysbios.aem4f : BIOS.obj (.text:ti_sysbios_knl_Queue_get__E)
                  0002bd14    00000004     --HOLE-- [fill = 0]
                  0002bd18    0000001c                   : BIOS.obj (.text:ti_sysbios_knl_Queue_put__E)
                  0002bd34    00000004     --HOLE-- [fill = 0]
                  0002bd38    0000001c                   : BIOS.obj (.text:ti_sysbios_knl_Task_enter__I)
                  0002bd54    00000004     --HOLE-- [fill = 0]
                  0002bd58    0000001c                   : BIOS.obj (.text:ti_sysbios_rts_ti_ReentSupport_getReent__F)
                  0002bd74    00000004     --HOLE-- [fill = 0]
                  0002bd78    0000001c                   : BIOS.obj (.text:xdc_runtime_Memory_valloc__E)
                  0002bd94    0000001a     npi_uart_pm_release.a : npi_util_posix.oem4f (.text:NPIUTIL_isQueueEmpty)
                  0002bdae    0000001a     sap_uart_pm_release.a : sap.oem4f (.text:SAP_setServiceParam)
                  0002bdc8    0000001a     sbl_image_int.obj (.text:SBL_IMG_read)
                  0002bde2    0000001a     release_pem4f.oem4f (.text:free)
                  0002bdfc    0000001a     queue.obj (.text:front)
                  0002be16    0000001a     queue.obj (.text:is_full)
                  0002be30    00000018     msp432e4_driverlib.a : gpio_MSP432E411Y.obj (.text:GPIOPinTypeGPIOOutput)
                  0002be48    00000018     npi_uart_pm_release.a : npi_tl_uart_m_simplelink.oem4f (.text:NPITLUART_calcFCS)
                  0002be60    00000018                           : npi_task_posix.oem4f (.text:NPITask_mallocFrame)
                  0002be78    00000018     drivers_msp432e4.aem4f : PowerMSP432E4.oem4f (.text:Power_idleFunc)
                  0002be90    00000018     sap_uart_pm_release.a : snp_rpc_synchro.oem4f (.text:SNP_close)
                  0002bea8    00000018     msp432e4_driverlib.a : timer_MSP432E411Y.obj (.text:TimerControlStall)
                  0002bec0    00000018                          : timer_MSP432E411Y.obj (.text:TimerDisable)
                  0002bed8    00000018     drivers_msp432e4.aem4f : TimerMSP432E4.oem4f (.text:TimerMSP432E4_getCount)
                  0002bef0    00000018                            : UART.oem4f (.text:UART_Params_init)
                  0002bf08    00000018     rtsv7M4_T_le_v4SPD16_eabi.lib : args_main.c.obj (.text:_args_main)
                  0002bf20    00000018     drivers_msp432e4.aem4f : PWMMSP432E4.oem4f (.text:checkValidDuty)
                  0002bf38    00000018     rtsv7M4_T_le_v4SPD16_eabi.lib : strcmp.c.obj (.text:strcmp)
                  0002bf50    00000018     release_pem4f.oem4f (.text:ti_sysbios_BIOS_rtsUnlock__I)
                  0002bf68    00000018     release_pem4f.oem4f (.text:ti_sysbios_family_arm_lm4_Timer_Module__startupDone__F)
                  0002bf80    00000018     release_pem4f.oem4f (.text:ti_sysbios_family_arm_m3_Hwi_Module__startupDone__F)
                  0002bf98    00000018     sysbios.aem4f : BIOS.obj (.text:ti_sysbios_gates_GateMutex_leave__E)
                  0002bfb0    00000018                   : BIOS.obj (.text:ti_sysbios_knl_Task_sleepTimeout__I)
                  0002bfc8    00000018     release_pem4f.oem4f (.text:ti_sysbios_rts_ti_ReentSupport_getTlsAddr__I)
                  0002bfe0    00000018     sysbios.aem4f : BIOS.obj (.text:xdc_runtime_Error_init__E)
                  0002bff8    00000018                   : BIOS.obj (.text:xdc_runtime_System_exit__E)
                  0002c010    00000016     display.aem4f : DisplayUart.oem4f (.text:DisplayUartMin_close)
                  0002c026    00000016     msp432e4_driverlib.a : gpio_MSP432E411Y.obj (.text:GPIOPinTypePWM)
                  0002c03c    00000016                          : gpio_MSP432E411Y.obj (.text:GPIOPinTypeUART)
                  0002c052    00000016     sbl.obj (.text:SBL_initParams)
                  0002c068    00000016     release_pem4f.oem4f (.text:ti_sysbios_BIOS_exitFunc__I)
                  0002c07e    00000002     --HOLE-- [fill = 0]
                  0002c080    00000016     sysbios.aem4f : BIOS.obj (.text:ti_sysbios_knl_Task_unblock__E)
                  0002c096    00000002     --HOLE-- [fill = 0]
                  0002c098    00000014     drivers_msp432e4.aem4f : GPIOMSP432E4.oem4f (.text:GPIOMSP432E4_getGpioBaseAddr)
                  0002c0ac    00000014                            : GPIOMSP432E4.oem4f (.text:GPIOMSP432E4_getPowerResourceId)
                  0002c0c0    00000014     npi_uart_pm_release.a : npi_tl_simplelink.oem4f (.text:NPITL_relPM)
                  0002c0d4    00000014     msp432e4_driverlib.a : pwm_MSP432E411Y.obj (.text:PWMClockSet)
                  0002c0e8    00000014     drivers_msp432e4.aem4f : PWM.oem4f (.text:PWM_Params_init)
                  0002c0fc    00000014     sap_uart_pm_release.a : snp_rpc.oem4f (.text:SNP_RPC_registerSAPCBs)
                  0002c110    00000014                           : snp_rpc.oem4f (.text:SNP_sendAsyncCmd)
                  0002c124    00000014     msp432e4_driverlib.a : uart_MSP432E411Y.obj (.text:UARTEnable)
                  0002c138    00000014     queue.obj (.text:is_empty)
                  0002c14c    00000004     --HOLE-- [fill = 0]
                  0002c150    00000014     sysbios.aem4f : BIOS.obj (.text:pthread_attr_setschedparam)
                  0002c164    00000014     rtsv7M4_T_le_v4SPD16_eabi.lib : strcpy.c.obj (.text:strcpy)
                  0002c178    00000014                                   : strlen.c.obj (.text:strlen)
                  0002c18c    00000014     release_pem4f.oem4f (.text:ti_sysbios_family_arm_m3_Hwi_Object__get__S)
                  0002c1a0    00000014     sysbios.aem4f : BIOS.obj (.text:ti_sysbios_family_arm_m3_Hwi_switchFromBootStack__E)
                  0002c1b4    00000014     release_pem4f.oem4f (.text:ti_sysbios_heaps_HeapMem_Object__get__S)
                  0002c1c8    00000014     release_pem4f.oem4f (.text:ti_sysbios_knl_Swi_Object__get__S)
                  0002c1dc    00000014     release_pem4f.oem4f (.text:ti_sysbios_knl_Task_Object__first__S)
                  0002c1f0    00000014     release_pem4f.oem4f (.text:ti_sysbios_knl_Task_Object__next__S)
                  0002c204    00000012     msp432e4_driverlib.a : pwm_MSP432E411Y.obj (.text:PWMOutputInvert)
                  0002c216    00000012                          : pwm_MSP432E411Y.obj (.text:PWMOutputState)
                  0002c228    00000012     drivers_msp432e4.aem4f : RingBuf.oem4f (.text:RingBuf_construct)
                  0002c23a    00000012     dpl_msp432e4.aem4f : SemaphoreP_tirtos.oem4f (.text:SemaphoreP_pend)
                  0002c24c    00000012     msp432e4_driverlib.a : timer_MSP432E411Y.obj (.text:TimerLoadSet)
                  0002c25e    00000012                          : timer_MSP432E411Y.obj (.text:TimerPrescaleSet)
                  0002c270    00000012     sysbios.aem4f : BIOS.obj (.text:_pthread_runStub$43)
                  0002c282    00000006     drivers_msp432e4.aem4f : PWMMSP432E4.oem4f (.text:PWMMSP432E4_control)
                  0002c288    00000012     sysbios.aem4f : BIOS.obj (.text:ti_sysbios_hal_Hwi_Module_startup__E)
                  0002c29a    00000012     release_pem4f.oem4f (.text:xdc_runtime_Startup_exec__I)
                  0002c2ac    00000010     release_pem4f.oem4f (.text:.bootCodeSection:ti_sysbios_family_arm_msp432e4_init_Boot_init__I)
                  0002c2bc    00000010     dpl_msp432e4.aem4f : HwiP_tirtos.oem4f (.text:HwiP_Params_init)
                  0002c2cc    00000010     npi_uart_pm_release.a : npi_tl_simplelink.oem4f (.text:NPITL_relLocReady)
                  0002c2dc    00000010                           : npi_tl_simplelink.oem4f (.text:NPITL_setPM)
                  0002c2ec    00000010     msp432e4_driverlib.a : pwm_MSP432E411Y.obj (.text:PWMGenPeriodSet)
                  0002c2fc    00000010     dpl_msp432e4.aem4f : PowerMSP432E4_tirtos.oem4f (.text:PowerMSP432E4_sleepPolicy)
                  0002c30c    00000010     project_zero.obj (.text:ProjectZero_processButtonServicecccdCB)
                  0002c31c    00000010     project_zero.obj (.text:ProjectZero_processDataServicecccdCB)
                  0002c32c    00000010     project_zero.obj (.text:ProjectZero_processLEDServicecccdCB)
                  0002c33c    00000010     sbl_tl.obj (.text:SBL_TL_close)
                  0002c34c    00000010     msp432e4_driverlib.a : sysctl_MSP432E411Y.obj (.text:SysCtlReset)
                  0002c35c    00000010     drivers_msp432e4.aem4f : Timer.oem4f (.text:Timer_Params_init)
                  0002c36c    00000010                            : UARTMSP432E4.oem4f (.text:readBlockingTimeout)
                  0002c37c    00000004     --HOLE-- [fill = 0]
                  0002c380    00000010     sysbios.aem4f : BIOS.obj (.text:ti_sysbios_BIOS_getCpuFreq__E)
                  0002c390    00000010                   : BIOS.obj (.text:ti_sysbios_BIOS_setThreadType__E)
                  0002c3a0    00000010                   : BIOS.obj (.text:ti_sysbios_BIOS_start__E)
                  0002c3b0    00000010                   : m3_TaskSupport_asm.obj (.text:ti_sysbios_family_arm_m3_TaskSupport_glue)
                  0002c3c0    00000010                   : BIOS.obj (.text:ti_sysbios_gates_GateMutex_Instance_finalize__E)
                  0002c3d0    00000010     release_pem4f.oem4f (.text:ti_sysbios_knl_Mailbox_Object__get__S)
                  0002c3e0    00000010     sysbios.aem4f : BIOS.obj (.text:ti_sysbios_knl_Semaphore_Instance_finalize__E)
                  0002c3f0    00000010                   : BIOS.obj (.text:ti_sysbios_knl_Swi_disable__E)
                  0002c400    00000010     release_pem4f.oem4f (.text:ti_sysbios_knl_Task_Object__get__S)
                  0002c410    00000010     sysbios.aem4f : BIOS.obj (.text:ti_sysbios_knl_Task_disable__E)
                  0002c420    00000010                   : BIOS.obj (.text:xdc_runtime_Memory_free__E)
                  0002c430    00000010                   : BIOS.obj (.text:xdc_runtime_SysCallback_abort__E)
                  0002c440    00000010                   : BIOS.obj (.text:xdc_runtime_SysCallback_exit__E)
                  0002c450    00000010                   : BIOS.obj (.text:xdc_runtime_SysCallback_putch__E)
                  0002c460    00000010                   : BIOS.obj (.text:xdc_runtime_SysCallback_ready__E)
                  0002c470    00000010                   : BIOS.obj (.text:xdc_runtime_System_vsnprintf__E)
                  0002c480    0000000e     msp432e4_driverlib.a : gpio_MSP432E411Y.obj (.text:GPIOIntDisable)
                  0002c48e    0000000e                          : gpio_MSP432E411Y.obj (.text:GPIOIntStatus)
                  0002c49c    0000000e     drivers_msp432e4.aem4f : RingBuf.oem4f (.text:RingBuf_isFull)
                  0002c4aa    0000000e     sbl.obj (.text:SBL_close)
                  0002c4b8    0000000e     msp432e4_driverlib.a : timer_MSP432E411Y.obj (.text:TimerEnable)
                  0002c4c6    0000000e                          : uart_MSP432E411Y.obj (.text:UARTCharGetNonBlocking)
                  0002c4d4    0000000e                          : uart_MSP432E411Y.obj (.text:UARTCharPutNonBlocking)
                  0002c4e2    0000000e                          : uart_MSP432E411Y.obj (.text:UARTCharsAvail)
                  0002c4f0    0000000e     rtsv7M4_T_le_v4SPD16_eabi.lib : copy_decompress_none.c.obj (.text:decompress:none:__TI_decompress_none)
                  0002c4fe    00000002     --HOLE-- [fill = 0]
                  0002c500    0000000e     sysbios.aem4f : BIOS.obj (.text:pthread_attr_setdetachstate)
                  0002c50e    00000002     --HOLE-- [fill = 0]
                  0002c510    0000000e                   : BIOS.obj (.text:sem_wait)
                  0002c51e    00000002     --HOLE-- [fill = 0]
                  0002c520    0000000e                   : BIOS.obj (.text:ti_sysbios_knl_Idle_loop__E)
                  0002c52e    00000002     --HOLE-- [fill = 0]
                  0002c530    0000000e                   : BIOS.obj (.text:ti_sysbios_knl_Queue_empty__E)
                  0002c53e    0000000c     dpl_msp432e4.aem4f : ClockP_tirtos.oem4f (.text:ClockP_delete)
                  0002c54a    0000000c     msp432e4_driverlib.a : gpio_MSP432E411Y.obj (.text:GPIOIntEnable)
                  0002c556    0000000c     dpl_msp432e4.aem4f : HwiP_tirtos.oem4f (.text:HwiP_delete)
                  0002c562    00000002     --HOLE-- [fill = 0]
                  0002c564    0000000c     sap_uart_pm_release.a : npi_ss_ble_sap.oem4f (.text:NPISS_BLE_SNP_init)
                  0002c570    0000000c     msp432e4_driverlib.a : pwm_MSP432E411Y.obj (.text:PWMGenDisable)
                  0002c57c    0000000c                          : pwm_MSP432E411Y.obj (.text:PWMGenEnable)
                  0002c588    0000000c     project_zero.obj (.text:ProjectZero_processButtonServiceCB)
                  0002c594    0000000c     sbl_image_int.obj (.text:SBL_IMG_close)
                  0002c5a0    0000000c     sap_uart_pm_release.a : snp_rpc_synchro.oem4f (.text:SNP_enterCS)
                  0002c5ac    0000000c                           : snp_rpc_synchro.oem4f (.text:SNP_exitCS)
                  0002c5b8    0000000c                           : snp_rpc_synchro.oem4f (.text:SNP_responseReceived)
                  0002c5c4    0000000c                           : snp_rpc_synchro.oem4f (.text:SNP_waitForResponse)
                  0002c5d0    0000000c     dpl_msp432e4.aem4f : SemaphoreP_tirtos.oem4f (.text:SemaphoreP_delete)
                  0002c5dc    0000000c     msp432e4_driverlib.a : uart_MSP432E411Y.obj (.text:UARTFlowControlSet)
                  0002c5e8    0000000c                          : uart_MSP432E411Y.obj (.text:UARTTxIntModeSet)
                  0002c5f4    0000000c     rtsv7M4_T_le_v4SPD16_eabi.lib : _lock.c.obj (.text:_register_lock)
                  0002c600    0000000c                                   : _lock.c.obj (.text:_register_unlock)
                  0002c60c    0000000c                                   : copy_zero_init.c.obj (.text:decompress:ZI:__TI_zero_init)
                  0002c618    0000000c     sysbios.aem4f : BIOS.obj (.text:ti_sysbios_family_arm_lm4_Timer_getMaxTicks__E)
[...]
0002c0fd  SNP_RPC_registerSAPCBs                                          
0002c125  UARTEnable                                                      
0002c139  is_empty                                                        
0002c151  pthread_attr_setschedparam                                      
0002c165  strcpy                                                          
0002c179  strlen                                                          
0002c18d  ti_sysbios_family_arm_m3_Hwi_Object__get__S                     
0002c1a1  ti_sysbios_family_arm_m3_Hwi_switchFromBootStack__E             
0002c1a1  ti_sysbios_hal_Hwi_HwiProxy_switchFromBootStack__E              
0002c1a1  ti_sysbios_hal_Hwi_switchFromBootStack__E                       
0002c1b5  ti_sysbios_heaps_HeapMem_Object__get__S                         
0002c1c9  ti_sysbios_knl_Swi_Object__get__S                               
0002c1dd  ti_sysbios_knl_Task_Object__first__S                            
0002c1f1  ti_sysbios_knl_Task_Object__next__S                             
0002c205  PWMOutputInvert                                                 
0002c217  PWMOutputState                                                  
0002c229  RingBuf_construct                                               
0002c23b  SemaphoreP_pend                                                 
0002c24d  TimerLoadSet                                                    
0002c25f  TimerPrescaleSet                                                
0002c283  PWMMSP432E4_control                                             
0002c289  ti_sysbios_hal_Hwi_Module_startup__E                            
0002c29b  xdc_runtime_Startup_exec__I                                     
0002c2ad  ti_sysbios_family_arm_msp432e4_init_Boot_init__I                
0002c2ad  xdc_runtime_Startup_reset__I                                    
0002c2bd  HwiP_Params_init                                                
0002c2cd  NPITL_relLocReady                                               
0002c2ed  PWMGenPeriodSet                                                 
0002c2fd  PowerMSP432E4_sleepPolicy                                       
0002c33d  SBL_TL_close                                                    
0002c34d  SysCtlReset                                                     
0002c35d  Timer_Params_init                                               
0002c381  ti_sysbios_BIOS_getCpuFreq__E                                   
0002c391  ti_sysbios_BIOS_setThreadType__E                                
0002c3a1  ti_sysbios_BIOS_start__E                                        
0002c3b1  ti_sysbios_family_arm_m3_TaskSupport_glue                       
0002c3c1  ti_sysbios_gates_GateMutex_Instance_finalize__E                 
0002c3d1  ti_sysbios_knl_Mailbox_Object__get__S                           
0002c3e1  ti_sysbios_knl_Semaphore_Instance_finalize__E                   
0002c3f1  ti_sysbios_knl_Swi_disable__E                                   
0002c401  ti_sysbios_knl_Task_Object__get__S                              
0002c411  ti_sysbios_knl_Task_disable__E                                  
0002c421  xdc_runtime_Memory_free__E                                      
0002c431  xdc_runtime_SysCallback_abort__E                                
0002c431  xdc_runtime_System_SupportProxy_abort__E                        
0002c441  xdc_runtime_SysCallback_exit__E                                 
0002c441  xdc_runtime_System_SupportProxy_exit__E                         
0002c451  xdc_runtime_SysCallback_putch__E                                
0002c451  xdc_runtime_System_SupportProxy_putch__E                        
0002c461  xdc_runtime_SysCallback_ready__E                                
0002c461  xdc_runtime_System_SupportProxy_ready__E                        
0002c471  xdc_runtime_System_vsnprintf__E                                 
0002c481  GPIOIntDisable                                                  
0002c48f  GPIOIntStatus                                                   
0002c49d  RingBuf_isFull                                                  
0002c4ab  SBL_close                                                       
0002c4b9  TimerEnable                                                     
0002c4c7  UARTCharGetNonBlocking                                          
0002c4d5  UARTCharPutNonBlocking                                          
0002c4e3  UARTCharsAvail                                                  
0002c4f1  __TI_decompress_none                                            
0002c501  pthread_attr_setdetachstate                                     
0002c511  sem_wait                                                        
0002c521  ti_sysbios_knl_Idle_loop__E                                     
0002c531  ti_sysbios_knl_Queue_empty__E                                   
0002c53f  ClockP_delete                                                   
0002c54b  GPIOIntEnable                                                   
0002c557  HwiP_delete                                                     
0002c565  NPISS_BLE_SNP_init                                              
0002c571  PWMGenDisable                                                   
0002c57d  PWMGenEnable                                                    
0002c595  SBL_IMG_close                                                   
0002c5a1  SNP_enterCS                                                     
0002c5ad  SNP_exitCS                                                      
0002c5b9  SNP_responseReceived                                            
0002c5c5  SNP_waitForResponse                                             
0002c5d1  SemaphoreP_delete                                               
0002c5dd  UARTFlowControlSet                                              
0002c5e9  UARTTxIntModeSet                                                
0002c5f5  _register_lock                                                  
0002c601  _register_unlock                                                
0002c60d  __TI_zero_init                                                  
0002c619  ti_sysbios_family_arm_lm4_Timer_getMaxTicks__E                  
0002c625  ti_sysbios_family_arm_m3_Hwi_Params__init__S                    
0002c625  ti_sysbios_hal_Hwi_HwiProxy_Params__init__S                     
0002c631  ti_sysbios_family_arm_m3_Hwi_disableFxn__E                      
0002c631  ti_sysbios_hal_Hwi_HwiProxy_disable__E                          
0002c641  ti_sysbios_family_arm_m3_TaskSupport_getStackAlignment__E       
0002c641  ti_sysbios_knl_Task_SupportProxy_getStackAlignment__E           
0002c651  ti_sysbios_gates_GateHwi_enter__E                               
0002c65d  ti_sysbios_knl_Clock_Params__init__S                            
0002c669  ti_sysbios_knl_Queue_Object__get__S                             
0002c675  ti_sysbios_knl_Semaphore_Params__init__S                        
0002c681  ti_sysbios_knl_Task_Params__init__S                             
0002c691  ti_sysbios_knl_Task_self__E                                     
0002c6a1  ti_sysbios_rts_ti_ReentSupport_taskRegHook__I                   
0002c6b1  xdc_runtime_Startup_rtsDone__E                                  
0002c6bd  ClockP_Params_init                                              
0002c6c7  NDK_hookInit                                                    
0002c6d1  PWM_setDuty                                                     
0002c6db  PWM_start                                                       
0002c6e5  TimerIntDisable                                                 
0002c6ef  Timer_start                                                     
0002c6f9  Timer_stop                                                      
0002c703  UARTCharGet                                                     
0002c70d  UARTCharPut                                                     
0002c717  UARTIntDisable                                                  
0002c721  UARTIntStatus                                                   
0002c72b  UART_close                                                      
0002c735  UART_control                                                    
0002c73f  UART_read                                                       
0002c749  UART_readCancel                                                 
0002c753  UART_write                                                      
0002c761  sem_destroy                                                     
0002c76b  TimerMSP432E4_control                                           
0002c771  sem_post                                                        
0002c77b  xdc_runtime_Memory_HeapProxy_alloc__E                           
0002c785  xdc_runtime_Memory_HeapProxy_free__E                            
0002c78f  MCU_rebootDevice                                                
0002c797  SemaphoreP_Params_init                                          
0002c79f  TimerIntEnable                                                  
0002c7a7  UARTBusy                                                        
0002c7af  UARTIntEnable                                                   
0002c7b7  UARTRxErrorGet                                                  
0002c7c1  pthread_attr_setstacksize                                       
0002c7c9  pthread_cond_wait                                               
0002c7d1  pthread_mutex_lock                                              
0002c7e1  ti_sysbios_family_arm_lm4_Timer_masterDisable__I                
0002c7e9  ti_sysbios_family_arm_m3_Hwi_doSwiRestore__I                    
0002c7f1  ti_sysbios_family_arm_m3_Hwi_startup__E                         
0002c7f1  ti_sysbios_hal_Hwi_HwiProxy_startup__E                          
0002c7f1  ti_sysbios_hal_Hwi_startup__E                                   
0002c801  UARTFIFOLevelSet                                                
0002c807  UARTRxErrorClear                                                
0002c811  ti_sysbios_family_arm_m3_Hwi_doTaskRestore__I                   
0002c819  HwiP_restore                                                    
0002c819  ti_sysbios_family_arm_m3_Hwi_restoreFxn__E                      
0002c819  ti_sysbios_hal_Hwi_HwiProxy_restore__E                          
0002c821  ti_sysbios_gates_GateHwi_leave__E                               
0002c829  ti_sysbios_heaps_HeapMem_isBlocking__E                          
0002c831  ti_sysbios_knl_Clock_stop__E                                    
0002c839  ti_sysbios_knl_Queue_Instance_init__E                           
0002c841  ti_sysbios_knl_Swi_startup__E                                   
0002c849  xdc_runtime_System_Module_startup__E                            
0002c851  ti_sysbios_gates_GateHwi_query__E                               
0002c851  xdc_runtime_Main_Module_GateProxy_query__E                      
0002c851  xdc_runtime_System_Module_GateProxy_query__E                    
0002c859  ti_sysbios_BIOS_RtsGateProxy_query__E                           
0002c859  ti_sysbios_gates_GateMutex_query__E                             
0002c859  ti_sysbios_heaps_HeapMem_Module_GateProxy_query__E              
0002c861  ti_sysbios_knl_Clock_setTimeout__E                              
0002c869  ti_sysbios_knl_Task_startup__E                                  
0002c871  xdc_runtime_SysCallback_defaultReady                            
0002c879  ti_sysbios_BIOS_linkedWithIncorrectBootLibrary__E               
0002c881  ti_sysbios_gates_GateHwi_Instance_init__E                       
0002c889  ti_sysbios_knl_Clock_logTick__E                                 
0002c891  xdc_runtime_SysCallback_defaultAbort                            
0002c899  xdc_runtime_SysCallback_defaultExit                             
0002c8a1  xdc_runtime_SysCallback_defaultPutch                            
0002c8a9  xdc_runtime_System_abortSpin__E                                 
0002c8b1  xdc_runtime_System_exitSpin__E                                  
0002c8b8  __TI_static_base__                                              
0002cc80  __TI_Handler_Table_Base                                         
0002cc8c  __TI_Handler_Table_Limit                                        
0002cc98  __TI_CINIT_Base                                                 
0002cca8  __TI_CINIT_Limit                                                
20000000  __start___llvm_prf_cnts                                         
20000000  __stop___llvm_prf_cnts                                          
20000000  ti_sysbios_family_arm_m3_Hwi_ramVectors                         
20000360  __primary_heap_start__                                          
20020360  __primary_heap_end__                                            
20020760  ti_sysbios_family_arm_m3_Hwi_dispatchTable                      
20020ac0  ti_sysbios_knl_Task_Instance_State_0_stack__A                   
20020cc0  uartMSP432E4Objects                                             
20020d88  timerMSP432E4Objects                                            
20020eb4  uartMSP432E4RingBuffer                                          
20020f20  queue_lock                                                      
20020fc4  HostToSSTable                                                   
20021038  syncReq_sem                                                     
20021054  waitRsp_sem                                                     
200210c8  queue_not_empty                                                 
200210e4  displayUartObject                                               
200210f0  pwmMSP432E4Objects                                              
200210fc  npiRetMsg                                                       
20021104  taskCBs                                                         
2002110c  ti_sysbios_knl_Task_Instance_State_0_hookEnv__A                 
20021128  ClockP_tickPeriod                                               
2002112c  coord_queue                                                     
20021130  displayOut                                                      
20021134  npiRxBuf                                                        
20021138  npiTaskHandle                                                   
2002113c  npiTxBuf                                                        
20021140  sblUartHandle                                                   
20021144  thread                                                          
20021149  projectZeroState                                                
2002114c  PowerMSP432E4_module                                            
20021344  ti_sysbios_knl_Swi_Module_State_0_readyQ__A                     
200213c4  ti_sysbios_knl_Task_Module_State_0_readyQ__A                    
20021444  ti_sysbios_knl_Task_Object__table__V                            
200214a0  ti_sysbios_gates_GateMutex_Object__table__V                     
200214f4  ti_sysbios_knl_Task_Module__state__V                            
200215bc  ti_sysbios_family_arm_lm4_Timer_Module_State_0_device__A        
200215fc  ti_sysbios_family_arm_lm4_Timer_Object__table__V                
20021670  ti_sysbios_family_arm_m3_Hwi_Module__state__V                   
200216a4  gpioPinConfigs                                                  
200216d4  ti_sysbios_knl_Swi_Object__table__V                             
20021704  ti_sysbios_knl_Clock_Module__state__V                           
20021780  ti_sysbios_BIOS_Module__state__V                                
200217c4  ti_sysbios_family_arm_lm4_Timer_Module_State_0_handles__A       
200217e4  xdc_runtime_Error_IgnoreBlock                                   
20021816  npiBufSize                                                      
20021820  ti_sysbios_knl_Swi_Module__state__V                             
2002183c  ti_sysbios_family_arm_m3_Hwi_Object__table__V                   
20021854  ti_sysbios_heaps_HeapMem_Object__table__V                       
20021934  gpioCallbackFunctions                                           
20021954  ti_sysbios_family_arm_lm4_Seconds_Module__state__V              
20021974  eventCBListRoot                                                 
20021978  asyncCBListRoot                                                 
2002197c  serviceListRoot                                                 
20021980  SAP_isConnected                                                 
20021982  ti_sysbios_family_arm_m3_Hwi_Module_State_0_excActive__A        
20021984  SNP_NumConns                                                    
20021988  SNP_eventCB                                                     
2002198c  SNP_asyncCB                                                     
20021990  ti_sysbios_family_arm_lm4_Timer_Module__state__V                
200219bc  _lock                                                           
200219c0  _unlock                                                         
200219dc  ProjectZero_ButtonServiceCBs                                    
200219e4  ProjectZero_DataServiceCBs                                      
200219ec  ProjectZero_LEDServiceCBs                                       
20021a04  rstPIN                                                          
20021a08  blPIN                                                           
20021a0c  ti_sysbios_family_arm_m3_Hwi_Module__root__V                    
20021a14  ti_sysbios_gates_GateHwi_Module__root__V                        
20021a1c  ti_sysbios_gates_GateMutex_Module__root__V                      
20021a24  ti_sysbios_heaps_HeapMem_Module__root__V                        
20021a2c  ti_sysbios_knl_Clock_Module__root__V                            
20021a34  ti_sysbios_knl_Mailbox_Module__root__V                          
20021a3c  ti_sysbios_knl_Queue_Module__root__V                            
20021a44  ti_sysbios_knl_Semaphore_Module__root__V                        
20021a4c  ti_sysbios_knl_Task_Module__root__V                             
20021a54  xdc_runtime_Startup_Module__state__V                            
20021a5c  xdc_runtime_System_Module_State_0_atexitHandlers__A             
20021a64  xdc_runtime_System_Module__state__V                             
20021a84  main_func_sp                                                    
20021a88  ti_sysbios_family_arm_m3_Hwi_Module_State_0_excContext__A       
20021a8c  ti_sysbios_family_arm_m3_Hwi_Module_State_0_excStack__A         
20021a90  ti_sysbios_gates_GateHwi_Object__table__V                       
20021a94  ti_sysbios_knl_Task_Module_State_0_idleTask__A                  
20021a98  ti_sysbios_rts_ti_ReentSupport_Module__state__V                 
20021a9c  xdc_runtime_Memory_Module__state__V                             
2003fc00  __stack                                                         
20040000  __STACK_END                                                     
e000e000  ti_sysbios_family_arm_m3_Hwi_nvic                               
ffffffff  __TI_pprof_out_hndl                                             
ffffffff  __TI_prof_data_size                                             
ffffffff  __TI_prof_data_start                                            
ffffffff  __binit__                                                       
ffffffff  __c_args__                                                      
ffffffff  binit                                                           
UNDEFED   SHT$$INIT_ARRAY$$Base                                           
UNDEFED   SHT$$INIT_ARRAY$$Limit                                          

[850 symbols]
