******************************************************************************
                  TI ARM Linker PC v20.2.2                     
******************************************************************************
>> Linked Fri Oct 29 14:44:44 2021

OUTPUT FILE NAME:   <project_zero_MSP_EXP432E401Y_tirtos_ccs.out>
ENTRY POINT SYMBOL: "_c_int00"  address: 00028c1d


MEMORY CONFIGURATION

         name            origin    length      used     unused   attr    fill
----------------------  --------  ---------  --------  --------  ----  --------
  FLASH                 00000000   00100000  0002cc26  000d33da  R  X
  SRAM                  20000000   00040000  00021ea1  0001e15f  RW X


SEGMENT ALLOCATION MAP

run origin  load origin   length   init length attrs members
----------  ----------- ---------- ----------- ----- -------
00000000    00000000    0002cc30   0002cc30    r-x
  00000000    00000000    0000003c   0000003c    r-- .resetVecs
  0000003c    0000003c    00020b60   00020b60    r-- .const
  00020ba0    00020ba0    0000bc9a   0000bc9a    r-x .text
  0002c840    0002c840    000003f0   000003f0    r-- .cinit
20000360    20000360    00020000   00000000    r--
  20000360    20000360    00020000   00000000    r-- .priheap
20020360    20020360    00001743   00000000    rw-
  20020360    20020360    00000dea   00000000    rw- .bss
  2002114c    2002114c    00000957   00000000    rw- .data
2003fc00    2003fc00    00000400   00000000    rw-
  2003fc00    2003fc00    00000400   00000000    rw- .stack


SECTION ALLOCATION MAP

 output                                  attributes/
section   page    origin      length       input sections
--------  ----  ----------  ----------   ----------------
.const     0    0000003c    00020b60     
                  0000003c    00020000     cc2640r2lp_simple_np_uart_pm_sbl.obj (.const:.string:SNP_code)
                  0002003c    00000210     sysbios.aem4f : BIOS.obj (.const:$O2$$)
                  0002024c    00000101     rtsv7M4_T_le_v4SPD16_eabi.lib : ctype.c.obj (.const:.string:_ctypes_)
                  0002034d    00000003     drivers_msp432e4.aem4f : GPIOMSP432E4.oem4f (.const:.string:gpioCfgInputTypes)
                  00020350    00000058     MSP_EXP432E401Y.obj (.const:uartMSP432E4HWAttrs)
                  000203a8    00000048     msp432e4_driverlib.a : gpio_MSP432E411Y.obj (.const:g_pui32GPIOBaseAddrs)
                  000203f0    00000048     drivers_msp432e4.aem4f : GPIOMSP432E4.oem4f (.const:gpioBaseAddresses)
                  00020438    00000048                            : GPIOMSP432E4.oem4f (.const:powerMgrIds)
                  00020480    00000044     release_pem4f.oem4f (.const:ti_sysbios_knl_Task_Object__PARAMS__C)
                  000204c4    0000003c     npi_uart_pm_release.a : npi_task_posix.oem4f (.const:NPI_defaultParams)
                  00020500    00000034     release_pem4f.oem4f (.const:ti_sysbios_knl_Mailbox_Object__PARAMS__C)
                  00020534    00000030     release_pem4f.oem4f (.const:ti_sysbios_family_arm_m3_Hwi_Object__PARAMS__C)
                  00020564    00000030     release_pem4f.oem4f (.const:ti_sysbios_knl_Task_hooks__A)
                  00020594    00000030     MSP_EXP432E401Y.obj (.const:timerMSP432E4HWAttrs)
                  000205c4    00000028     drivers_msp432e4.aem4f : UARTMSP432E4.oem4f (.const:UARTMSP432E4_fxnTable)
                  000205ec    00000028     release_pem4f.oem4f (.const:ti_sysbios_heaps_HeapMem_Module__FXNS__C)
                  00020614    00000024     drivers_msp432e4.aem4f : PWMMSP432E4.oem4f (.const:PWMMSP432E4_fxnTable)
                  00020638    00000024     MSP_EXP432E401Y.obj (.const:Timer_config)
                  0002065c    00000024     drivers_msp432e4.aem4f : UART.oem4f (.const:UART_defaultParams)
                  00020680    00000024     release_pem4f.oem4f (.const:ti_sysbios_gates_GateHwi_Module__FXNS__C)
                  000206a4    00000024     release_pem4f.oem4f (.const:ti_sysbios_gates_GateMutex_Module__FXNS__C)
                  000206c8    00000024     release_pem4f.oem4f (.const:ti_sysbios_heaps_HeapMem_Object__PARAMS__C)
                  000206ec    00000024     release_pem4f.oem4f (.const:ti_sysbios_knl_Clock_Object__PARAMS__C)
                  00020710    00000024     release_pem4f.oem4f (.const:ti_sysbios_knl_Semaphore_Object__PARAMS__C)
                  00020734    00000020     drivers_msp432e4.aem4f : GPIOMSP432E4.oem4f (.const:.string:gpioInterruptVectors)
                  00020754    00000020     display.aem4f : DisplayUart.oem4f (.const:DisplayUartMin_fxnTable)
                  00020774    00000020     drivers_msp432e4.aem4f : UARTMSP432E4.oem4f (.const:staticFxnTable)
                  00020794    00000020     release_pem4f.oem4f (.const:ti_sysbios_family_arm_m3_Hwi_Object__DESC__C)
                  000207b4    00000020     release_pem4f.oem4f (.const:ti_sysbios_gates_GateHwi_Object__DESC__C)
                  000207d4    00000020     release_pem4f.oem4f (.const:ti_sysbios_gates_GateMutex_Object__DESC__C)
                  000207f4    00000020     release_pem4f.oem4f (.const:ti_sysbios_heaps_HeapMem_Object__DESC__C)
                  00020814    00000020     release_pem4f.oem4f (.const:ti_sysbios_knl_Clock_Object__DESC__C)
                  00020834    00000020     release_pem4f.oem4f (.const:ti_sysbios_knl_Mailbox_Object__DESC__C)
                  00020854    00000020     release_pem4f.oem4f (.const:ti_sysbios_knl_Queue_Object__DESC__C)
                  00020874    00000020     release_pem4f.oem4f (.const:ti_sysbios_knl_Semaphore_Object__DESC__C)
                  00020894    00000020     release_pem4f.oem4f (.const:ti_sysbios_knl_Task_Object__DESC__C)
                  000208b4    00000020     release_pem4f.oem4f (.const:xdc_runtime_Startup_sfxnTab__A)
                  000208d4    0000001c     drivers_msp432e4.aem4f : TimerMSP432E4.oem4f (.const:TimerMSP432E4_fxnTable)
                  000208f0    00000018                            : PWM.oem4f (.const:PWM_defaultParams)
                  00020908    00000018     MSP_EXP432E401Y.obj (.const:UART_config)
                  00020920    00000018     sap_uart_pm_release.a : sap.oem4f (.const:default_remUARTPort)
                  00020938    00000018     release_pem4f.oem4f (.const:ti_sysbios_gates_GateHwi_Object__PARAMS__C)
                  00020950    00000018     release_pem4f.oem4f (.const:ti_sysbios_gates_GateMutex_Object__PARAMS__C)
                  00020968    00000018     release_pem4f.oem4f (.const:ti_sysbios_knl_Queue_Object__PARAMS__C)
                  00020980    00000014     MSP_EXP432E401Y.obj (.const:GPIOMSP432E4_config)
                  00020994    00000014     MSP_EXP432E401Y.obj (.const:displayUartHWAttrs)
                  000209a8    00000014     drivers_msp432e4.aem4f : UARTMSP432E4.oem4f (.const:parityType)
                  000209bc    00000011     profile_util.obj (.const:.string:$P$T0$1)
                  000209cd    00000002     sbl_tl.obj (.const:.string:$P$T0$1)
                  000209cf    00000001     display.aem4f : Display.oem4f (.const:Display_defaultParams)
                  000209d0    00000010     cc2640r2lp_simple_np_uart_pm_sbl.obj (.const)
                  000209e0    00000010     drivers_msp432e4.aem4f : UARTMSP432E4.oem4f (.const:dataLength)
                  000209f0    00000010     MSP_EXP432E401Y.obj (.const:pwmMSP432E4HWAttrs)
                  00020a00    00000010     release_pem4f.oem4f (.const:xdc_runtime_Startup_firstFxns__A)
                  00020a10    00000010     release_pem4f.oem4f (.const:xdc_runtime_Startup_sfxnRts__A)
                  00020a20    0000000c     MSP_EXP432E401Y.obj (.const:Display_config)
                  00020a2c    0000000c     MSP_EXP432E401Y.obj (.const)
                  00020a38    0000000c     MSP_EXP432E401Y.obj (.const:PWM_config)
                  00020a44    0000000c     drivers_msp432e4.aem4f : Timer.oem4f (.const:defaultParams)
                  00020a50    0000000c     release_pem4f.oem4f (.const:ti_sysbios_knl_Idle_funcList__A)
                  00020a5c    00000008     MSP_EXP432E401Y.obj (.const:PowerMSP432E4_config)
                  00020a64    00000008     release_pem4f.oem4f (.const)
                  00020a6c    00000008     sbl_simplelink.obj (.const:sblPinsCfg)
                  00020a74    00000008     drivers_msp432e4.aem4f : UARTMSP432E4.oem4f (.const:stopBits)
                  00020a7c    00000008     release_pem4f.oem4f (.const:ti_sysbios_knl_Idle_funcList__C)
                  00020a84    00000008     release_pem4f.oem4f (.const:ti_sysbios_knl_Task_hooks__C)
                  00020a8c    00000008     release_pem4f.oem4f (.const:xdc_runtime_Startup_firstFxns__C)
                  00020a94    00000008     release_pem4f.oem4f (.const:xdc_runtime_Startup_lastFxns__C)
                  00020a9c    00000007     drivers_msp432e4.aem4f : GPIOMSP432E4.oem4f (.const:.string:outPinStrengths)
                  00020aa3    00000006                            : GPIOMSP432E4.oem4f (.const:.string:gpioInterruptTypes)
                  00020aa9    00000004                            : GPIOMSP432E4.oem4f (.const:.string:gpioCfgOutputTypes)
                  00020aad    00000002     sbl_tl.obj (.const:.string:ACK)
                  00020aaf    00000001     release_pem4f.oem4f (.const:xdc_runtime_Error_policy__C)
                  00020ab0    00000004     release_pem4f.oem4f (.const:ti_sysbios_family_arm_lm4_Timer_enableFunc__C)
                  00020ab4    00000004     release_pem4f.oem4f (.const:ti_sysbios_family_arm_lm4_Timer_numTimerDevices__C)
                  00020ab8    00000004     release_pem4f.oem4f (.const:ti_sysbios_family_arm_lm4_Timer_startupNeeded__C)
                  00020abc    00000004     release_pem4f.oem4f (.const:ti_sysbios_family_arm_m3_Hwi_E_alreadyDefined__C)
                  00020ac0    00000004     release_pem4f.oem4f (.const:ti_sysbios_family_arm_m3_Hwi_NUM_INTERRUPTS__C)
                  00020ac4    00000004     release_pem4f.oem4f (.const:ti_sysbios_family_arm_m3_Hwi_Object__count__C)
                  00020ac8    00000004     release_pem4f.oem4f (.const:ti_sysbios_family_arm_m3_Hwi_ccr__C)
                  00020acc    00000004     release_pem4f.oem4f (.const:ti_sysbios_family_arm_m3_Hwi_excHandlerFunc__C)
                  00020ad0    00000004     release_pem4f.oem4f (.const:ti_sysbios_family_arm_m3_Hwi_nullIsrFunc__C)
                  00020ad4    00000004     release_pem4f.oem4f (.const:ti_sysbios_family_arm_m3_Hwi_priGroup__C)
                  00020ad8    00000004     release_pem4f.oem4f (.const:ti_sysbios_family_arm_m3_TaskSupport_stackAlignment__C)
                  00020adc    00000004     release_pem4f.oem4f (.const:ti_sysbios_gates_GateMutex_Instance_State_sem__O)
                  00020ae0    00000004     release_pem4f.oem4f (.const:ti_sysbios_heaps_HeapMem_E_memory__C)
                  00020ae4    00000004     release_pem4f.oem4f (.const:ti_sysbios_heaps_HeapMem_Module__gateObj__C)
                  00020ae8    00000004     release_pem4f.oem4f (.const:ti_sysbios_heaps_HeapMem_Object__count__C)
                  00020aec    00000004     release_pem4f.oem4f (.const:ti_sysbios_heaps_HeapMem_primaryHeapBaseAddr__C)
                  00020af0    00000004     release_pem4f.oem4f (.const:ti_sysbios_heaps_HeapMem_primaryHeapEndAddr__C)
                  00020af4    00000004     release_pem4f.oem4f (.const:ti_sysbios_heaps_HeapMem_reqAlign__C)
                  00020af8    00000004     release_pem4f.oem4f (.const:ti_sysbios_knl_Clock_Module_State_clockQ__O)
                  00020afc    00000004     release_pem4f.oem4f (.const:ti_sysbios_knl_Clock_tickPeriod__C)
                  00020b00    00000004     release_pem4f.oem4f (.const:ti_sysbios_knl_Mailbox_Instance_State_dataQue__O)
                  00020b04    00000004     release_pem4f.oem4f (.const:ti_sysbios_knl_Mailbox_Instance_State_dataSem__O)
                  00020b08    00000004     release_pem4f.oem4f (.const:ti_sysbios_knl_Mailbox_Instance_State_freeQue__O)
                  00020b0c    00000004     release_pem4f.oem4f (.const:ti_sysbios_knl_Mailbox_Instance_State_freeSem__O)
                  00020b10    00000004     release_pem4f.oem4f (.const:ti_sysbios_knl_Mailbox_Object__count__C)
                  00020b14    00000004     release_pem4f.oem4f (.const:ti_sysbios_knl_Mailbox_maxTypeAlign__C)
                  00020b18    00000004     release_pem4f.oem4f (.const:ti_sysbios_knl_Semaphore_Instance_State_pendQ__O)
                  00020b1c    00000004     release_pem4f.oem4f (.const:ti_sysbios_knl_Swi_Object__count__C)
                  00020b20    00000004     release_pem4f.oem4f (.const:ti_sysbios_knl_Task_E_deleteNotAllowed__C)
                  00020b24    00000004     release_pem4f.oem4f (.const:ti_sysbios_knl_Task_Module_State_inactiveQ__O)
                  00020b28    00000004     release_pem4f.oem4f (.const:ti_sysbios_knl_Task_Module_State_terminatedQ__O)
                  00020b2c    00000004     release_pem4f.oem4f (.const:ti_sysbios_knl_Task_Object__count__C)
                  00020b30    00000004     release_pem4f.oem4f (.const:ti_sysbios_knl_Task_Object__heap__C)
                  00020b34    00000004     release_pem4f.oem4f (.const:ti_sysbios_knl_Task_allBlockedFunc__C)
                  00020b38    00000004     release_pem4f.oem4f (.const:ti_sysbios_knl_Task_defaultStackHeap__C)
                  00020b3c    00000004     release_pem4f.oem4f (.const:ti_sysbios_knl_Task_defaultStackSize__C)
                  00020b40    00000004     release_pem4f.oem4f (.const:ti_sysbios_knl_Task_numConstructedTasks__C)
                  00020b44    00000004     release_pem4f.oem4f (.const:xdc_runtime_Error_E_memory__C)
                  00020b48    00000004     release_pem4f.oem4f (.const:xdc_runtime_Error_policyFxn__C)
                  00020b4c    00000004     release_pem4f.oem4f (.const:xdc_runtime_IGateProvider_Interface__BASE__C)
                  00020b50    00000004     release_pem4f.oem4f (.const:xdc_runtime_IHeap_Interface__BASE__C)
                  00020b54    00000004     release_pem4f.oem4f (.const:xdc_runtime_IModule_Interface__BASE__C)
                  00020b58    00000004     release_pem4f.oem4f (.const:xdc_runtime_Memory_defaultHeapInstance__C)
                  00020b5c    00000004     release_pem4f.oem4f (.const:xdc_runtime_Startup_execImpl__C)
                  00020b60    00000004     release_pem4f.oem4f (.const:xdc_runtime_Startup_maxPasses__C)
                  00020b64    00000004     release_pem4f.oem4f (.const:xdc_runtime_Startup_sfxnRts__C)
                  00020b68    00000004     release_pem4f.oem4f (.const:xdc_runtime_Startup_sfxnTab__C)
                  00020b6c    00000004     release_pem4f.oem4f (.const:xdc_runtime_SysCallback_abortFxn__C)
                  00020b70    00000004     release_pem4f.oem4f (.const:xdc_runtime_SysCallback_exitFxn__C)
                  00020b74    00000004     release_pem4f.oem4f (.const:xdc_runtime_SysCallback_putchFxn__C)
                  00020b78    00000004     release_pem4f.oem4f (.const:xdc_runtime_SysCallback_readyFxn__C)
                  00020b7c    00000004     release_pem4f.oem4f (.const:xdc_runtime_System_Module__gateObj__C)
                  00020b80    00000004     release_pem4f.oem4f (.const:xdc_runtime_System_abortFxn__C)
                  00020b84    00000004     release_pem4f.oem4f (.const:xdc_runtime_System_exitFxn__C)
                  00020b88    00000004     release_pem4f.oem4f (.const:xdc_runtime_System_extendFxn__C)
                  00020b8c    00000004     release_pem4f.oem4f (.const:xdc_runtime_System_maxAtexitHandlers__C)
                  00020b90    00000002     sbl_tl.obj (.const:.string:BAUD)
                  00020b92    00000002     sbl_tl.obj (.const:.string:NACK)
                  00020b94    00000002     release_pem4f.oem4f (.const:ti_sysbios_family_arm_m3_Hwi_Module__id__C)
                  00020b96    00000002     release_pem4f.oem4f (.const:ti_sysbios_heaps_HeapMem_Module__id__C)
                  00020b98    00000002     release_pem4f.oem4f (.const:ti_sysbios_knl_Task_Module__id__C)
                  00020b9a    00000002     release_pem4f.oem4f (.const:xdc_runtime_Memory_Module__id__C)

.text      0    00020ba0    0000bc9a     
                  00020ba0    000004d8     sap_uart_pm_release.a : npi_ss_ble_sap.oem4f (.text:NPISS_BLE_SNP_msgFromSNP)
                  00021078    00000468     sysbios.aem4f : BIOS.obj (.text:xdc_runtime_System_doPrint__I)
                  000214e0    0000032c     project_zero.obj (.text:ProjectZero_taskFxn)
                  0002180c    000002e4     drivers_msp432e4.aem4f : UARTMSP432E4.oem4f (.text:UARTMSP432E4_open)
                  00021af0    000002a0     project_zero.obj (.text:ProjectZero_init)
                  00021d90    000002a0     sysbios.aem4f : BIOS.obj (.text:ti_sysbios_family_arm_msp432e4_init_Boot_sysCtlClockFreqSetI__I)
                  00022030    00000234     npi_uart_pm_release.a : npi_task_posix.oem4f (.text:NPITask_open)
                  00022264    00000230     sap_uart_pm_release.a : sap.oem4f (.text:SAP_registerService)
                  00022494    000001ec                           : snp_rpc.oem4f (.text:SNP_RPC_addCharDescDec)
                  00022680    000001e4     npi_uart_pm_release.a : npi_task_posix.oem4f (.text:NPITask_Fxn)
                  00022864    000001b6     rtsv7M4_T_le_v4SPD16_eabi.lib : fd_add_t2.asm.obj (.text)
                  00022a1a    00000006     display.aem4f : DisplayUart.oem4f (.text:DisplayUartMin_control)
                  00022a20    000001b0     sysbios.aem4f : BIOS.obj (.text:mq_open)
                  00022bd0    00000188     release_pem4f.oem4f (.text:xdc_runtime_System_printfExtend__I)
                  00022d58    0000016c     project_zero.obj (.text:buttonDebounceCallbackFxn)
                  00022ec4    00000160     drivers_msp432e4.aem4f : PWMMSP432E4.oem4f (.text:PWMMSP432E4_setDutyAndPeriod)
                  00023024    0000015c     project_zero.obj (.text:ProjectZero_processDataServiceCB)
                  00023180    00000158     drivers_msp432e4.aem4f : GPIOMSP432E4.oem4f (.text:GPIO_setConfig)
                  000232d8    00000154     sysbios.aem4f : BIOS.obj (.text:ti_sysbios_knl_Task_Instance_finalize__E)
                  0002342c    00000150     sap_uart_pm_release.a : sap.oem4f (.text:SAP_setParam)
                  0002357c    00000150     drivers_msp432e4.aem4f : PWMMSP432E4.oem4f (.text:initHw)
                  000236cc    00000148     project_zero.obj (.text:ProjectZero_updateSNP_taskFxn)
                  00023814    00000140     npi_uart_pm_release.a : npi_tl_simplelink.oem4f (.text:NPITL_openTL)
                  00023954    00000140     sap_uart_pm_release.a : sap.oem4f (.text:handleAsyncCB)
                  00023a94    00000138     npi_uart_pm_release.a : npi_tl_uart_m_simplelink.oem4f (.text:NPITLUART_readCallBack)
                  00023bcc    00000130     msp432e4_driverlib.a : gpio_MSP432E411Y.obj (.text:GPIOPadConfigSet)
                  00023cfc    00000004     dpl_msp432e4.aem4f : ClockP_tirtos.oem4f (.text:ClockP_getCpuFreq)
                  00023d00    00000130     sysbios.aem4f : BIOS.obj (.text:ti_sysbios_knl_Semaphore_pend__E)
                  00023e30    00000124     npi_uart_pm_release.a : npi_tl_uart_m_simplelink.oem4f (.text:NPITLUART_openTransport)
                  00023f54    0000011c     data_service.obj (.text:DataService_setParameter)
                  00024070    00000118     drivers_msp432e4.aem4f : TimerMSP432E4.oem4f (.text:TimerMSP432E4_open)
                  00024188    00000114     button_service.obj (.text:ButtonService_setParameter)
                  0002429c    00000004     dpl_msp432e4.aem4f : ClockP_tirtos.oem4f (.text:ClockP_setTimeout)
                  000242a0    0000010c     sysbios.aem4f : BIOS.obj (.text:ti_sysbios_family_arm_lm4_Timer_start__E)
                  000243ac    00000004     dpl_msp432e4.aem4f : ClockP_tirtos.oem4f (.text:ClockP_start)
                  000243b0    00000108     sysbios.aem4f : BIOS.obj (.text:ti_sysbios_knl_Task_postInit__I)
                  000244b8    00000108                   : BIOS.obj (.text:xdc_runtime_Startup_startMods__I)
                  000245c0    000000fc     sbl.obj (.text:SBL_writeImage)
                  000246bc    000000fc     rtsv7M4_T_le_v4SPD16_eabi.lib : fd_mul_t2.asm.obj (.text)
                  000247b8    000000f4     sysbios.aem4f : m3_Hwi_asm.obj (.text:ti_sysbios_family_arm_m3_Hwi_dispatch__I)
                  000248ac    00000004     dpl_msp432e4.aem4f : ClockP_tirtos.oem4f (.text:ClockP_stop)
                  000248b0    000000f0     sysbios.aem4f : BIOS.obj (.text:pthread_create)
                  000249a0    000000ec                   : BIOS.obj (.text:ti_sysbios_knl_Task_Instance_init__E)
                  00024a8c    00000004     dpl_msp432e4.aem4f : HwiP_tirtos.oem4f (.text:HwiP_clearInterrupt)
                  00024a90    000000e8     sysbios.aem4f : BIOS.obj (.text:ti_sysbios_family_arm_m3_TaskSupport_start__E)
                  00024b78    000000e0                   : BIOS.obj (.text:clock_gettime)
                  00024c58    000000d8     data_service.obj (.text:DataService_ReadAttrCB)
                  00024d30    000000d8     sysbios.aem4f : BIOS.obj (.text:ti_sysbios_knl_Mailbox_Instance_init__E)
                  00024e08    000000d4     button_service.obj (.text:ButtonService_addService)
                  00024edc    000000d4     data_service.obj (.text:DataService_addService)
                  00024fb0    000000d0     data_service.obj (.text:DataService_WriteAttrCB)
                  00025080    000000d0     led_service.obj (.text:LEDService_addService)
                  00025150    000000d0     sysbios.aem4f : BIOS.obj (.text:ti_sysbios_heaps_HeapMem_alloc__E)
                  00025220    000000cc     project_zero.obj (.text:ProjectZero_processSNPEventCB)
                  000252ec    000000c8     button_service.obj (.text:ButtonService_CCCDIndCB)
                  000253b4    000000c4     profile_util.obj (.text:ProfileUtil_getCharIDFromHdl)
                  00025478    000000c4     project_zero.obj (.text:ProjectZero_processLEDServiceCB)
                  0002553c    00000004     dpl_msp432e4.aem4f : HwiP_tirtos.oem4f (.text:HwiP_disable)
                  00025540    000000c4     sysbios.aem4f : BIOS.obj (.text:ti_sysbios_knl_Task_sleep__E)
                  00025604    000000bc     led_service.obj (.text:LEDService_registerAppCBs)
                  000256c0    000000bc     project_zero.obj (.text:buttonTask_createTask)
                  0002577c    00000004     npi_uart_pm_release.a : npi_task_posix.oem4f (.text:NPITask_freeFrame)
                  00025780    000000bc     sysbios.aem4f : BIOS.obj (.text:ti_sysbios_knl_Task_exit__E)
                  0002583c    00000004     sap_uart_pm_release.a : sap.oem4f (.text:SAP_registerEventCB)
                  00025840    000000b8     sysbios.aem4f : BIOS.obj (.text:xdc_runtime_Core_createObject__I)
                  000258f8    000000b6     drivers_msp432e4.aem4f : UARTMSP432E4.oem4f (.text:readTaskCallback)
                  000259ae    00000002     display.aem4f : DisplayUart.oem4f (.text:DisplayUartMin_clear)
                  000259b0    000000b4     button_service.obj (.text:ButtonService_registerAppCBs)
                  00025a64    000000b4     data_service.obj (.text:DataService_registerAppCBs)
                  00025b18    000000b2     drivers_msp432e4.aem4f : UARTMSP432E4.oem4f (.text:UARTMSP432E4_close)
                  00025bca    00000006     display.aem4f : DisplayUart.oem4f (.text:DisplayUartMin_getType)
                  00025bd0    000000b0     sysbios.aem4f : BIOS.obj (.text:ti_sysbios_family_arm_lm4_Timer_enableTiva__I)
                  00025c80    000000ac     drivers_msp432e4.aem4f : GPIOMSP432E4.oem4f (.text:GPIO_init)
                  00025d2c    000000aa     sbl.obj (.text:SBL_eraseFlash)
                  00025dd6    00000002     display.aem4f : DisplayUart.oem4f (.text:DisplayUartMin_clearLines)
                  00025dd8    000000a8     npi_uart_pm_release.a : npi_task_posix.oem4f (.text:NPITask_transportProcessTransportData)
                  00025e80    000000a8     drivers_msp432e4.aem4f : UARTMSP432E4.oem4f (.text:readTaskBlocking)
                  00025f28    000000a4     button_service.obj (.text:ButtonService_ReadAttrCB)
                  00025fcc    000000a4     data_service.obj (.text:DataService_CCCDIndCB)
                  00026070    000000a4     npi_uart_pm_release.a : npi_tl_uart_m_simplelink.oem4f (.text:NPITLUART_writeCallBack)
                  00026114    00000004     sap_uart_pm_release.a : snp_rpc_synchro.oem4f (.text:SNP_malloc)
                  00026118    000000a4     sysbios.aem4f : BIOS.obj (.text:ti_sysbios_knl_Task_setPri__E)
                  000261bc    000000a0     npi_uart_pm_release.a : npi_tl_simplelink.oem4f (.text:NPITL_remRdyPINHwiFxn)
                  0002625c    000000a0     drivers_msp432e4.aem4f : PWMMSP432E4.oem4f (.text:PWMMSP432E4_setDuty)
                  000262fc    000000a0     auto_init.aem4f : auto_init.oem4f (.text)
                  0002639c    0000009e     drivers_msp432e4.aem4f : UARTMSP432E4.oem4f (.text:UARTMSP432E4_readPolling)
                  0002643a    00000002     display.aem4f : DisplayUart.oem4f (.text:DisplayUartMin_init)
                  0002643c    0000009c     led_service.obj (.text:LEDService_WriteAttrCB)
                  000264d8    0000009c     sysbios.aem4f : BIOS.obj (.text:_pthread_removeThreadKeys)
                  00026574    0000009c     rtsv7M4_T_le_v4SPD16_eabi.lib : memcpy_t2.asm.obj (.text)
                  00026610    0000009a     drivers_msp432e4.aem4f : PWMMSP432E4.oem4f (.text:PWMMSP432E4_setPeriod)
                  000266aa    00000098                            : UARTMSP432E4.oem4f (.text:UARTMSP432E4_write)
                  00026742    00000006     msp432e4_driverlib.a : gpio_MSP432E411Y.obj (.text:GPIOIntClear)
                  00026748    00000098     sysbios.aem4f : BIOS.obj (.text:ti_sysbios_family_arm_m3_Hwi_Instance_init__E)
                  000267e0    00000096     rtsv7M4_T_le_v4SPD16_eabi.lib : ull_div_t2.asm.obj (.text)
                  00026876    00000002     npi_uart_pm_release.a : npi_tl_uart_m_simplelink.oem4f (.text:NPITLUART_stopTransfer)
                  00026878    00000094                           : npi_task_posix.oem4f (.text:NPITask_close)
                  0002690c    00000094     drivers_msp432e4.aem4f : PWMMSP432E4.oem4f (.text:PWMMSP432E4_open)
                  000269a0    00000094                            : UARTMSP432E4.oem4f (.text:readIsrTextBlocking)
                  00026a34    00000004     dpl_msp432e4.aem4f : SemaphoreP_tirtos.oem4f (.text:SemaphoreP_post)
                  00026a38    00000094     sysbios.aem4f : BIOS.obj (.text:ti_sysbios_family_arm_m3_Hwi_initNVIC__E)
                  00026acc    00000090     drivers_msp432e4.aem4f : UARTMSP432E4.oem4f (.text:UARTMSP432E4_control)
                  00026b5c    00000004     dpl_msp432e4.aem4f : SystemP_tirtos.oem4f (.text:SystemP_vsnprintf)
                  00026b60    00000090     sysbios.aem4f : BIOS.obj (.text:ti_sysbios_knl_Task_Module_startup__E)
                  00026bf0    0000008e     drivers_msp432e4.aem4f : PWMMSP432E4.oem4f (.text:PWMMSP432E4_close)
                  00026c7e    00000002                            : PWMMSP432E4.oem4f (.text:PWMMSP432E4_init)
                  00026c80    0000008c     sysbios.aem4f : BIOS.obj (.text:condWait$45)
                  00026d0c    00000004     msp432e4_driverlib.a : timer_MSP432E411Y.obj (.text:TimerIntClear)
                  00026d10    0000008c     sysbios.aem4f : BIOS.obj (.text:xdc_runtime_Memory_alloc__E)
                  00026d9c    00000088     sap_uart_pm_release.a : sap.oem4f (.text:SAP_open)
                  00026e24    00000088     coordinateProcessing.obj (.text:coordinateProcessing_createTask)
                  00026eac    00000088     drivers_msp432e4.aem4f : UARTMSP432E4.oem4f (.text:readIsrTextCallback)
                  00026f34    00000004     msp432e4_driverlib.a : uart_MSP432E411Y.obj (.text:UARTIntClear)
                  00026f38    00000088     sysbios.aem4f : BIOS.obj (.text:ti_sysbios_knl_Mailbox_post__E)
                  00026fc0    00000086     rtsv7M4_T_le_v4SPD16_eabi.lib : fd_cmp_t2.asm.obj (.text:__aeabi_cdcmple)
                  00027046    00000086                                   : fd_cmp_t2.asm.obj (.text:__aeabi_cdrcmple)
                  000270cc    00000004     release_pem4f.oem4f (.text:ti_sysbios_BIOS_RtsGateProxy_enter__E)
                  000270d0    00000086     sysbios.aem4f : BIOS.obj (.text:xdc_runtime_Core_constructObject__I)
                  00027156    00000002     sbl_simplelink.obj (.text:SBL_closePins)
                  00027158    00000084     sysbios.aem4f : BIOS.obj (.text:ti_sysbios_family_arm_m3_Hwi_postInit__I)
                  000271dc    00000004     release_pem4f.oem4f (.text:ti_sysbios_BIOS_RtsGateProxy_leave__E)
                  000271e0    00000084     sysbios.aem4f : BIOS.obj (.text:ti_sysbios_heaps_HeapMem_free__E)
                  00027264    00000004                   : BIOS.obj (.text:ti_sysbios_family_arm_lm4_Timer_masterEnable__I)
                  00027268    00000080                   : BIOS.obj (.text:ti_sysbios_knl_Clock_workFunc__E)
                  000272e8    0000007c     npi_uart_pm_release.a : npi_tl_simplelink.oem4f (.text:NPITL_closeTL)
                  00027364    00000004     release_pem4f.oem4f (.text:ti_sysbios_family_arm_m3_Hwi_delete)
                  00027368    0000007c     sysbios.aem4f : BIOS.obj (.text:_pthread_abstime2ticks)
                  000273e4    0000007c     drivers_msp432e4.aem4f : UARTMSP432E4.oem4f (.text:writeData)
                  00027460    0000007a     rtsv7M4_T_le_v4SPD16_eabi.lib : memset_t2.asm.obj (.text)
                  000274da    00000002     drivers_msp432e4.aem4f : TimerMSP432E4.oem4f (.text:TimerMSP432E4_init)
                  000274dc    00000078     npi_uart_pm_release.a : npi_tl_simplelink.oem4f (.text:NPITL_writeTL)
                  00027554    00000004     release_pem4f.oem4f (.text:ti_sysbios_family_arm_m3_TaskSupport_Module__startupDone__S)
                  00027558    00000075     sysbios.aem4f : BIOS.obj (.text:xdc_runtime_System_formatNum__I)
                  000275cd    00000001     --HOLE-- [fill = 0]
                  000275ce    00000002     drivers_msp432e4.aem4f : UARTMSP432E4.oem4f (.text:UARTMSP432E4_init)
                  000275d0    00000074     led_service.obj (.text:LEDService_ReadAttrCB)
                  00027644    00000074     led_service.obj (.text:LEDService_setParameter)
                  000276b8    00000074     project_zero.obj (.text:ProjectZero_asyncCB)
                  0002772c    00000004     release_pem4f.oem4f (.text:ti_sysbios_heaps_HeapMem_Module_GateProxy_enter__E)
                  00027730    00000074     sysbios.aem4f : BIOS.obj (.text:ti_sysbios_knl_Mailbox_pend__E)
                  000277a4    00000004     release_pem4f.oem4f (.text:ti_sysbios_heaps_HeapMem_Module_GateProxy_leave__E)
                  000277a8    00000074     sysbios.aem4f : BIOS.obj (.text:xdc_runtime_Core_deleteObject__I)
                  0002781c    00000072     drivers_msp432e4.aem4f : TimerMSP432E4.oem4f (.text:TimerMSP432E4_start)
                  0002788e    00000070     sbl_cmd.obj (.text:SBL_CMD_memoryRead)
                  000278fe    00000002     rtsv7M4_T_le_v4SPD16_eabi.lib : _lock.c.obj (.text:_nop)
                  00027900    00000070     sbl_tl.obj (.text:SBL_TL_getRsp)
                  00027970    00000070     sysbios.aem4f : BIOS.obj (.text:acquireMutexNone$47)
                  000279e0    00000070                   : BIOS.obj (.text:ti_sysbios_heaps_HeapMem_initPrimary__I)
                  00027a50    00000070                   : BIOS.obj (.text:ti_sysbios_knl_Mailbox_Instance_finalize__E)
                  00027ac0    00000070     project_zero.obj (.text:updateSNP_createTask)
                  00027b30    0000006c     drivers_msp432e4.aem4f : PowerMSP432E4.oem4f (.text:Power_releaseDependency)
                  00027b9c    0000006c     profile_util.obj (.text:ProfileUtil_convertBdAddr2Str)
                  00027c08    0000006c     profile_util.obj (.text:ProfileUtil_getHdlFromCharID)
                  00027c74    0000006c     sap_uart_pm_release.a : sap.oem4f (.text:SAP_close)
                  00027ce0    0000006c     sysbios.aem4f : BIOS.obj (.text:pthread_cancel)
                  00027d4c    00000004     release_pem4f.oem4f (.text:ti_sysbios_knl_Clock_TimerProxy_getMaxTicks__E)
                  00027d50    0000006c     sysbios.aem4f : BIOS.obj (.text:ti_sysbios_knl_Swi_restoreHwi__E)
                  00027dbc    0000006a     sap_uart_pm_release.a : snp_rpc.oem4f (.text:SNP_RPC_readCharCnf)
                  00027e26    00000002     rtsv7M4_T_le_v4SPD16_eabi.lib : div0.asm.obj (.text)
                  00027e28    00000068     drivers_msp432e4.aem4f : GPIOMSP432E4.oem4f (.text:GPIO_hwiIntFxn)
                  00027e90    00000068     npi_uart_pm_release.a : npi_task_posix.oem4f (.text:NPITask_ProcessTXQ)
                  00027ef8    00000068                           : npi_task_posix.oem4f (.text:NPITask_sendToHost)
                  00027f60    00000068     drivers_msp432e4.aem4f : PowerMSP432E4.oem4f (.text:Power_setDependency)
                  00027fc8    00000068                            : TimerMSP432E4.oem4f (.text:TimerMSP432E4_allocateTimerResource)
                  00028030    00000068     rtsv7M4_T_le_v4SPD16_eabi.lib : copy_decompress_lzss.c.obj (.text:decompress:lzss:__TI_decompress_lzss)
                  00028098    00000068     sysbios.aem4f : BIOS.obj (.text:pthread_exit)
                  00028100    00000068     drivers_msp432e4.aem4f : UARTMSP432E4.oem4f (.text:readIsrBinaryBlocking)
                  00028168    00000064                            : PowerMSP432E4.oem4f (.text:Power_init)
                  000281cc    00000064     project_zero.obj (.text:ProjectZero_createTask)
                  00028230    00000064     sap_uart_pm_release.a : snp_rpc.oem4f (.text:SNP_RPC_startAdvertising)
                  00028294    00000064                           : snp_rpc.oem4f (.text:SNP_RPC_updateConnectionParams)
                  000282f8    00000064     sysbios.aem4f : BIOS.obj (.text:pthread_join)
                  0002835c    00000064     drivers_msp432e4.aem4f : UARTMSP432E4.oem4f (.text:readIsrBinaryCallback)
                  000283c0    00000064     sysbios.aem4f : BIOS.obj (.text:ti_sysbios_family_arm_lm4_Timer_Module_startup__E)
                  00028424    00000004     release_pem4f.oem4f (.text:ti_sysbios_knl_Clock_delete)
                  00028428    00000064     sysbios.aem4f : BIOS.obj (.text:ti_sysbios_family_arm_m3_Hwi_dispatchC__I)
                  0002848c    00000060     sap_uart_pm_release.a : snp_rpc.oem4f (.text:SNP_RPC_addCharValueDec)
                  000284ec    00000004     release_pem4f.oem4f (.text:ti_sysbios_knl_Semaphore_delete)
                  000284f0    00000060     sysbios.aem4f : BIOS.obj (.text:ti_sysbios_family_arm_lm4_Seconds_getTime__E)
                  00028550    00000060                   : BIOS.obj (.text:ti_sysbios_knl_Semaphore_post__E)
                  000285b0    00000060                   : BIOS.obj (.text:ti_sysbios_knl_Swi_run__I)
                  00028610    0000005c     display.aem4f : Display.oem4f (.text:Display_doOpen)
                  0002866c    0000005c     npi_uart_pm_release.a : npi_tl_uart_m_simplelink.oem4f (.text:NPITLUART_closeTransport)
                  000286c8    0000005c     sbl_tl.obj (.text:SBL_TL_sendCmd)
                  00028724    0000005c     drivers_msp432e4.aem4f : TimerMSP432E4.oem4f (.text:getPowerMgrId)
                  00028780    0000005c                            : UARTMSP432E4.oem4f (.text:getPowerResourceId)
                  000287dc    00000004     release_pem4f.oem4f (.text:ti_sysbios_knl_Task_delete)
                  000287e0    0000005c     sysbios.aem4f : BIOS.obj (.text:ti_sysbios_knl_Swi_schedule__I)
                  0002883c    00000004     release_pem4f.oem4f (.text:xdc_runtime_System_Module_GateProxy_enter__E)
                  00028840    0000005c     sysbios.aem4f : BIOS.obj (.text:ti_sysbios_knl_Task_startCore__E)
                  0002889c    00000004     release_pem4f.oem4f (.text:xdc_runtime_System_Module_GateProxy_leave__E)
                  000288a0    0000005c     sysbios.aem4f : BIOS.obj (.text:xdc_runtime_Startup_exec__E)
                  000288fc    0000005a     sap_uart_pm_release.a : snp_rpc.oem4f (.text:SNP_RPC_sendNotifInd)
                  00028956    00000002     release_pem4f.oem4f (.text:ti_sysbios_BIOS_nullFunc__I)
                  00028958    0000005a     sysbios.aem4f : BIOS.obj (.text:mq_timedreceive)
                  000289b2    00000002     --HOLE-- [fill = 0]
                  000289b4    00000058     data_service.obj (.text:DataService_getParameter)
                  00028a0c    00000058     msp432e4_driverlib.a : gpio_MSP432E411Y.obj (.text:GPIOIntTypeSet)
                  00028a64    00000058     drivers_msp432e4.aem4f : GPIOMSP432E4.oem4f (.text:GPIO_setCallback)
                  00028abc    00000058     npi_uart_pm_release.a : npi_tl_uart_m_simplelink.oem4f (.text:NPITLUART_handleRemRdyEvent)
                  00028b14    00000058                           : npi_tl_simplelink.oem4f (.text:NPITL_handleRemRdyEvent)
                  00028b6c    00000058     project_zero.obj (.text:ProjectZero_initServices)
                  00028bc4    00000058     sbl_tl.obj (.text:SBL_TL_open)
                  00028c1c    00000058     boot.aem4f : boot.oem4f (.text)
                  00028c74    00000058     sysbios.aem4f : m3_Hwi_asm_switch.obj (.text:ti_sysbios_family_arm_m3_Hwi_initStacks__E)
                  00028ccc    00000056     drivers_msp432e4.aem4f : PWMMSP432E4.oem4f (.text:PWMMSP432E4_stop)
                  00028d22    00000002     --HOLE-- [fill = 0]
                  00028d24    00000054                            : GPIOMSP432E4.oem4f (.text:GPIO_write)
                  00028d78    00000054     npi_uart_pm_release.a : npi_task_posix.oem4f (.text:NPITask_processSyncRXQ)
                  00028dcc    00000054     sbl.obj (.text:SBL_openTarget)
                  00028e20    00000054     sysbios.aem4f : BIOS.obj (.text:ti_sysbios_family_arm_lm4_Timer_initDevice__I)
                  00028e74    00000054     release_pem4f.oem4f (.text:ti_sysbios_family_arm_m3_Hwi_create)
                  00028ec8    00000054     release_pem4f.oem4f (.text:ti_sysbios_knl_Mailbox_create)
                  00028f1c    00000052     sbl_cmd.obj (.text:SBL_CMD_download)
                  00028f6e    00000002     --HOLE-- [fill = 0]
                  00028f70    00000050     dpl_msp432e4.aem4f : ClockP_tirtos.oem4f (.text:ClockP_create)
                  00028fc0    00000050     drivers_msp432e4.aem4f : UARTMSP432E4.oem4f (.text:UARTMSP432E4_hwiIntFxn)
                  00029010    00000050     coordinateProcessing.obj (.text:processQueue)
                  00029060    00000050     sysbios.aem4f : BIOS.obj (.text:ti_sysbios_family_arm_m3_Hwi_Module_startup__E)
                  000290b0    00000050     release_pem4f.oem4f (.text:ti_sysbios_knl_Task_create)
                  00029100    0000004e     sbl_tl.obj (.text:SBL_TL_CKS)
                  0002914e    0000004e     drivers_msp432e4.aem4f : TimerMSP432E4.oem4f (.text:TimerMSP432E4_stop)
                  0002919c    0000004e                            : TimerMSP432E4.oem4f (.text:initHw)
                  000291ea    00000002     --HOLE-- [fill = 0]
                  000291ec    0000004c     sbl_tl.obj (.text:SBL_TL_getRspACK)
                  00029238    0000004c     drivers_msp432e4.aem4f : TimerMSP432E4.oem4f (.text:TimerMSP432E4_freeTimerResource)
                  00029284    0000004c                            : UARTMSP432E4.oem4f (.text:UARTMSP432E4_writePolling)
                  000292d0    0000004c     rtsv7M4_T_le_v4SPD16_eabi.lib : atoi.c.obj (.text:atoi)
                  0002931c    0000004c                                   : cpy_tbl.c.obj (.text:copy_in)
                  00029368    0000004c     drivers_msp432e4.aem4f : PWMMSP432E4.oem4f (.text:getDutyTicks)
                  000293b4    0000004c                            : PWMMSP432E4.oem4f (.text:getPeriodTicks)
                  00029400    0000004c                            : UARTMSP432E4.oem4f (.text:ringBufGet)
                  0002944c    00000004     --HOLE-- [fill = 0]
                  00029450    0000004c     sysbios.aem4f : BIOS.obj (.text:ti_sysbios_heaps_HeapMem_getStats__E)
                  0002949c    00000004     --HOLE-- [fill = 0]
                  000294a0    0000004c                   : BIOS.obj (.text:ti_sysbios_knl_Swi_runLoop__I)
                  000294ec    00000004     --HOLE-- [fill = 0]
                  000294f0    0000004c                   : BIOS.obj (.text:ti_sysbios_knl_Task_allBlockedFunction__I)
                  0002953c    00000004     --HOLE-- [fill = 0]
                  00029540    0000004c                   : BIOS.obj (.text:ti_sysbios_knl_Task_schedule__I)
                  0002958c    0000004a     display.aem4f : DisplayUart.oem4f (.text:DisplayUartMin_open)
                  000295d6    00000002     --HOLE-- [fill = 0]
                  000295d8    00000048     npi_uart_pm_release.a : npi_tl_uart_m_simplelink.oem4f (.text:NPITLUART_writeTransport)
                  00029620    00000048                           : npi_task_posix.oem4f (.text:NPITask_RemRdyEventCB)
                  00029668    00000048     drivers_msp432e4.aem4f : UARTMSP432E4.oem4f (.text:UARTMSP432E4_writeCancel)
                  000296b0    00000048     main_tirtos.obj (.text:main)
                  000296f8    00000048     sysbios.aem4f : BIOS.obj (.text:mq_close)
                  00029740    00000048                   : BIOS.obj (.text:pthread_mutex_init)
                  00029788    00000048     rtsv7M4_T_le_v4SPD16_eabi.lib : fd_toi_t2.asm.obj (.text)
                  000297d0    00000048     sysbios.aem4f : BIOS.obj (.text:ti_sysbios_family_arm_lm4_Timer_enableTimers__I)
                  00029818    00000048                   : BIOS.obj (.text:ti_sysbios_family_arm_m3_Hwi_disableInterrupt__E)
                  00029860    00000048                   : BIOS.obj (.text:ti_sysbios_family_arm_m3_Hwi_enableInterrupt__E)
                  000298a8    00000048                   : BIOS.obj (.text:ti_sysbios_knl_Mailbox_Module_startup__E)
                  000298f0    00000048                   : BIOS.obj (.text:ti_sysbios_knl_Task_deleteTerminatedTasksFunc__I)
                  00029938    00000048                   : BIOS.obj (.text:xdc_runtime_Core_assignParams__I)
                  00029980    00000046     display.aem4f : DisplayUart.oem4f (.text:DisplayUartMin_vprintf)
                  000299c6    00000046     drivers_msp432e4.aem4f : RingBuf.oem4f (.text:RingBuf_put)
                  00029a0c    00000046     sap_uart_pm_release.a : snp_rpc.oem4f (.text:SNP_RPC_setGATTParam)
                  00029a52    00000046     drivers_msp432e4.aem4f : TimerMSP432E4.oem4f (.text:getPrescaler)
                  00029a98    00000044     npi_uart_pm_release.a : npi_tl_uart_m_simplelink.oem4f (.text:NPITLUART_validPacketFound)
                  00029adc    00000044                           : npi_task_posix.oem4f (.text:NPITask_DeserializeFrame)
                  00029b20    00000044     drivers_msp432e4.aem4f : PWM.oem4f (.text:PWM_init)
                  00029b64    00000044     sbl_image_int.obj (.text:SBL_IMG_isValid)
                  00029ba8    00000044     drivers_msp432e4.aem4f : Timer.oem4f (.text:Timer_init)
                  00029bec    00000044                            : UART.oem4f (.text:UART_init)
                  00029c30    00000044     rtsv7M4_T_le_v4SPD16_eabi.lib : fd_tou_t2.asm.obj (.text)
                  00029c74    00000004     --HOLE-- [fill = 0]
                  00029c78    00000044     sysbios.aem4f : BIOS.obj (.text:ti_sysbios_family_arm_lm4_Timer_isrStub__E)
                  00029cbc    00000004     --HOLE-- [fill = 0]
                  00029cc0    00000044                   : BIOS.obj (.text:ti_sysbios_family_arm_m3_Hwi_getStackInfo__E)
                  00029d04    00000004     --HOLE-- [fill = 0]
                  00029d08    00000044                   : BIOS.obj (.text:ti_sysbios_knl_Swi_post__E)
                  00029d4c    00000004     --HOLE-- [fill = 0]
                  00029d50    00000044                   : BIOS.obj (.text:xdc_runtime_System_atexit__E)
                  00029d94    00000042     drivers_msp432e4.aem4f : PWMMSP432E4.oem4f (.text:PWMMSP432E4_start)
                  00029dd6    00000042     msp432e4_driverlib.a : uart_MSP432E411Y.obj (.text:UARTConfigSetExpClk)
                  00029e18    00000042     sbl_image_int.obj (.text:flashRead)
                  00029e5a    00000002     --HOLE-- [fill = 0]
                  00029e5c    00000040     dpl_msp432e4.aem4f : HwiP_tirtos.oem4f (.text:HwiP_create)
                  00029e9c    00000040     led_service.obj (.text:LEDService_getParameter)
                  00029edc    00000040     npi_uart_pm_release.a : npi_tl_uart_m_simplelink.oem4f (.text:NPITLUART_readTransport)
                  00029f1c    00000040     drivers_msp432e4.aem4f : PWM.oem4f (.text:PWM_open)
                  00029f5c    00000040                            : RingBuf.oem4f (.text:RingBuf_get)
                  00029f9c    00000040     sbl_cmd.obj (.text:SBL_CMD_sendData)
                  00029fdc    00000040     sbl_simplelink.obj (.text:SBL_initPins)
                  0002a01c    00000040     sap_uart_pm_release.a : snp_rpc.oem4f (.text:SNP_RPC_sendHCICommand)
                  0002a05c    00000040                           : snp_rpc.oem4f (.text:SNP_RPC_setGAPparam)
                  0002a09c    00000040     drivers_msp432e4.aem4f : Timer.oem4f (.text:Timer_open)
                  0002a0dc    00000040                            : UARTMSP432E4.oem4f (.text:UARTMSP432E4_read)
                  0002a11c    00000040                            : UART.oem4f (.text:UART_open)
                  0002a15c    00000004     --HOLE-- [fill = 0]
                  0002a160    00000040     sysbios.aem4f : BIOS.obj (.text:mq_receive)
                  0002a1a0    00000040     rtsv7M4_T_le_v4SPD16_eabi.lib : u_divt2.asm.obj (.text)
                  0002a1e0    00000040     sysbios.aem4f : BIOS.obj (.text:ti_sysbios_family_arm_lm4_Timer_startup__E)
                  0002a220    00000040                   : BIOS.obj (.text:ti_sysbios_heaps_HeapMem_Instance_init__E)
                  0002a260    00000040                   : BIOS.obj (.text:ti_sysbios_knl_Clock_Instance_init__E)
                  0002a2a0    0000003e     sbl_cmd.obj (.text:SBL_CMD_getStatus)
                  0002a2de    00000002     --HOLE-- [fill = 0]
                  0002a2e0    0000003c     npi_uart_pm_release.a : npi_task_posix.oem4f (.text:NPITask_processRXQ)
                  0002a31c    0000003c     sap_uart_pm_release.a : sap.oem4f (.text:SAP_addToEventCBList)
                  0002a358    0000003c     sbl_tl.obj (.text:SBL_TL_uartAutoBaud)
                  0002a394    0000003c     sbl.obj (.text:SBL_closeTarget)
                  0002a3d0    0000003c     sap_uart_pm_release.a : snp_rpc.oem4f (.text:SNP_RPC_addService)
                  0002a40c    0000003c     dpl_msp432e4.aem4f : SemaphoreP_tirtos.oem4f (.text:SemaphoreP_create)
                  0002a448    0000003c     msp432e4_driverlib.a : sysctl_MSP432E411Y.obj (.text:SysCtlPeripheralPresent)
                  0002a484    0000003c                          : sysctl_MSP432E411Y.obj (.text:SysCtlPeripheralReady)
                  0002a4c0    0000003c     sysbios.aem4f : BIOS.obj (.text:pthread_mutex_unlock)
                  0002a4fc    00000004     --HOLE-- [fill = 0]
                  0002a500    0000003c                   : BIOS.obj (.text:ti_sysbios_family_arm_m3_Hwi_Instance_finalize__E)
                  0002a53c    0000003c     release_pem4f.oem4f (.text:ti_sysbios_knl_Clock_create)
                  0002a578    0000003c     sysbios.aem4f : BIOS.obj (.text:ti_sysbios_knl_Swi_restore__E)
                  0002a5b4    00000004     --HOLE-- [fill = 0]
                  0002a5b8    0000003c                   : BIOS.obj (.text:usleep)
                  0002a5f4    00000004     --HOLE-- [fill = 0]
                  0002a5f8    0000003c                   : BIOS.obj (.text:xdc_runtime_System_processAtExit__E)
                  0002a634    0000003a     sbl.obj (.text:SBL_utilDelay)
                  0002a66e    00000002     --HOLE-- [fill = 0]
                  0002a670    00000038     npi_uart_pm_release.a : npi_tl_simplelink.oem4f (.text:NPITL_readTL)
                  0002a6a8    00000038                           : npi_tl_simplelink.oem4f (.text:NPITL_transmissionCallBack)
                  0002a6e0    00000038                           : npi_task_posix.oem4f (.text:NPITask_Params_init)
                  0002a718    00000038     sap_uart_pm_release.a : snp_rpc.oem4f (.text:SNP_RPC_setAdvertisementData)
                  0002a750    00000038     sysbios.aem4f : BIOS.obj (.text:mq_send)
                  0002a788    00000038     rtsv7M4_T_le_v4SPD16_eabi.lib : fs_tod_t2.asm.obj (.text)
                  0002a7c0    00000038     sysbios.aem4f : BIOS.obj (.text:ti_sysbios_knl_Task_processVitalTaskFlag__I)
                  0002a7f8    00000036     sbl_cmd.obj (.text:SBL_CMD_sectorErase)
                  0002a82e    00000036     drivers_msp432e4.aem4f : TimerMSP432E4.oem4f (.text:TimerMSP432E4_hwiIntFunction)
                  0002a864    00000036                            : UARTMSP432E4.oem4f (.text:UARTMSP432E4_readCancel)
                  0002a89a    00000002     --HOLE-- [fill = 0]
                  0002a89c    00000034     sap_uart_pm_release.a : sap.oem4f (.text:SAP_addToAsyncCBList)
                  0002a8d0    00000034                           : sap.oem4f (.text:SAP_reset)
                  0002a904    00000034                           : snp_rpc.oem4f (.text:SNP_RPC_charConfigUpdatedRsp)
                  0002a938    00000034                           : snp_rpc.oem4f (.text:SNP_RPC_writeCharCnf)
                  0002a96c    00000034     msp432e4_driverlib.a : sysctl_MSP432E411Y.obj (.text:SysCtlPeripheralDisable)
                  0002a9a0    00000034                          : sysctl_MSP432E411Y.obj (.text:SysCtlPeripheralEnable)
                  0002a9d4    00000034                          : sysctl_MSP432E411Y.obj (.text:SysCtlPeripheralPowerOff)
                  0002aa08    00000034                          : sysctl_MSP432E411Y.obj (.text:SysCtlPeripheralPowerOn)
                  0002aa3c    00000034                          : sysctl_MSP432E411Y.obj (.text:SysCtlPeripheralSleepDisable)
                  0002aa70    00000034                          : sysctl_MSP432E411Y.obj (.text:SysCtlPeripheralSleepEnable)
                  0002aaa4    00000034     drivers_msp432e4.aem4f : TimerMSP432E4.oem4f (.text:TimerMSP432E4_close)
                  0002aad8    00000034     sysbios.aem4f : BIOS.obj (.text:pthread_cond_signal)
                  0002ab0c    00000034     release_pem4f.oem4f (.text:ti_sysbios_knl_Semaphore_create)
                  0002ab40    00000034     npi_uart_pm_release.a : npi_tl_uart_m_simplelink.oem4f (.text:uartComThread)
                  0002ab74    00000032     sap_uart_pm_release.a : snp_rpc.oem4f (.text:SNP_RPC_terminateConnection)
                  0002aba6    00000002     --HOLE-- [fill = 0]
                  0002aba8    00000032     sysbios.aem4f : BIOS.obj (.text:ti_sysbios_hal_Hwi_initStack)
                  0002abda    00000032     project_zero.obj (.text:user_handleButtonPress)
                  0002ac0c    00000030     drivers_msp432e4.aem4f : GPIOMSP432E4.oem4f (.text:GPIOMSP432E4_undoPinConfig)
                  0002ac3c    00000030                            : GPIOMSP432E4.oem4f (.text:GPIO_disableInt)
                  0002ac6c    00000030                            : GPIOMSP432E4.oem4f (.text:GPIO_enableInt)
                  0002ac9c    00000030                            : GPIOMSP432E4.oem4f (.text:GPIO_read)
                  0002accc    00000030     sap_uart_pm_release.a : sap.oem4f (.text:SAP_initParams)
                  0002acfc    00000030                           : snp_rpc.oem4f (.text:SNP_RPC_setSecurityParam)
                  0002ad2c    00000030                           : snp_rpc.oem4f (.text:SNP_sendSynchronousCmd)
                  0002ad5c    00000030     queue.obj (.text:enQueue)
                  0002ad8c    00000004     --HOLE-- [fill = 0]
                  0002ad90    00000030     sysbios.aem4f : BIOS.obj (.text:findInList$42)
                  0002adc0    00000030     sap_uart_pm_release.a : sap.oem4f (.text:getEventCallbacks)
                  0002adf0    00000030     release_pem4f.oem4f (.text:ti_sysbios_BIOS_atExitFunc__I)
                  0002ae20    00000030     release_pem4f.oem4f (.text:ti_sysbios_BIOS_startFunc__I)
                  0002ae50    00000030     sysbios.aem4f : BIOS.obj (.text:ti_sysbios_family_arm_lm4_Timer_stop__E)
                  0002ae80    00000030     release_pem4f.oem4f (.text:ti_sysbios_gates_GateHwi_Object__create__S)
                  0002aeb0    00000030     release_pem4f.oem4f (.text:ti_sysbios_gates_GateMutex_Object__create__S)
                  0002aee0    00000030     sysbios.aem4f : BIOS.obj (.text:ti_sysbios_gates_GateMutex_enter__E)
                  0002af10    00000030     release_pem4f.oem4f (.text:ti_sysbios_heaps_HeapMem_Object__create__S)
                  0002af40    00000030     sysbios.aem4f : BIOS.obj (.text:ti_sysbios_knl_Mailbox_postInit__I)
                  0002af70    00000030     release_pem4f.oem4f (.text:ti_sysbios_knl_Semaphore_construct)
                  0002afa0    00000030     sysbios.aem4f : BIOS.obj (.text:ti_sysbios_knl_Semaphore_pendTimeout__I)
                  0002afd0    00000030                   : BIOS.obj (.text:ti_sysbios_knl_Task_restore__E)
                  0002b000    00000030                   : BIOS.obj (.text:ti_sysbios_knl_Task_unblockI__E)
                  0002b030    0000002e     npi_uart_pm_release.a : npi_task_posix.oem4f (.text:NPITask_SerializeFrame)
                  0002b05e    0000002e     queue.obj (.text:deQueue)
                  0002b08c    0000002e     rtsv7M4_T_le_v4SPD16_eabi.lib : i_tofd_t2.asm.obj (.text)
                  0002b0ba    0000002e     release_pem4f.oem4f (.text:ti_sysbios_rts_MemAlloc_alloc)
                  0002b0e8    0000002c     msp432e4_driverlib.a : gpio_MSP432E411Y.obj (.text:GPIODirModeSet)
                  0002b114    0000002c                          : gpio_MSP432E411Y.obj (.text:GPIOPinConfigure)
                  0002b140    0000002c     npi_uart_pm_release.a : npi_task_posix.oem4f (.text:NPITask_routeHostToSS)
                  0002b16c    0000002c     sbl_cmd.obj (.text:SBL_CMD_reset)
                  0002b198    0000002c     sbl_cmd.obj (.text:SBL_CMD_uint32MSB)
                  0002b1c4    0000002c     dpl_msp432e4.aem4f : SemaphoreP_tirtos.oem4f (.text:SemaphoreP_createBinary)
                  0002b1f0    0000002c     sysbios.aem4f : BIOS.obj (.text:_pthread_cleanupFxn)
                  0002b21c    00000004     --HOLE-- [fill = 0]
                  0002b220    0000002c                   : BIOS.obj (.text:_pthread_delete$43)
                  0002b24c    00000004     --HOLE-- [fill = 0]
                  0002b250    0000002c                   : BIOS.obj (.text:clockFxn$41)
                  0002b27c    0000002c     command.obj (.text:createCommand)
                  0002b2a8    0000002c     rtsv7M4_T_le_v4SPD16_eabi.lib : strncmp.c.obj (.text:strncmp)
                  0002b2d4    0000002c     release_pem4f.oem4f (.text:ti_sysbios_gates_GateHwi_Handle__label__S)
                  0002b300    0000002c     release_pem4f.oem4f (.text:ti_sysbios_gates_GateMutex_Handle__label__S)
                  0002b32c    0000002c     release_pem4f.oem4f (.text:ti_sysbios_heaps_HeapMem_Handle__label__S)
                  0002b358    0000002c     release_pem4f.oem4f (.text:ti_sysbios_knl_Clock_doTick__I)
                  0002b384    0000002c     release_pem4f.oem4f (.text:ti_sysbios_knl_Queue_construct)
                  0002b3b0    0000002a     display.aem4f : Display.oem4f (.text:Display_doPrintf)
                  0002b3da    0000002a     sap_uart_pm_release.a : snp_rpc.oem4f (.text:SNP_RPC_setWhiteListParam)
                  0002b404    00000004     --HOLE-- [fill = 0]
                  0002b408    0000002a     sysbios.aem4f : BIOS.obj (.text:sem_init)
                  0002b432    00000006     msp432e4_driverlib.a : gpio_MSP432E411Y.obj (.text:GPIOPinRead)
                  0002b438    0000002a     sysbios.aem4f : BIOS.obj (.text:xdc_runtime_System_putchar__I)
                  0002b462    00000002     --HOLE-- [fill = 0]
                  0002b464    00000028     npi_uart_pm_release.a : npi_tl_simplelink.oem4f (.text:NPITL_getRxBufLen)
                  0002b48c    00000028                           : npi_task_posix.oem4f (.text:NPITask_transportDoneCallBack)
                  0002b4b4    00000028     sbl_tl.obj (.text:SBL_TL_sendACK)
                  0002b4dc    00000028     sysbios.aem4f : m3_Hwi_asm.obj (.text:ti_sysbios_family_arm_m3_Hwi_excHandlerAsm__I)
                  0002b504    00000004     --HOLE-- [fill = 0]
                  0002b508    00000028                   : BIOS.obj (.text:ti_sysbios_knl_Clock_addI__E)
                  0002b530    00000028                   : BIOS.obj (.text:ti_sysbios_knl_Swi_Module_startup__E)
                  0002b558    00000028     project_zero.obj (.text:updateSNPFxn)
                  0002b580    00000026     sysbios.aem4f : m3_Hwi_asm.obj (.text:ti_sysbios_family_arm_m3_Hwi_pendSV__I)
                  0002b5a6    00000002     --HOLE-- [fill = 0]
                  0002b5a8    00000024     npi_uart_pm_release.a : npi_tl_simplelink.oem4f (.text:NPITL_checkNpiBusy)
                  0002b5cc    00000024                           : npi_task_posix.oem4f (.text:NPITask_regSSFromHostCB)
                  0002b5f0    00000024     project_zero.obj (.text:ProjectZero_buttonTaskFxn)
                  0002b614    00000024     rtsv7M4_T_le_v4SPD16_eabi.lib : memcmp.c.obj (.text:memcmp)
                  0002b638    00000024     sysbios.aem4f : BIOS.obj (.text:pthread_attr_init)
                  0002b65c    00000024     release_pem4f.oem4f (.text:ti_sysbios_BIOS_registerRTSLock__I)
                  0002b680    00000024     release_pem4f.oem4f (.text:ti_sysbios_BIOS_removeRTSLock__I)
                  0002b6a4    00000024     release_pem4f.oem4f (.text:ti_sysbios_gates_GateMutex_Object__delete__S)
                  0002b6c8    00000024     sysbios.aem4f : BIOS.obj (.text:ti_sysbios_knl_Clock_Module_startup__E)
                  0002b6ec    00000024     release_pem4f.oem4f (.text:ti_sysbios_knl_Clock_Object__delete__S)
                  0002b710    00000024     sysbios.aem4f : BIOS.obj (.text:ti_sysbios_knl_Clock_start__E)
                  0002b734    00000004     --HOLE-- [fill = 0]
                  0002b738    00000024                   : BIOS.obj (.text:ti_sysbios_knl_Semaphore_Instance_init__E)
                  0002b75c    00000024     release_pem4f.oem4f (.text:ti_sysbios_knl_Semaphore_Object__delete__S)
                  0002b780    00000024     sysbios.aem4f : BIOS.obj (.text:ti_sysbios_knl_Task_restoreHwi__E)
                  0002b7a4    00000004     --HOLE-- [fill = 0]
                  0002b7a8    00000024                   : BIOS.obj (.text:xdc_runtime_Error_policyMin__E)
                  0002b7cc    00000004     --HOLE-- [fill = 0]
                  0002b7d0    00000024                   : BIOS.obj (.text:xdc_runtime_System_abort__E)
                  0002b7f4    00000022     msp432e4_driverlib.a : pwm_MSP432E411Y.obj (.text:PWMGenConfigure)
                  0002b816    00000022     sap_uart_pm_release.a : snp_rpc.oem4f (.text:SNP_RPC_registerService)
                  0002b838    00000022     sysbios.aem4f : BIOS.obj (.text:ti_sysbios_family_arm_lm4_Timer_write__I)
                  0002b85a    00000002     --HOLE-- [fill = 0]
                  0002b85c    00000020     drivers_msp432e4.aem4f : GPIOMSP432E4.oem4f (.text:GPIO_clearInt)
                  0002b87c    00000020                            : RingBuf.oem4f (.text:RingBuf_peek)
                  0002b89c    00000020     sbl_image_int.obj (.text:SBL_IMG_getSize)
                  0002b8bc    00000020     sbl.obj (.text:SBL_isLastSectorProtected)
                  0002b8dc    00000020     sap_uart_pm_release.a : snp_rpc_synchro.oem4f (.text:SNP_open)
                  0002b8fc    00000020     msp432e4_driverlib.a : sysctl_MSP432E411Y.obj (.text:SysCtlPeripheralClockGating)
                  0002b91c    00000020                          : uart_MSP432E411Y.obj (.text:UARTDisable)
                  0002b93c    00000020     drivers_msp432e4.aem4f : GPIOMSP432E4.oem4f (.text:getGpioIntIndex)
                  0002b95c    00000004     --HOLE-- [fill = 0]
                  0002b960    00000020     sysbios.aem4f : BIOS.obj (.text:mq_getattr)
                  0002b980    00000020     release_pem4f.oem4f (.text:ti_sysbios_BIOS_rtsLock__I)
                  0002b9a0    00000020     release_pem4f.oem4f (.text:ti_sysbios_family_arm_m3_Hwi_Object__delete__S)
                  0002b9c0    00000020     sysbios.aem4f : BIOS.obj (.text:ti_sysbios_family_arm_m3_Hwi_clearInterrupt__E)
                  0002b9e0    00000020     release_pem4f.oem4f (.text:ti_sysbios_gates_GateHwi_Object__delete__S)
                  0002ba00    00000020     release_pem4f.oem4f (.text:ti_sysbios_heaps_HeapMem_Object__delete__S)
                  0002ba20    00000020     sysbios.aem4f : BIOS.obj (.text:ti_sysbios_knl_Idle_run__E)
                  0002ba40    00000020     release_pem4f.oem4f (.text:ti_sysbios_knl_Semaphore_destruct)
                  0002ba60    00000020     release_pem4f.oem4f (.text:ti_sysbios_knl_Task_Object__delete__S)
                  0002ba80    0000001e     msp432e4_driverlib.a : pwm_MSP432E411Y.obj (.text:PWMPulseWidthSet)
                  0002ba9e    0000001e     sbl.obj (.text:SBL_open)
                  0002babc    0000001e     drivers_msp432e4.aem4f : PWMMSP432E4.oem4f (.text:checkValidPeriod)
                  0002bada    0000001e     sysbios.aem4f : m3_Hwi_asm_switch.obj (.text:ti_sysbios_family_xxx_Hwi_switchAndRunFunc)
                  0002baf8    0000001c     button_service.obj (.text:Button_processSNPEventCB)
                  0002bb14    0000001c     data_service.obj (.text:Data_processSNPEventCB)
                  0002bb30    0000001c     led_service.obj (.text:LED_processSNPEventCB)
                  0002bb4c    0000001c     sbl_image_int.obj (.text:SBL_IMG_open)
                  0002bb68    0000001c     sap_uart_pm_release.a : snp_rpc.oem4f (.text:SNP_RPC_stopAdvertising)
                  0002bb84    0000001c                           : snp_rpc.oem4f (.text:SNP_buildNPIPacket)
                  0002bba0    0000001c     project_zero.obj (.text:buttonCallbackFxnBUTTON0)
                  0002bbbc    0000001c     project_zero.obj (.text:buttonCallbackFxnBUTTON1)
                  0002bbd8    0000001c     queue.obj (.text:newNode)
                  0002bbf4    00000004     --HOLE-- [fill = 0]
                  0002bbf8    0000001c     sysbios.aem4f : BIOS.obj (.text:pthread_cond_init)
                  0002bc14    00000004     --HOLE-- [fill = 0]
                  0002bc18    0000001c                   : BIOS.obj (.text:ti_sysbios_family_arm_m3_Hwi_excHandler__I)
                  0002bc34    0000001c                   : m3_TaskSupport_asm.obj (.text:ti_sysbios_family_arm_m3_TaskSupport_swap__E)
                  0002bc50    0000001c                   : BIOS.obj (.text:ti_sysbios_gates_GateMutex_Instance_init__E)
                  0002bc6c    00000004     --HOLE-- [fill = 0]
                  0002bc70    0000001c                   : BIOS.obj (.text:ti_sysbios_knl_Clock_Instance_finalize__E)
                  0002bc8c    0000001c     release_pem4f.oem4f (.text:ti_sysbios_knl_Queue_destruct)
                  0002bca8    0000001c     sysbios.aem4f : BIOS.obj (.text:ti_sysbios_knl_Queue_get__E)
                  0002bcc4    00000004     --HOLE-- [fill = 0]
                  0002bcc8    0000001c                   : BIOS.obj (.text:ti_sysbios_knl_Queue_put__E)
                  0002bce4    00000004     --HOLE-- [fill = 0]
                  0002bce8    0000001c                   : BIOS.obj (.text:ti_sysbios_knl_Task_enter__I)
                  0002bd04    00000004     --HOLE-- [fill = 0]
                  0002bd08    0000001c                   : BIOS.obj (.text:ti_sysbios_rts_ti_ReentSupport_getReent__F)
                  0002bd24    00000004     --HOLE-- [fill = 0]
                  0002bd28    0000001c                   : BIOS.obj (.text:xdc_runtime_Memory_valloc__E)
                  0002bd44    0000001a     npi_uart_pm_release.a : npi_util_posix.oem4f (.text:NPIUTIL_isQueueEmpty)
                  0002bd5e    0000001a     sap_uart_pm_release.a : sap.oem4f (.text:SAP_setServiceParam)
                  0002bd78    0000001a     sbl_image_int.obj (.text:SBL_IMG_read)
                  0002bd92    0000001a     release_pem4f.oem4f (.text:free)
                  0002bdac    00000018     msp432e4_driverlib.a : gpio_MSP432E411Y.obj (.text:GPIOPinTypeGPIOOutput)
                  0002bdc4    00000018     npi_uart_pm_release.a : npi_tl_uart_m_simplelink.oem4f (.text:NPITLUART_calcFCS)
                  0002bddc    00000018                           : npi_task_posix.oem4f (.text:NPITask_mallocFrame)
                  0002bdf4    00000018     drivers_msp432e4.aem4f : PowerMSP432E4.oem4f (.text:Power_idleFunc)
                  0002be0c    00000018     sap_uart_pm_release.a : snp_rpc_synchro.oem4f (.text:SNP_close)
                  0002be24    00000018     msp432e4_driverlib.a : timer_MSP432E411Y.obj (.text:TimerControlStall)
                  0002be3c    00000018                          : timer_MSP432E411Y.obj (.text:TimerDisable)
                  0002be54    00000018     drivers_msp432e4.aem4f : TimerMSP432E4.oem4f (.text:TimerMSP432E4_getCount)
                  0002be6c    00000018                            : UART.oem4f (.text:UART_Params_init)
                  0002be84    00000018     rtsv7M4_T_le_v4SPD16_eabi.lib : args_main.c.obj (.text:_args_main)
                  0002be9c    00000018     drivers_msp432e4.aem4f : PWMMSP432E4.oem4f (.text:checkValidDuty)
                  0002beb4    00000018     queue.obj (.text:createQueue)
                  0002becc    00000018     rtsv7M4_T_le_v4SPD16_eabi.lib : strcmp.c.obj (.text:strcmp)
                  0002bee4    00000018     release_pem4f.oem4f (.text:ti_sysbios_BIOS_rtsUnlock__I)
                  0002befc    00000018     release_pem4f.oem4f (.text:ti_sysbios_family_arm_lm4_Timer_Module__startupDone__F)
                  0002bf14    00000018     release_pem4f.oem4f (.text:ti_sysbios_family_arm_m3_Hwi_Module__startupDone__F)
                  0002bf2c    00000004     --HOLE-- [fill = 0]
                  0002bf30    00000018     sysbios.aem4f : BIOS.obj (.text:ti_sysbios_gates_GateMutex_leave__E)
                  0002bf48    00000018                   : BIOS.obj (.text:ti_sysbios_knl_Task_sleepTimeout__I)
                  0002bf60    00000018     release_pem4f.oem4f (.text:ti_sysbios_rts_ti_ReentSupport_getTlsAddr__I)
                  0002bf78    00000018     sysbios.aem4f : BIOS.obj (.text:xdc_runtime_Error_init__E)
                  0002bf90    00000018                   : BIOS.obj (.text:xdc_runtime_System_exit__E)
                  0002bfa8    00000016     display.aem4f : DisplayUart.oem4f (.text:DisplayUartMin_close)
                  0002bfbe    00000016     msp432e4_driverlib.a : gpio_MSP432E411Y.obj (.text:GPIOPinTypePWM)
                  0002bfd4    00000016                          : gpio_MSP432E411Y.obj (.text:GPIOPinTypeUART)
                  0002bfea    00000016     sbl.obj (.text:SBL_initParams)
                  0002c000    00000016     release_pem4f.oem4f (.text:ti_sysbios_BIOS_exitFunc__I)
                  0002c016    00000002     --HOLE-- [fill = 0]
                  0002c018    00000016     sysbios.aem4f : BIOS.obj (.text:ti_sysbios_knl_Task_unblock__E)
                  0002c02e    00000002     --HOLE-- [fill = 0]
                  0002c030    00000014     drivers_msp432e4.aem4f : GPIOMSP432E4.oem4f (.text:GPIOMSP432E4_getGpioBaseAddr)
                  0002c044    00000014                            : GPIOMSP432E4.oem4f (.text:GPIOMSP432E4_getPowerResourceId)
                  0002c058    00000014     npi_uart_pm_release.a : npi_tl_simplelink.oem4f (.text:NPITL_relPM)
                  0002c06c    00000014     msp432e4_driverlib.a : pwm_MSP432E411Y.obj (.text:PWMClockSet)
                  0002c080    00000014     drivers_msp432e4.aem4f : PWM.oem4f (.text:PWM_Params_init)
                  0002c094    00000014     sap_uart_pm_release.a : snp_rpc.oem4f (.text:SNP_RPC_registerSAPCBs)
                  0002c0a8    00000014                           : snp_rpc.oem4f (.text:SNP_sendAsyncCmd)
                  0002c0bc    00000014     msp432e4_driverlib.a : uart_MSP432E411Y.obj (.text:UARTEnable)
                  0002c0d0    00000014     sysbios.aem4f : BIOS.obj (.text:pthread_attr_setschedparam)
                  0002c0e4    00000014     rtsv7M4_T_le_v4SPD16_eabi.lib : strcpy.c.obj (.text:strcpy)
                  0002c0f8    00000014                                   : strlen.c.obj (.text:strlen)
                  0002c10c    00000014     release_pem4f.oem4f (.text:ti_sysbios_family_arm_m3_Hwi_Object__get__S)
                  0002c120    00000014     sysbios.aem4f : BIOS.obj (.text:ti_sysbios_family_arm_m3_Hwi_switchFromBootStack__E)
                  0002c134    00000014     release_pem4f.oem4f (.text:ti_sysbios_heaps_HeapMem_Object__get__S)
                  0002c148    00000014     release_pem4f.oem4f (.text:ti_sysbios_knl_Swi_Object__get__S)
                  0002c15c    00000014     release_pem4f.oem4f (.text:ti_sysbios_knl_Task_Object__first__S)
                  0002c170    00000014     release_pem4f.oem4f (.text:ti_sysbios_knl_Task_Object__next__S)
                  0002c184    00000012     msp432e4_driverlib.a : pwm_MSP432E411Y.obj (.text:PWMOutputInvert)
                  0002c196    00000012                          : pwm_MSP432E411Y.obj (.text:PWMOutputState)
                  0002c1a8    00000012     drivers_msp432e4.aem4f : RingBuf.oem4f (.text:RingBuf_construct)
                  0002c1ba    00000012     dpl_msp432e4.aem4f : SemaphoreP_tirtos.oem4f (.text:SemaphoreP_pend)
                  0002c1cc    00000012     msp432e4_driverlib.a : timer_MSP432E411Y.obj (.text:TimerLoadSet)
                  0002c1de    00000012                          : timer_MSP432E411Y.obj (.text:TimerPrescaleSet)
                  0002c1f0    00000012     sysbios.aem4f : BIOS.obj (.text:_pthread_runStub$43)
                  0002c202    00000006     msp432e4_driverlib.a : gpio_MSP432E411Y.obj (.text:GPIOPinWrite)
                  0002c208    00000012     sysbios.aem4f : BIOS.obj (.text:ti_sysbios_hal_Hwi_Module_startup__E)
                  0002c21a    00000012     release_pem4f.oem4f (.text:xdc_runtime_Startup_exec__I)
                  0002c22c    00000010     release_pem4f.oem4f (.text:.bootCodeSection:ti_sysbios_family_arm_msp432e4_init_Boot_init__I)
                  0002c23c    00000010     dpl_msp432e4.aem4f : HwiP_tirtos.oem4f (.text:HwiP_Params_init)
                  0002c24c    00000010     npi_uart_pm_release.a : npi_tl_simplelink.oem4f (.text:NPITL_relLocReady)
                  0002c25c    00000010                           : npi_tl_simplelink.oem4f (.text:NPITL_setPM)
                  0002c26c    00000010     msp432e4_driverlib.a : pwm_MSP432E411Y.obj (.text:PWMGenPeriodSet)
                  0002c27c    00000010     dpl_msp432e4.aem4f : PowerMSP432E4_tirtos.oem4f (.text:PowerMSP432E4_sleepPolicy)
                  0002c28c    00000010     project_zero.obj (.text:ProjectZero_processButtonServicecccdCB)
                  0002c29c    00000010     project_zero.obj (.text:ProjectZero_processDataServicecccdCB)
                  0002c2ac    00000010     project_zero.obj (.text:ProjectZero_processLEDServicecccdCB)
                  0002c2bc    00000010     sbl_tl.obj (.text:SBL_TL_close)
                  0002c2cc    00000010     msp432e4_driverlib.a : sysctl_MSP432E411Y.obj (.text:SysCtlReset)
                  0002c2dc    00000010     drivers_msp432e4.aem4f : Timer.oem4f (.text:Timer_Params_init)
                  0002c2ec    00000010                            : UARTMSP432E4.oem4f (.text:readBlockingTimeout)
                  0002c2fc    00000004     --HOLE-- [fill = 0]
                  0002c300    00000010     sysbios.aem4f : BIOS.obj (.text:ti_sysbios_BIOS_getCpuFreq__E)
                  0002c310    00000010                   : BIOS.obj (.text:ti_sysbios_BIOS_setThreadType__E)
                  0002c320    00000010                   : BIOS.obj (.text:ti_sysbios_BIOS_start__E)
                  0002c330    00000010                   : m3_TaskSupport_asm.obj (.text:ti_sysbios_family_arm_m3_TaskSupport_glue)
                  0002c340    00000010                   : BIOS.obj (.text:ti_sysbios_gates_GateMutex_Instance_finalize__E)
                  0002c350    00000010     release_pem4f.oem4f (.text:ti_sysbios_knl_Mailbox_Object__get__S)
                  0002c360    00000010     sysbios.aem4f : BIOS.obj (.text:ti_sysbios_knl_Semaphore_Instance_finalize__E)
                  0002c370    00000010                   : BIOS.obj (.text:ti_sysbios_knl_Swi_disable__E)
                  0002c380    00000010     release_pem4f.oem4f (.text:ti_sysbios_knl_Task_Object__get__S)
                  0002c390    00000010     sysbios.aem4f : BIOS.obj (.text:ti_sysbios_knl_Task_disable__E)
                  0002c3a0    00000010                   : BIOS.obj (.text:xdc_runtime_Memory_free__E)
                  0002c3b0    00000010                   : BIOS.obj (.text:xdc_runtime_SysCallback_abort__E)
                  0002c3c0    00000010                   : BIOS.obj (.text:xdc_runtime_SysCallback_exit__E)
                  0002c3d0    00000010                   : BIOS.obj (.text:xdc_runtime_SysCallback_putch__E)
                  0002c3e0    00000010                   : BIOS.obj (.text:xdc_runtime_SysCallback_ready__E)
                  0002c3f0    00000010                   : BIOS.obj (.text:xdc_runtime_System_vsnprintf__E)
                  0002c400    0000000e     msp432e4_driverlib.a : gpio_MSP432E411Y.obj (.text:GPIOIntDisable)
                  0002c40e    0000000e                          : gpio_MSP432E411Y.obj (.text:GPIOIntStatus)
                  0002c41c    0000000e     drivers_msp432e4.aem4f : RingBuf.oem4f (.text:RingBuf_isFull)
                  0002c42a    0000000e     sbl.obj (.text:SBL_close)
                  0002c438    0000000e     msp432e4_driverlib.a : timer_MSP432E411Y.obj (.text:TimerEnable)
                  0002c446    0000000e                          : uart_MSP432E411Y.obj (.text:UARTCharGetNonBlocking)
                  0002c454    0000000e                          : uart_MSP432E411Y.obj (.text:UARTCharPutNonBlocking)
                  0002c462    0000000e                          : uart_MSP432E411Y.obj (.text:UARTCharsAvail)
                  0002c470    0000000e     rtsv7M4_T_le_v4SPD16_eabi.lib : copy_decompress_none.c.obj (.text:decompress:none:__TI_decompress_none)
                  0002c47e    00000002     --HOLE-- [fill = 0]
                  0002c480    0000000e     sysbios.aem4f : BIOS.obj (.text:pthread_attr_setdetachstate)
                  0002c48e    00000002     --HOLE-- [fill = 0]
                  0002c490    0000000e                   : BIOS.obj (.text:sem_wait)
                  0002c49e    00000002     --HOLE-- [fill = 0]
                  0002c4a0    0000000e                   : BIOS.obj (.text:ti_sysbios_knl_Idle_loop__E)
                  0002c4ae    00000002     --HOLE-- [fill = 0]
                  0002c4b0    0000000e                   : BIOS.obj (.text:ti_sysbios_knl_Queue_empty__E)
                  0002c4be    0000000c     dpl_msp432e4.aem4f : ClockP_tirtos.oem4f (.text:ClockP_delete)
                  0002c4ca    0000000c     msp432e4_driverlib.a : gpio_MSP432E411Y.obj (.text:GPIOIntEnable)
                  0002c4d6    0000000c     dpl_msp432e4.aem4f : HwiP_tirtos.oem4f (.text:HwiP_delete)
                  0002c4e2    00000002     --HOLE-- [fill = 0]
                  0002c4e4    0000000c     sap_uart_pm_release.a : npi_ss_ble_sap.oem4f (.text:NPISS_BLE_SNP_init)
                  0002c4f0    0000000c     msp432e4_driverlib.a : pwm_MSP432E411Y.obj (.text:PWMGenDisable)
                  0002c4fc    0000000c                          : pwm_MSP432E411Y.obj (.text:PWMGenEnable)
                  0002c508    0000000c     project_zero.obj (.text:ProjectZero_processButtonServiceCB)
                  0002c514    0000000c     sbl_image_int.obj (.text:SBL_IMG_close)
                  0002c520    0000000c     sap_uart_pm_release.a : snp_rpc_synchro.oem4f (.text:SNP_enterCS)
                  0002c52c    0000000c                           : snp_rpc_synchro.oem4f (.text:SNP_exitCS)
                  0002c538    0000000c                           : snp_rpc_synchro.oem4f (.text:SNP_responseReceived)
                  0002c544    0000000c                           : snp_rpc_synchro.oem4f (.text:SNP_waitForResponse)
                  0002c550    0000000c     dpl_msp432e4.aem4f : SemaphoreP_tirtos.oem4f (.text:SemaphoreP_delete)
                  0002c55c    0000000c     msp432e4_driverlib.a : uart_MSP432E411Y.obj (.text:UARTFlowControlSet)
                  0002c568    0000000c                          : uart_MSP432E411Y.obj (.text:UARTTxIntModeSet)
                  0002c574    0000000c     rtsv7M4_T_le_v4SPD16_eabi.lib : _lock.c.obj (.text:_register_lock)
                  0002c580    0000000c                                   : _lock.c.obj (.text:_register_unlock)
                  0002c58c    0000000c                                   : copy_zero_init.c.obj (.text:decompress:ZI:__TI_zero_init)
                  0002c598    0000000c     sysbios.aem4f : BIOS.obj (.text:ti_sysbios_family_arm_lm4_Timer_getMaxTicks__E)
                  0002c5a4    0000000c     release_pem4f.oem4f (.text:ti_sysbios_family_arm_m3_Hwi_Params__init__S)
                  0002c5b0    0000000c     sysbios.aem4f : BIOS.obj (.text:ti_sysbios_family_arm_m3_Hwi_disableFxn__E)
                  0002c5bc    00000004     --HOLE-- [fill = 0]
                  0002c5c0    0000000c                   : BIOS.obj (.text:ti_sysbios_family_arm_m3_TaskSupport_getStackAlignment__E)
                  0002c5cc    00000004     --HOLE-- [fill = 0]
                  0002c5d0    0000000c                   : BIOS.obj (.text:ti_sysbios_gates_GateHwi_enter__E)
                  0002c5dc    0000000c     release_pem4f.oem4f (.text:ti_sysbios_knl_Clock_Params__init__S)
                  0002c5e8    0000000c     release_pem4f.oem4f (.text:ti_sysbios_knl_Queue_Object__get__S)
[...]
0002c031  GPIOMSP432E4_getGpioBaseAddr                                    
0002c045  GPIOMSP432E4_getPowerResourceId                                 
0002c06d  PWMClockSet                                                     
0002c081  PWM_Params_init                                                 
0002c095  SNP_RPC_registerSAPCBs                                          
0002c0bd  UARTEnable                                                      
0002c0d1  pthread_attr_setschedparam                                      
0002c0e5  strcpy                                                          
0002c0f9  strlen                                                          
0002c10d  ti_sysbios_family_arm_m3_Hwi_Object__get__S                     
0002c121  ti_sysbios_family_arm_m3_Hwi_switchFromBootStack__E             
0002c121  ti_sysbios_hal_Hwi_HwiProxy_switchFromBootStack__E              
0002c121  ti_sysbios_hal_Hwi_switchFromBootStack__E                       
0002c135  ti_sysbios_heaps_HeapMem_Object__get__S                         
0002c149  ti_sysbios_knl_Swi_Object__get__S                               
0002c15d  ti_sysbios_knl_Task_Object__first__S                            
0002c171  ti_sysbios_knl_Task_Object__next__S                             
0002c185  PWMOutputInvert                                                 
0002c197  PWMOutputState                                                  
0002c1a9  RingBuf_construct                                               
0002c1bb  SemaphoreP_pend                                                 
0002c1cd  TimerLoadSet                                                    
0002c1df  TimerPrescaleSet                                                
0002c203  GPIOPinWrite                                                    
0002c209  ti_sysbios_hal_Hwi_Module_startup__E                            
0002c21b  xdc_runtime_Startup_exec__I                                     
0002c22d  ti_sysbios_family_arm_msp432e4_init_Boot_init__I                
0002c22d  xdc_runtime_Startup_reset__I                                    
0002c23d  HwiP_Params_init                                                
0002c24d  NPITL_relLocReady                                               
0002c26d  PWMGenPeriodSet                                                 
0002c27d  PowerMSP432E4_sleepPolicy                                       
0002c2bd  SBL_TL_close                                                    
0002c2cd  SysCtlReset                                                     
0002c2dd  Timer_Params_init                                               
0002c301  ti_sysbios_BIOS_getCpuFreq__E                                   
0002c311  ti_sysbios_BIOS_setThreadType__E                                
0002c321  ti_sysbios_BIOS_start__E                                        
0002c331  ti_sysbios_family_arm_m3_TaskSupport_glue                       
0002c341  ti_sysbios_gates_GateMutex_Instance_finalize__E                 
0002c351  ti_sysbios_knl_Mailbox_Object__get__S                           
0002c361  ti_sysbios_knl_Semaphore_Instance_finalize__E                   
0002c371  ti_sysbios_knl_Swi_disable__E                                   
0002c381  ti_sysbios_knl_Task_Object__get__S                              
0002c391  ti_sysbios_knl_Task_disable__E                                  
0002c3a1  xdc_runtime_Memory_free__E                                      
0002c3b1  xdc_runtime_SysCallback_abort__E                                
0002c3b1  xdc_runtime_System_SupportProxy_abort__E                        
0002c3c1  xdc_runtime_SysCallback_exit__E                                 
0002c3c1  xdc_runtime_System_SupportProxy_exit__E                         
0002c3d1  xdc_runtime_SysCallback_putch__E                                
0002c3d1  xdc_runtime_System_SupportProxy_putch__E                        
0002c3e1  xdc_runtime_SysCallback_ready__E                                
0002c3e1  xdc_runtime_System_SupportProxy_ready__E                        
0002c3f1  xdc_runtime_System_vsnprintf__E                                 
0002c401  GPIOIntDisable                                                  
0002c40f  GPIOIntStatus                                                   
0002c41d  RingBuf_isFull                                                  
0002c42b  SBL_close                                                       
0002c439  TimerEnable                                                     
0002c447  UARTCharGetNonBlocking                                          
0002c455  UARTCharPutNonBlocking                                          
0002c463  UARTCharsAvail                                                  
0002c471  __TI_decompress_none                                            
0002c481  pthread_attr_setdetachstate                                     
0002c491  sem_wait                                                        
0002c4a1  ti_sysbios_knl_Idle_loop__E                                     
0002c4b1  ti_sysbios_knl_Queue_empty__E                                   
0002c4bf  ClockP_delete                                                   
0002c4cb  GPIOIntEnable                                                   
0002c4d7  HwiP_delete                                                     
0002c4e5  NPISS_BLE_SNP_init                                              
0002c4f1  PWMGenDisable                                                   
0002c4fd  PWMGenEnable                                                    
0002c515  SBL_IMG_close                                                   
0002c521  SNP_enterCS                                                     
0002c52d  SNP_exitCS                                                      
0002c539  SNP_responseReceived                                            
0002c545  SNP_waitForResponse                                             
0002c551  SemaphoreP_delete                                               
0002c55d  UARTFlowControlSet                                              
0002c569  UARTTxIntModeSet                                                
0002c575  _register_lock                                                  
0002c581  _register_unlock                                                
0002c58d  __TI_zero_init                                                  
0002c599  ti_sysbios_family_arm_lm4_Timer_getMaxTicks__E                  
0002c5a5  ti_sysbios_family_arm_m3_Hwi_Params__init__S                    
0002c5a5  ti_sysbios_hal_Hwi_HwiProxy_Params__init__S                     
0002c5b1  ti_sysbios_family_arm_m3_Hwi_disableFxn__E                      
0002c5b1  ti_sysbios_hal_Hwi_HwiProxy_disable__E                          
0002c5c1  ti_sysbios_family_arm_m3_TaskSupport_getStackAlignment__E       
0002c5c1  ti_sysbios_knl_Task_SupportProxy_getStackAlignment__E           
0002c5d1  ti_sysbios_gates_GateHwi_enter__E                               
0002c5dd  ti_sysbios_knl_Clock_Params__init__S                            
0002c5e9  ti_sysbios_knl_Queue_Object__get__S                             
0002c5f5  ti_sysbios_knl_Semaphore_Params__init__S                        
0002c601  ti_sysbios_knl_Task_Params__init__S                             
0002c611  ti_sysbios_knl_Task_self__E                                     
0002c621  ti_sysbios_rts_ti_ReentSupport_taskRegHook__I                   
0002c631  xdc_runtime_Startup_rtsDone__E                                  
0002c63d  ClockP_Params_init                                              
0002c647  NDK_hookInit                                                    
0002c651  PWM_setDuty                                                     
0002c65b  PWM_start                                                       
0002c665  TimerIntDisable                                                 
0002c66f  Timer_start                                                     
0002c679  Timer_stop                                                      
0002c683  UARTCharGet                                                     
0002c68d  UARTCharPut                                                     
0002c697  UARTIntDisable                                                  
0002c6a1  UARTIntStatus                                                   
0002c6ab  UART_close                                                      
0002c6b5  UART_control                                                    
0002c6bf  UART_read                                                       
0002c6c9  UART_readCancel                                                 
0002c6d3  UART_write                                                      
0002c6e1  sem_destroy                                                     
0002c6eb  PWMMSP432E4_control                                             
0002c6f1  sem_post                                                        
0002c6fb  xdc_runtime_Memory_HeapProxy_alloc__E                           
0002c705  xdc_runtime_Memory_HeapProxy_free__E                            
0002c70f  MCU_rebootDevice                                                
0002c717  SemaphoreP_Params_init                                          
0002c71f  TimerIntEnable                                                  
0002c727  UARTBusy                                                        
0002c72f  UARTIntEnable                                                   
0002c737  UARTRxErrorGet                                                  
0002c741  pthread_attr_setstacksize                                       
0002c749  pthread_cond_wait                                               
0002c751  pthread_mutex_lock                                              
0002c761  ti_sysbios_family_arm_lm4_Timer_masterDisable__I                
0002c769  ti_sysbios_family_arm_m3_Hwi_doSwiRestore__I                    
0002c771  ti_sysbios_family_arm_m3_Hwi_startup__E                         
0002c771  ti_sysbios_hal_Hwi_HwiProxy_startup__E                          
0002c771  ti_sysbios_hal_Hwi_startup__E                                   
0002c781  TimerMSP432E4_control                                           
0002c787  UARTFIFOLevelSet                                                
0002c78d  UARTRxErrorClear                                                
0002c799  ti_sysbios_family_arm_m3_Hwi_doTaskRestore__I                   
0002c7a1  HwiP_restore                                                    
0002c7a1  ti_sysbios_family_arm_m3_Hwi_restoreFxn__E                      
0002c7a1  ti_sysbios_hal_Hwi_HwiProxy_restore__E                          
0002c7a9  ti_sysbios_gates_GateHwi_leave__E                               
0002c7b1  ti_sysbios_heaps_HeapMem_isBlocking__E                          
0002c7b9  ti_sysbios_knl_Clock_stop__E                                    
0002c7c1  ti_sysbios_knl_Queue_Instance_init__E                           
0002c7c9  ti_sysbios_knl_Swi_startup__E                                   
0002c7d1  xdc_runtime_System_Module_startup__E                            
0002c7d9  ti_sysbios_gates_GateHwi_query__E                               
0002c7d9  xdc_runtime_Main_Module_GateProxy_query__E                      
0002c7d9  xdc_runtime_System_Module_GateProxy_query__E                    
0002c7e1  ti_sysbios_BIOS_RtsGateProxy_query__E                           
0002c7e1  ti_sysbios_gates_GateMutex_query__E                             
0002c7e1  ti_sysbios_heaps_HeapMem_Module_GateProxy_query__E              
0002c7e9  ti_sysbios_knl_Clock_setTimeout__E                              
0002c7f1  ti_sysbios_knl_Task_startup__E                                  
0002c7f9  xdc_runtime_SysCallback_defaultReady                            
0002c801  ti_sysbios_BIOS_linkedWithIncorrectBootLibrary__E               
0002c809  ti_sysbios_gates_GateHwi_Instance_init__E                       
0002c811  ti_sysbios_knl_Clock_logTick__E                                 
0002c819  xdc_runtime_SysCallback_defaultAbort                            
0002c821  xdc_runtime_SysCallback_defaultExit                             
0002c829  xdc_runtime_SysCallback_defaultPutch                            
0002c831  xdc_runtime_System_abortSpin__E                                 
0002c839  xdc_runtime_System_exitSpin__E                                  
0002c840  __TI_static_base__                                              
0002cc08  __TI_Handler_Table_Base                                         
0002cc14  __TI_Handler_Table_Limit                                        
0002cc20  __TI_CINIT_Base                                                 
0002cc30  __TI_CINIT_Limit                                                
20000000  __start___llvm_prf_cnts                                         
20000000  __stop___llvm_prf_cnts                                          
20000000  ti_sysbios_family_arm_m3_Hwi_ramVectors                         
20000360  __primary_heap_start__                                          
20020360  __primary_heap_end__                                            
20020760  ti_sysbios_family_arm_m3_Hwi_dispatchTable                      
20020ac0  ti_sysbios_knl_Task_Instance_State_0_stack__A                   
20020cc0  uartMSP432E4Objects                                             
20020d88  timerMSP432E4Objects                                            
20020eb4  uartMSP432E4RingBuffer                                          
20020f20  queueLock                                                       
20020fc4  HostToSSTable                                                   
20021038  syncReq_sem                                                     
20021054  waitRsp_sem                                                     
200210c8  queueNotEmpty                                                   
200210e4  displayUartObject                                               
200210f0  pwmMSP432E4Objects                                              
200210fc  npiRetMsg                                                       
20021104  taskCBs                                                         
2002110c  ti_sysbios_knl_Task_Instance_State_0_hookEnv__A                 
20021128  ClockP_tickPeriod                                               
2002112c  coordQueue                                                      
20021130  displayOut                                                      
20021134  npiRxBuf                                                        
20021138  npiTaskHandle                                                   
2002113c  npiTxBuf                                                        
20021140  sblUartHandle                                                   
20021144  thread                                                          
20021149  projectZeroState                                                
2002114c  PowerMSP432E4_module                                            
20021344  ti_sysbios_knl_Swi_Module_State_0_readyQ__A                     
200213c4  ti_sysbios_knl_Task_Module_State_0_readyQ__A                    
20021444  ti_sysbios_knl_Task_Object__table__V                            
200214a0  ti_sysbios_gates_GateMutex_Object__table__V                     
200214f4  ti_sysbios_knl_Task_Module__state__V                            
200215bc  ti_sysbios_family_arm_lm4_Timer_Module_State_0_device__A        
200215fc  ti_sysbios_family_arm_lm4_Timer_Object__table__V                
20021670  ti_sysbios_family_arm_m3_Hwi_Module__state__V                   
200216a4  gpioPinConfigs                                                  
200216d4  ti_sysbios_knl_Swi_Object__table__V                             
20021704  ti_sysbios_knl_Clock_Module__state__V                           
20021780  ti_sysbios_BIOS_Module__state__V                                
200217c4  ti_sysbios_family_arm_lm4_Timer_Module_State_0_handles__A       
200217e4  xdc_runtime_Error_IgnoreBlock                                   
20021816  npiBufSize                                                      
20021820  ti_sysbios_knl_Swi_Module__state__V                             
2002183c  ti_sysbios_family_arm_m3_Hwi_Object__table__V                   
20021854  ti_sysbios_heaps_HeapMem_Object__table__V                       
20021934  gpioCallbackFunctions                                           
20021954  ti_sysbios_family_arm_lm4_Seconds_Module__state__V              
20021974  eventCBListRoot                                                 
20021978  asyncCBListRoot                                                 
2002197c  serviceListRoot                                                 
20021980  SAP_isConnected                                                 
20021982  ti_sysbios_family_arm_m3_Hwi_Module_State_0_excActive__A        
20021984  SNP_NumConns                                                    
20021988  SNP_eventCB                                                     
2002198c  SNP_asyncCB                                                     
20021990  ti_sysbios_family_arm_lm4_Timer_Module__state__V                
200219bc  _lock                                                           
200219c0  _unlock                                                         
200219dc  ProjectZero_ButtonServiceCBs                                    
200219e4  ProjectZero_DataServiceCBs                                      
200219ec  ProjectZero_LEDServiceCBs                                       
20021a04  rstPIN                                                          
20021a08  blPIN                                                           
20021a0c  ti_sysbios_family_arm_m3_Hwi_Module__root__V                    
20021a14  ti_sysbios_gates_GateHwi_Module__root__V                        
20021a1c  ti_sysbios_gates_GateMutex_Module__root__V                      
20021a24  ti_sysbios_heaps_HeapMem_Module__root__V                        
20021a2c  ti_sysbios_knl_Clock_Module__root__V                            
20021a34  ti_sysbios_knl_Mailbox_Module__root__V                          
20021a3c  ti_sysbios_knl_Queue_Module__root__V                            
20021a44  ti_sysbios_knl_Semaphore_Module__root__V                        
20021a4c  ti_sysbios_knl_Task_Module__root__V                             
20021a54  xdc_runtime_Startup_Module__state__V                            
20021a5c  xdc_runtime_System_Module_State_0_atexitHandlers__A             
20021a64  xdc_runtime_System_Module__state__V                             
20021a84  main_func_sp                                                    
20021a88  ti_sysbios_family_arm_m3_Hwi_Module_State_0_excContext__A       
20021a8c  ti_sysbios_family_arm_m3_Hwi_Module_State_0_excStack__A         
20021a90  ti_sysbios_gates_GateHwi_Object__table__V                       
20021a94  ti_sysbios_knl_Task_Module_State_0_idleTask__A                  
20021a98  ti_sysbios_rts_ti_ReentSupport_Module__state__V                 
20021a9c  xdc_runtime_Memory_Module__state__V                             
2003fc00  __stack                                                         
20040000  __STACK_END                                                     
e000e000  ti_sysbios_family_arm_m3_Hwi_nvic                               
ffffffff  __TI_pprof_out_hndl                                             
ffffffff  __TI_prof_data_size                                             
ffffffff  __TI_prof_data_start                                            
ffffffff  __binit__                                                       
ffffffff  __c_args__                                                      
ffffffff  binit                                                           
UNDEFED   SHT$$INIT_ARRAY$$Base                                           
UNDEFED   SHT$$INIT_ARRAY$$Limit                                          

[848 symbols]
